../drivers/fsl_clock.h:438:20:CLOCK_EnableClock	24	static
../drivers/fsl_clock.h:449:20:CLOCK_DisableClock	24	static
../drivers/fsl_tpm.h:485:23:TPM_GetChannelContorlBits	16	static
../drivers/fsl_tpm.h:499:20:TPM_DisableChannel	16	static
../drivers/fsl_tpm.h:521:20:TPM_EnableChannel	16	static
../drivers/fsl_tpm.c:48:17:TPM_GetInstance	24	static
../drivers/fsl_tpm.c:75:6:TPM_Init	16	static
../drivers/fsl_tpm.c:122:6:TPM_Deinit	16	static
../drivers/fsl_tpm.c:164:6:TPM_GetDefaultConfig	16	static
../drivers/fsl_tpm.c:216:22:TPM_CalculateCounterClkDiv	32	static
../drivers/fsl_tpm.c:247:10:TPM_SetupPwm	64	static
../drivers/fsl_tpm.c:477:10:TPM_UpdatePwmDutycycle	40	static
../drivers/fsl_tpm.c:595:6:TPM_UpdateChnlEdgeLevelSelect	32	static
../drivers/fsl_tpm.c:623:6:TPM_SetupInputCapture	16	static
../drivers/fsl_tpm.c:667:6:TPM_SetupOutputCompare	32	static
../drivers/fsl_tpm.c:869:6:TPM_EnableInterrupts	24	static
../drivers/fsl_tpm.c:899:6:TPM_DisableInterrupts	24	static
../drivers/fsl_tpm.c:930:10:TPM_GetEnabledInterrupts	32	static
