/home/pedrobotelho15/Área de Trabalho/Projetos com K32L2B3/PWM_Practices/CMSIS/core_cm0plus.h:741:22:__NVIC_EnableIRQ	16	static
../drivers/fsl_clock.h:438:20:CLOCK_EnableClock	24	static
../drivers/fsl_clock.h:449:20:CLOCK_DisableClock	24	static
../drivers/fsl_common_arm.h:499:24:EnableIRQ	24	static
../drivers/fsl_common_arm.h:579:24:DisableGlobalIRQ	16	static
../drivers/fsl_common_arm.h:606:20:EnableGlobalIRQ	24	static
../drivers/fsl_lpuart.c:110:10:LPUART_GetInstance	24	static
../drivers/fsl_lpuart.c:134:8:LPUART_TransferGetRxRingBufferLength	32	static
../drivers/fsl_lpuart.c:155:13:LPUART_TransferIsRxRingBufferFull	24	static
../drivers/fsl_lpuart.c:172:13:LPUART_WriteNonBlocking	32	static
../drivers/fsl_lpuart.c:186:13:LPUART_ReadNonBlocking	32	static
../drivers/fsl_lpuart.c:240:10:LPUART_Init	56	static
../drivers/fsl_lpuart.c:452:6:LPUART_Deinit	24	static
../drivers/fsl_lpuart.c:516:6:LPUART_GetDefaultConfig	16	static
../drivers/fsl_lpuart.c:561:10:LPUART_SetBaudRate	56	static
../drivers/fsl_lpuart.c:649:6:LPUART_Enable9bitMode	24	static
../drivers/fsl_lpuart.c:683:6:LPUART_SendAddress	24	static
../drivers/fsl_lpuart.c:705:6:LPUART_EnableInterrupts	24	static
../drivers/fsl_lpuart.c:747:6:LPUART_DisableInterrupts	24	static
../drivers/fsl_lpuart.c:795:10:LPUART_GetEnabledInterrupts	24	static
../drivers/fsl_lpuart.c:833:10:LPUART_GetStatusFlags	24	static
../drivers/fsl_lpuart.c:866:10:LPUART_ClearStatusFlags	24	static
../drivers/fsl_lpuart.c:916:10:LPUART_WriteBlocking	32	static
../drivers/fsl_lpuart.c:981:10:LPUART_ReadBlocking	40	static
../drivers/fsl_lpuart.c:1100:6:LPUART_TransferCreateHandle	32	static
../drivers/fsl_lpuart.c:1165:6:LPUART_TransferStartRingBuffer	32	static
../drivers/fsl_lpuart.c:1194:6:LPUART_TransferStopRingBuffer	24	static
../drivers/fsl_lpuart.c:1232:10:LPUART_TransferSendNonBlocking	32	static
../drivers/fsl_lpuart.c:1275:6:LPUART_TransferAbortSend	24	static
../drivers/fsl_lpuart.c:1300:10:LPUART_TransferGetSendCount	32	static
../drivers/fsl_lpuart.c:1358:10:LPUART_TransferReceiveNonBlocking	56	static
../drivers/fsl_lpuart.c:1497:6:LPUART_TransferAbortReceive	24	static
../drivers/fsl_lpuart.c:1528:10:LPUART_TransferGetReceiveCount	32	static
../drivers/fsl_lpuart.c:1556:6:LPUART_TransferHandleIRQ	56	static
../drivers/fsl_lpuart.c:1809:6:LPUART_TransferHandleErrorIRQ	16	static
../drivers/fsl_lpuart.c:1878:6:LPUART0_DriverIRQHandler	8	static
../drivers/fsl_lpuart.c:1904:6:LPUART1_DriverIRQHandler	8	static
