Archive member included to satisfy reference by file (symbol)

/usr/local/mcuxpressoide-11.5.1_7266/ide/plugins/com.nxp.mcuxpresso.tools.linux_11.5.1.202201181444/tools/bin/../lib/gcc/arm-none-eabi/10.3.1/../../../../arm-none-eabi/lib/thumb/v6-m/nofp/libcr_semihost_nf.a(_cr__main.o)
                              ./startup/startup_k32l2b31a.o (__main)
/usr/local/mcuxpressoide-11.5.1_7266/ide/plugins/com.nxp.mcuxpresso.tools.linux_11.5.1.202201181444/tools/bin/../lib/gcc/arm-none-eabi/10.3.1/../../../../arm-none-eabi/lib/thumb/v6-m/nofp/libcr_semihost_nf.a(_cr_assert.o)
                              ./drivers/fsl_clock.o (__assertion_failed)
/usr/local/mcuxpressoide-11.5.1_7266/ide/plugins/com.nxp.mcuxpresso.tools.linux_11.5.1.202201181444/tools/bin/../lib/gcc/arm-none-eabi/10.3.1/../../../../arm-none-eabi/lib/thumb/v6-m/nofp/libcr_semihost_nf.a(__ciob.o)
                              /usr/local/mcuxpressoide-11.5.1_7266/ide/plugins/com.nxp.mcuxpresso.tools.linux_11.5.1.202201181444/tools/bin/../lib/gcc/arm-none-eabi/10.3.1/../../../../arm-none-eabi/lib/thumb/v6-m/nofp/libcr_semihost_nf.a(_cr_assert.o) (__Ciob)
/usr/local/mcuxpressoide-11.5.1_7266/ide/plugins/com.nxp.mcuxpresso.tools.linux_11.5.1.202201181444/tools/bin/../lib/gcc/arm-none-eabi/10.3.1/../../../../arm-none-eabi/lib/thumb/v6-m/nofp/libcr_semihost_nf.a(__sys_appexit.o)
                              /usr/local/mcuxpressoide-11.5.1_7266/ide/plugins/com.nxp.mcuxpresso.tools.linux_11.5.1.202201181444/tools/bin/../lib/gcc/arm-none-eabi/10.3.1/../../../../arm-none-eabi/lib/thumb/v6-m/nofp/libcr_semihost_nf.a(_cr_assert.o) (__sys_appexit)
/usr/local/mcuxpressoide-11.5.1_7266/ide/plugins/com.nxp.mcuxpresso.tools.linux_11.5.1.202201181444/tools/bin/../lib/gcc/arm-none-eabi/10.3.1/../../../../arm-none-eabi/lib/thumb/v6-m/nofp/libcr_c.a(memcpy.o)
                              ./utilities/fsl_str.o (memcpy)
/usr/local/mcuxpressoide-11.5.1_7266/ide/plugins/com.nxp.mcuxpresso.tools.linux_11.5.1.202201181444/tools/bin/../lib/gcc/arm-none-eabi/10.3.1/../../../../arm-none-eabi/lib/thumb/v6-m/nofp/libcr_c.a(memset.o)
                              ./drivers/fsl_lpuart.o (memset)
/usr/local/mcuxpressoide-11.5.1_7266/ide/plugins/com.nxp.mcuxpresso.tools.linux_11.5.1.202201181444/tools/bin/../lib/gcc/arm-none-eabi/10.3.1/../../../../arm-none-eabi/lib/thumb/v6-m/nofp/libcr_c.a(_deferredlazyseek.o)
                              /usr/local/mcuxpressoide-11.5.1_7266/ide/plugins/com.nxp.mcuxpresso.tools.linux_11.5.1.202201181444/tools/bin/../lib/gcc/arm-none-eabi/10.3.1/../../../../arm-none-eabi/lib/thumb/v6-m/nofp/libcr_semihost_nf.a(_cr_assert.o) (__flsbuf)
/usr/local/mcuxpressoide-11.5.1_7266/ide/plugins/com.nxp.mcuxpresso.tools.linux_11.5.1.202201181444/tools/bin/../lib/gcc/arm-none-eabi/10.3.1/../../../../arm-none-eabi/lib/thumb/v6-m/nofp/libcr_c.a(_fflush.o)
                              /usr/local/mcuxpressoide-11.5.1_7266/ide/plugins/com.nxp.mcuxpresso.tools.linux_11.5.1.202201181444/tools/bin/../lib/gcc/arm-none-eabi/10.3.1/../../../../arm-none-eabi/lib/thumb/v6-m/nofp/libcr_c.a(_deferredlazyseek.o) (_fflush)
/usr/local/mcuxpressoide-11.5.1_7266/ide/plugins/com.nxp.mcuxpresso.tools.linux_11.5.1.202201181444/tools/bin/../lib/gcc/arm-none-eabi/10.3.1/../../../../arm-none-eabi/lib/thumb/v6-m/nofp/libcr_c.a(_writebuf.o)
                              /usr/local/mcuxpressoide-11.5.1_7266/ide/plugins/com.nxp.mcuxpresso.tools.linux_11.5.1.202201181444/tools/bin/../lib/gcc/arm-none-eabi/10.3.1/../../../../arm-none-eabi/lib/thumb/v6-m/nofp/libcr_c.a(_deferredlazyseek.o) (_Cwritebuf)
/usr/local/mcuxpressoide-11.5.1_7266/ide/plugins/com.nxp.mcuxpresso.tools.linux_11.5.1.202201181444/tools/bin/../lib/gcc/arm-none-eabi/10.3.1/../../../../arm-none-eabi/lib/thumb/v6-m/nofp/libcr_c.a(alloc.o)
                              ./drivers/fsl_common.o (malloc)
/usr/local/mcuxpressoide-11.5.1_7266/ide/plugins/com.nxp.mcuxpresso.tools.linux_11.5.1.202201181444/tools/bin/../lib/gcc/arm-none-eabi/10.3.1/../../../../arm-none-eabi/lib/thumb/v6-m/nofp/libcr_c.a(errno.o)
                              ./utilities/fsl_str.o (errno)
/usr/local/mcuxpressoide-11.5.1_7266/ide/plugins/com.nxp.mcuxpresso.tools.linux_11.5.1.202201181444/tools/bin/../lib/gcc/arm-none-eabi/10.3.1/../../../../arm-none-eabi/lib/thumb/v6-m/nofp/libcr_c.a(fputs.o)
                              /usr/local/mcuxpressoide-11.5.1_7266/ide/plugins/com.nxp.mcuxpresso.tools.linux_11.5.1.202201181444/tools/bin/../lib/gcc/arm-none-eabi/10.3.1/../../../../arm-none-eabi/lib/thumb/v6-m/nofp/libcr_semihost_nf.a(_cr_assert.o) (fputs)
/usr/local/mcuxpressoide-11.5.1_7266/ide/plugins/com.nxp.mcuxpresso.tools.linux_11.5.1.202201181444/tools/bin/../lib/gcc/arm-none-eabi/10.3.1/../../../../arm-none-eabi/lib/thumb/v6-m/nofp/libcr_c.a(fseek.o)
[...]
Memory Configuration

Name             Origin             Length             Attributes
PROGRAM_FLASH    0x0000000000000000 0x0000000000040000 xr
SRAM             0x000000001fffe000 0x0000000000008000 xrw
*default*        0x0000000000000000 0xffffffffffffffff

Linker script and memory map

LOAD ./utilities/fsl_debug_console.o
LOAD ./utilities/fsl_str.o
LOAD ./startup/startup_k32l2b31a.o
LOAD ./source/k32l2b3/adc.o
LOAD ./source/k32l2b3/buzzer.o
LOAD ./source/k32l2b3/clock.o
LOAD ./source/k32l2b3/common.o
LOAD ./source/k32l2b3/delay.o
LOAD ./source/k32l2b3/drivers.o
LOAD ./source/k32l2b3/gpio.o
LOAD ./source/k32l2b3/lcd.o
LOAD ./source/k32l2b3/port.o
LOAD ./source/k32l2b3/servo.o
LOAD ./source/k32l2b3/systick.o
LOAD ./source/k32l2b3/tpm.o
LOAD ./source/buzzerFunnyMelody.o
LOAD ./source/buzzerImperialMarch.o
LOAD ./source/dualLedPwm.o
LOAD ./source/ledPwm.o
LOAD ./source/mtb.o
LOAD ./source/semihost_hardfault.o
LOAD ./source/servoRotation.o
LOAD ./source/servoRotationButton.o
LOAD ./source/servoRotationButtonsDefault.o
LOAD ./drivers/fsl_clock.o
LOAD ./drivers/fsl_common.o
LOAD ./drivers/fsl_common_arm.o
LOAD ./drivers/fsl_gpio.o
LOAD ./drivers/fsl_lpuart.o
LOAD ./drivers/fsl_smc.o
LOAD ./drivers/fsl_tpm.o
LOAD ./device/system_K32L2B31A.o
LOAD ./component/uart/fsl_adapter_lpuart.o
LOAD ./component/serial_manager/fsl_component_serial_manager.o
LOAD ./component/serial_manager/fsl_component_serial_port_uart.o
LOAD ./component/lists/fsl_component_generic_list.o
LOAD ./board/board.o
LOAD ./board/clock_config.o
LOAD ./board/peripherals.o
LOAD ./board/pin_mux.o
START GROUP
LOAD /usr/local/mcuxpressoide-11.5.1_7266/ide/plugins/com.nxp.mcuxpresso.tools.linux_11.5.1.202201181444/tools/bin/../lib/gcc/arm-none-eabi/10.3.1/../../../../arm-none-eabi/lib/thumb/v6-m/nofp/libcr_semihost_nf.a
LOAD /usr/local/mcuxpressoide-11.5.1_7266/ide/plugins/com.nxp.mcuxpresso.tools.linux_11.5.1.202201181444/tools/bin/../lib/gcc/arm-none-eabi/10.3.1/../../../../arm-none-eabi/lib/thumb/v6-m/nofp/libcr_c.a
LOAD /usr/local/mcuxpressoide-11.5.1_7266/ide/plugins/com.nxp.mcuxpresso.tools.linux_11.5.1.202201181444/tools/bin/../lib/gcc/arm-none-eabi/10.3.1/thumb/v6-m/nofp/libcr_eabihelpers.a
LOAD /usr/local/mcuxpressoide-11.5.1_7266/ide/plugins/com.nxp.mcuxpresso.tools.linux_11.5.1.202201181444/tools/bin/../lib/gcc/arm-none-eabi/10.3.1/thumb/v6-m/nofp/libgcc.a
END GROUP
                0x0000000000000000                __base_PROGRAM_FLASH = 0x0
                0x0000000000000000                __base_Flash = 0x0
                0x0000000000040000                __top_PROGRAM_FLASH = 0x40000
                0x0000000000040000                __top_Flash = 0x40000
                0x000000001fffe000                __base_SRAM = 0x1fffe000
                0x000000001fffe000                __base_RAM = 0x1fffe000
                0x0000000020006000                __top_SRAM = 0x20006000
                0x0000000020006000                __top_RAM = 0x20006000

.text           0x0000000000000000     0x2928
 FILL mask 0xff
                0x0000000000000000                __vectors_start__ = ABSOLUTE (.)
 *(SORT_BY_ALIGNMENT(.isr_vector))
 .isr_vector    0x0000000000000000       0xc0 ./startup/startup_k32l2b31a.o
                0x0000000000000000                __Vectors
                0x0000000000000000                g_pfnVectors
                0x00000000000000c0                . = ALIGN (0x4)
                0x00000000000000c0                __section_table_start = .
                0x00000000000000c0                __data_section_table = .
                0x00000000000000c0        0x4 LONG 0x2928 LOADADDR (.data)
                0x00000000000000c4        0x4 LONG 0x1fffe080 ADDR (.data)
                0x00000000000000c8        0x4 LONG 0x34 SIZEOF (.data)
                0x00000000000000cc                __data_section_table_end = .
                0x00000000000000cc                __bss_section_table = .
                0x00000000000000cc        0x4 LONG 0x1fffe0b4 ADDR (.bss)
                0x00000000000000d0        0x4 LONG 0x120 SIZEOF (.bss)
                0x00000000000000d4                __bss_section_table_end = .
                0x00000000000000d4                __section_table_end = .
 *(SORT_BY_ALIGNMENT(.after_vectors*))
 .after_vectors.reset
                0x00000000000000d4       0x4c ./startup/startup_k32l2b31a.o
                0x00000000000000d4                ResetISR
 .after_vectors.init_data
                0x0000000000000120       0x12 ./startup/startup_k32l2b31a.o
                0x0000000000000120                data_init
 .after_vectors.init_bss
                0x0000000000000132       0x10 ./startup/startup_k32l2b31a.o
                0x0000000000000132                bss_init
 .after_vectors
                0x0000000000000142      0x10c ./startup/startup_k32l2b31a.o
                0x0000000000000142                NMI_Handler
                0x0000000000000146                SVC_Handler
                0x0000000000000148                PendSV_Handler
                0x000000000000014a                SysTick_Handler
                0x000000000000014c                PMC_DriverIRQHandler
                0x000000000000014c                PIT_DriverIRQHandler
                0x000000000000014c                Reserved39_DriverIRQHandler
                0x000000000000014c                DMA0_DriverIRQHandler
                0x000000000000014c                Reserved42_DriverIRQHandler
                0x000000000000014c                SPI1_DriverIRQHandler
                0x000000000000014c                LPTMR0_DriverIRQHandler
                0x000000000000014c                PORTC_PORTD_DriverIRQHandler
                0x000000000000014c                TPM2_DriverIRQHandler
                0x000000000000014c                RTC_Seconds_DriverIRQHandler
                0x000000000000014c                LLWU_DriverIRQHandler
                0x000000000000014c                FTFA_DriverIRQHandler
                0x000000000000014c                IntDefaultHandler
                0x000000000000014c                USB0_DriverIRQHandler
                0x000000000000014c                DAC0_DriverIRQHandler
                0x000000000000014c                TPM0_DriverIRQHandler
                0x000000000000014c                Reserved20_DriverIRQHandler
                0x000000000000014c                DMA3_DriverIRQHandler
                0x000000000000014c                UART2_FLEXIO_DriverIRQHandler
                0x000000000000014c                PORTA_DriverIRQHandler
                0x000000000000014c                TPM1_DriverIRQHandler
                0x000000000000014c                RTC_DriverIRQHandler
                0x000000000000014c                LCD_DriverIRQHandler
                0x000000000000014c                DMA1_DriverIRQHandler
                0x000000000000014c                I2C1_DriverIRQHandler
                0x000000000000014c                SPI0_DriverIRQHandler
                0x000000000000014c                ADC0_DriverIRQHandler
                0x000000000000014c                CMP0_DriverIRQHandler
                0x000000000000014c                DMA2_DriverIRQHandler
                0x000000000000014c                Reserved43_DriverIRQHandler
                0x000000000000014c                I2C0_DriverIRQHandler
                0x000000000000014e                DMA0_IRQHandler
                0x0000000000000156                DMA1_IRQHandler
                0x000000000000015e                DMA2_IRQHandler
                0x0000000000000166                DMA3_IRQHandler
                0x000000000000016e                Reserved20_IRQHandler
                0x0000000000000176                FTFA_IRQHandler
                0x000000000000017e                PMC_IRQHandler
                0x0000000000000186                LLWU_IRQHandler
                0x000000000000018e                I2C0_IRQHandler
                0x0000000000000196                I2C1_IRQHandler
                0x000000000000019e                SPI0_IRQHandler
                0x00000000000001a6                SPI1_IRQHandler
                0x00000000000001ae                LPUART0_IRQHandler
                0x00000000000001b6                LPUART1_IRQHandler
                0x00000000000001be                UART2_FLEXIO_IRQHandler
                0x00000000000001c6                ADC0_IRQHandler
                0x00000000000001ce                CMP0_IRQHandler
                0x00000000000001d6                TPM0_IRQHandler
                0x00000000000001de                TPM1_IRQHandler
                0x00000000000001e6                TPM2_IRQHandler
                0x00000000000001ee                RTC_IRQHandler
                0x00000000000001f6                RTC_Seconds_IRQHandler
                0x00000000000001fe                PIT_IRQHandler
                0x0000000000000206                Reserved39_IRQHandler
                0x000000000000020e                USB0_IRQHandler
                0x0000000000000216                DAC0_IRQHandler
                0x000000000000021e                Reserved42_IRQHandler
                0x0000000000000226                Reserved43_IRQHandler
                0x000000000000022e                LPTMR0_IRQHandler
                0x0000000000000236                LCD_IRQHandler
                0x0000000000000400                . = 0x400
 *fill*         0x000000000000024e      0x1b2 ff
                0x0000000000000400                PROVIDE (__FLASH_CONFIG_START__ = .)
 *(SORT_BY_ALIGNMENT(.FlashConfig))
 .FlashConfig   0x0000000000000400       0x10 ./startup/startup_k32l2b31a.o
                0x0000000000000400                Flash_Config
                0x0000000000000410                PROVIDE (__FLASH_CONFIG_END__ = .)
                0x0000000000000001                ASSERT (! ((__FLASH_CONFIG_START__ == __FLASH_CONFIG_END__)), Linker Flash Config Support Enabled, but no .FlashConfig section provided within application)
 *(SORT_BY_ALIGNMENT(.text*))
 .text.clkEnablePeripheralClock
                0x0000000000000410       0x68 ./source/k32l2b3/clock.o
                0x0000000000000410                clkEnablePeripheralClock
 .text.clkEnableClock
                0x0000000000000478       0xc4 ./source/k32l2b3/clock.o
                0x0000000000000478                clkEnableClock
 .text.clkSetMainClock
                0x000000000000053c       0xd4 ./source/k32l2b3/clock.o
                0x000000000000053c                clkSetMainClock
 .text.clkGetMainClock
                0x0000000000000610       0xbc ./source/k32l2b3/clock.o
                0x0000000000000610                clkGetMainClock
 .text.clkGetERClock
                0x00000000000006cc       0x38 ./source/k32l2b3/clock.o
                0x00000000000006cc                clkGetERClock
 .text.clkGetIRClock
                0x0000000000000704       0x3c ./source/k32l2b3/clock.o
                0x0000000000000704                clkGetIRClock
 .text.delay_us
                0x0000000000000740       0x50 ./source/k32l2b3/delay.o
                0x0000000000000740                delay_us
 .text.gpioPinInit
                0x0000000000000790       0x90 ./source/k32l2b3/gpio.o
                0x0000000000000790                gpioPinInit
 .text.gpioPinRead
                0x0000000000000820       0x4c ./source/k32l2b3/gpio.o
                0x0000000000000820                gpioPinRead
 .text.portSetPinMux
                0x000000000000086c       0xb4 ./source/k32l2b3/port.o
                0x000000000000086c                portSetPinMux
 .text.portConfigInterrupt
                0x0000000000000920       0xb8 ./source/k32l2b3/port.o
                0x0000000000000920                portConfigInterrupt
 .text.portGetPinPort
                0x00000000000009d8       0x38 ./source/k32l2b3/port.o
                0x00000000000009d8                portGetPinPort
 .text.servoInitModule
                0x0000000000000a10      0x104 ./source/k32l2b3/servo.o
                0x0000000000000a10                servoInitModule
 .text.servoWrite
                0x0000000000000b14       0xb0 ./source/k32l2b3/servo.o
                0x0000000000000b14                servoWrite
 .text.servoGetMinimumValue
                0x0000000000000bc4       0x3c ./source/k32l2b3/servo.o
                0x0000000000000bc4                servoGetMinimumValue
 .text.servoGetMaximumValue
                0x0000000000000c00       0x3c ./source/k32l2b3/servo.o
                0x0000000000000c00                servoGetMaximumValue
 .text.tpmInitModule
                0x0000000000000c3c       0x88 ./source/k32l2b3/tpm.o
                0x0000000000000c3c                tpmInitModule
 .text.tpmGetSourceClock
                0x0000000000000cc4       0x80 ./source/k32l2b3/tpm.o
                0x0000000000000cc4                tpmGetSourceClock
 .text.tpmGetTpmModule
                0x0000000000000d44       0x2c ./source/k32l2b3/tpm.o
                0x0000000000000d44                tpmGetTpmModule
 .text.HardFault_Handler
                0x0000000000000d70       0x30 ./source/semihost_hardfault.o
                0x0000000000000d70                HardFault_Handler
 .text.PORTC_PORTD_IRQHandler
                0x0000000000000da0       0x78 ./source/servoRotationButton.o
                0x0000000000000da0                PORTC_PORTD_IRQHandler
 .text.PORTA_IRQHandler
                0x0000000000000e18       0x78 ./source/servoRotationButton.o
                0x0000000000000e18                PORTA_IRQHandler
 .text.initServoComponent
                0x0000000000000e90       0x5c ./source/servoRotationButton.o
                0x0000000000000e90                initServoComponent
 .text.initButtonComponents
                0x0000000000000eec       0x64 ./source/servoRotationButton.o
                0x0000000000000eec                initButtonComponents
 .text.LPUART0_DriverIRQHandler
                0x0000000000000f50       0x24 ./drivers/fsl_lpuart.o
                0x0000000000000f50                LPUART0_DriverIRQHandler
 .text.LPUART1_DriverIRQHandler
                0x0000000000000f74       0x24 ./drivers/fsl_lpuart.o
                0x0000000000000f74                LPUART1_DriverIRQHandler
 .text.SystemInit
                0x0000000000000f98       0x40 ./device/system_K32L2B31A.o
                0x0000000000000f98                SystemInit
 .text.__NVIC_DisableIRQ
                0x0000000000000fd8       0x44 ./board/board.o
 .text.__NVIC_ClearPendingIRQ
                0x000000000000101c       0x38 ./board/board.o
 .text._deferredlazyseek
                0x0000000000001054       0x40 /usr/local/mcuxpressoide-11.5.1_7266/ide/plugins/com.nxp.mcuxpresso.tools.linux_11.5.1.202201181444/tools/bin/../lib/gcc/arm-none-eabi/10.3.1/../../../../arm-none-eabi/lib/thumb/v6-m/nofp/libcr_c.a(_deferredlazyseek.o)
                0x0000000000001054                _deferredlazyseek
 .text._fflush  0x0000000000001094       0x60 /usr/local/mcuxpressoide-11.5.1_7266/ide/plugins/com.nxp.mcuxpresso.tools.linux_11.5.1.202201181444/tools/bin/../lib/gcc/arm-none-eabi/10.3.1/../../../../arm-none-eabi/lib/thumb/v6-m/nofp/libcr_c.a(_fflush.o)
                0x0000000000001094                _fflush
 .text._Cwritebuf
                0x00000000000010f4       0x68 /usr/local/mcuxpressoide-11.5.1_7266/ide/plugins/com.nxp.mcuxpresso.tools.linux_11.5.1.202201181444/tools/bin/../lib/gcc/arm-none-eabi/10.3.1/../../../../arm-none-eabi/lib/thumb/v6-m/nofp/libcr_c.a(_writebuf.o)
                0x00000000000010f4                _Cwritebuf
 .text.fseek    0x000000000000115c       0xf0 /usr/local/mcuxpressoide-11.5.1_7266/ide/plugins/com.nxp.mcuxpresso.tools.linux_11.5.1.202201181444/tools/bin/../lib/gcc/arm-none-eabi/10.3.1/../../../../arm-none-eabi/lib/thumb/v6-m/nofp/libcr_c.a(fseek.o)
                0x000000000000115c                fseek
 .text.ftell    0x000000000000124c       0x48 /usr/local/mcuxpressoide-11.5.1_7266/ide/plugins/com.nxp.mcuxpresso.tools.linux_11.5.1.202201181444/tools/bin/../lib/gcc/arm-none-eabi/10.3.1/../../../../arm-none-eabi/lib/thumb/v6-m/nofp/libcr_c.a(ftell.o)
                0x000000000000124c                ftell
 .text._initio  0x0000000000001294       0x7c /usr/local/mcuxpressoide-11.5.1_7266/ide/plugins/com.nxp.mcuxpresso.tools.linux_11.5.1.202201181444/tools/bin/../lib/gcc/arm-none-eabi/10.3.1/../../../../arm-none-eabi/lib/thumb/v6-m/nofp/libcr_c.a(initio.o)
                0x0000000000001294                _initio
 .text.pow      0x0000000000001310      0x544 /usr/local/mcuxpressoide-11.5.1_7266/ide/plugins/com.nxp.mcuxpresso.tools.linux_11.5.1.202201181444/tools/bin/../lib/gcc/arm-none-eabi/10.3.1/../../../../arm-none-eabi/lib/thumb/v6-m/nofp/libcr_c.a(pow.o)
                0x0000000000001310                pow
 .text.setvbuf  0x0000000000001854       0x4c /usr/local/mcuxpressoide-11.5.1_7266/ide/plugins/com.nxp.mcuxpresso.tools.linux_11.5.1.202201181444/tools/bin/../lib/gcc/arm-none-eabi/10.3.1/../../../../arm-none-eabi/lib/thumb/v6-m/nofp/libcr_c.a(setvbuf.o)
                0x0000000000001854                setvbuf
 .text.strlen   0x00000000000018a0       0x58 /usr/local/mcuxpressoide-11.5.1_7266/ide/plugins/com.nxp.mcuxpresso.tools.linux_11.5.1.202201181444/tools/bin/../lib/gcc/arm-none-eabi/10.3.1/../../../../arm-none-eabi/lib/thumb/v6-m/nofp/libcr_c.a(strlen.o)
                0x00000000000018a0                strlen
 .text._fdopen  0x00000000000018f8       0x74 /usr/local/mcuxpressoide-11.5.1_7266/ide/plugins/com.nxp.mcuxpresso.tools.linux_11.5.1.202201181444/tools/bin/../lib/gcc/arm-none-eabi/10.3.1/../../../../arm-none-eabi/lib/thumb/v6-m/nofp/libcr_c.a(_fdopen.o)
                0x00000000000018f8                _fdopen
 .text.fclose   0x000000000000196c       0x5c /usr/local/mcuxpressoide-11.5.1_7266/ide/plugins/com.nxp.mcuxpresso.tools.linux_11.5.1.202201181444/tools/bin/../lib/gcc/arm-none-eabi/10.3.1/../../../../arm-none-eabi/lib/thumb/v6-m/nofp/libcr_c.a(fclose.o)
                0x000000000000196c                fclose
 .text.fflush   0x00000000000019c8       0x44 /usr/local/mcuxpressoide-11.5.1_7266/ide/plugins/com.nxp.mcuxpresso.tools.linux_11.5.1.202201181444/tools/bin/../lib/gcc/arm-none-eabi/10.3.1/../../../../arm-none-eabi/lib/thumb/v6-m/nofp/libcr_c.a(fflush.o)
                0x00000000000019c8                fflush
 .text.frexp    0x0000000000001a0c       0x80 /usr/local/mcuxpressoide-11.5.1_7266/ide/plugins/com.nxp.mcuxpresso.tools.linux_11.5.1.202201181444/tools/bin/../lib/gcc/arm-none-eabi/10.3.1/../../../../arm-none-eabi/lib/thumb/v6-m/nofp/libcr_c.a(frexp.o)
                0x0000000000001a0c                frexp
 .text.ldexp    0x0000000000001a8c       0x58 /usr/local/mcuxpressoide-11.5.1_7266/ide/plugins/com.nxp.mcuxpresso.tools.linux_11.5.1.202201181444/tools/bin/../lib/gcc/arm-none-eabi/10.3.1/../../../../arm-none-eabi/lib/thumb/v6-m/nofp/libcr_c.a(ldexp.o)
                0x0000000000001a8c                ldexp
 .text._do_fflush
                0x0000000000001ae4       0x48 /usr/local/mcuxpressoide-11.5.1_7266/ide/plugins/com.nxp.mcuxpresso.tools.linux_11.5.1.202201181444/tools/bin/../lib/gcc/arm-none-eabi/10.3.1/../../../../arm-none-eabi/lib/thumb/v6-m/nofp/libcr_c.a(_do_fflush.o)
                0x0000000000001ae4                _do_fflush
 .text.__aeabi_dmul
                0x0000000000001b2c      0x184 /usr/local/mcuxpressoide-11.5.1_7266/ide/plugins/com.nxp.mcuxpresso.tools.linux_11.5.1.202201181444/tools/bin/../lib/gcc/arm-none-eabi/10.3.1/thumb/v6-m/nofp/libcr_eabihelpers.a(double.o)
                0x0000000000001b2c                __aeabi_dmul
 .text.__aeabi_ddiv
                0x0000000000001cb0      0x14c /usr/local/mcuxpressoide-11.5.1_7266/ide/plugins/com.nxp.mcuxpresso.tools.linux_11.5.1.202201181444/tools/bin/../lib/gcc/arm-none-eabi/10.3.1/thumb/v6-m/nofp/libcr_eabihelpers.a(double.o)
                0x0000000000001cb0                __aeabi_ddiv
 .text.__aeabi_dsub
                0x0000000000001dfc      0x1c0 /usr/local/mcuxpressoide-11.5.1_7266/ide/plugins/com.nxp.mcuxpresso.tools.linux_11.5.1.202201181444/tools/bin/../lib/gcc/arm-none-eabi/10.3.1/thumb/v6-m/nofp/libcr_eabihelpers.a(double.o)
                0x0000000000001dfc                __aeabi_dsub
 .text.__aeabi_dadd
                0x0000000000001fbc      0x134 /usr/local/mcuxpressoide-11.5.1_7266/ide/plugins/com.nxp.mcuxpresso.tools.linux_11.5.1.202201181444/tools/bin/../lib/gcc/arm-none-eabi/10.3.1/thumb/v6-m/nofp/libcr_eabihelpers.a(double.o)
                0x0000000000001fbc                __aeabi_dadd
 .text.__aeabi_d2iz
                0x00000000000020f0       0x50 /usr/local/mcuxpressoide-11.5.1_7266/ide/plugins/com.nxp.mcuxpresso.tools.linux_11.5.1.202201181444/tools/bin/../lib/gcc/arm-none-eabi/10.3.1/thumb/v6-m/nofp/libcr_eabihelpers.a(double.o)
                0x00000000000020f0                __aeabi_d2iz
 .text.__aeabi_d2uiz
                0x0000000000002140       0x38 /usr/local/mcuxpressoide-11.5.1_7266/ide/plugins/com.nxp.mcuxpresso.tools.linux_11.5.1.202201181444/tools/bin/../lib/gcc/arm-none-eabi/10.3.1/thumb/v6-m/nofp/libcr_eabihelpers.a(double.o)
                0x0000000000002140                __aeabi_d2uiz
 .text.__aeabi_dcmpeq
                0x0000000000002178       0x30 /usr/local/mcuxpressoide-11.5.1_7266/ide/plugins/com.nxp.mcuxpresso.tools.linux_11.5.1.202201181444/tools/bin/../lib/gcc/arm-none-eabi/10.3.1/thumb/v6-m/nofp/libcr_eabihelpers.a(double.o)
                0x0000000000002178                __aeabi_dcmpeq
 .text.__aeabi_dcmplt
                0x00000000000021a8       0x60 /usr/local/mcuxpressoide-11.5.1_7266/ide/plugins/com.nxp.mcuxpresso.tools.linux_11.5.1.202201181444/tools/bin/../lib/gcc/arm-none-eabi/10.3.1/thumb/v6-m/nofp/libcr_eabihelpers.a(double.o)
                0x00000000000021a8                __aeabi_dcmplt
 .text.__aeabi_dcmpgt
                0x0000000000002208       0x5c /usr/local/mcuxpressoide-11.5.1_7266/ide/plugins/com.nxp.mcuxpresso.tools.linux_11.5.1.202201181444/tools/bin/../lib/gcc/arm-none-eabi/10.3.1/thumb/v6-m/nofp/libcr_eabihelpers.a(double.o)
                0x0000000000002208                __aeabi_dcmpgt
 .text.__aeabi_dcmple
                0x0000000000002264       0x5c /usr/local/mcuxpressoide-11.5.1_7266/ide/plugins/com.nxp.mcuxpresso.tools.linux_11.5.1.202201181444/tools/bin/../lib/gcc/arm-none-eabi/10.3.1/thumb/v6-m/nofp/libcr_eabihelpers.a(double.o)
                0x0000000000002264                __aeabi_dcmple
 .text.__aeabi_dcmpge
                0x00000000000022c0       0x5c /usr/local/mcuxpressoide-11.5.1_7266/ide/plugins/com.nxp.mcuxpresso.tools.linux_11.5.1.202201181444/tools/bin/../lib/gcc/arm-none-eabi/10.3.1/thumb/v6-m/nofp/libcr_eabihelpers.a(double.o)
                0x00000000000022c0                __aeabi_dcmpge
 .text.portPinNumberValidate
                0x000000000000231c       0x16 ./source/k32l2b3/port.o
                0x000000000000231c                portPinNumberValidate
 .text.portPortValidate
                0x0000000000002332       0x16 ./source/k32l2b3/port.o
                0x0000000000002332                portPortValidate
 .text.portPinValidate
                0x0000000000002348       0x3a ./source/k32l2b3/port.o
                0x0000000000002348                portPinValidate
 .text.portInitPort
                0x0000000000002382       0x3c ./source/k32l2b3/port.o
                0x0000000000002382                portInitPort
 .text.portSetMux
                0x00000000000023be       0x66 ./source/k32l2b3/port.o
                0x00000000000023be                portSetMux
 .text.portSetMuxGpio
                0x0000000000002424       0x1a ./source/k32l2b3/port.o
                0x0000000000002424                portSetMuxGpio
 .text.portConfigPullup
                0x000000000000243e       0x58 ./source/k32l2b3/port.o
                0x000000000000243e                portConfigPullup
 .text.portCheckInterrupt
                0x0000000000002496       0x34 ./source/k32l2b3/port.o
                0x0000000000002496                portCheckInterrupt
 .text.portClearInterrupt
                0x00000000000024ca       0x34 ./source/k32l2b3/port.o
                0x00000000000024ca                portClearInterrupt
 .text.servoGetDefaultConfig
                0x00000000000024fe       0x2e ./source/k32l2b3/servo.o
                0x00000000000024fe                servoGetDefaultConfig
 .text.servoGetCurrentValue
                0x000000000000252c       0x1a ./source/k32l2b3/servo.o
                0x000000000000252c                servoGetCurrentValue
 .text.tpmSetModuleValue
                0x0000000000002546       0x28 ./source/k32l2b3/tpm.o
                0x0000000000002546                tpmSetModuleValue
 .text.tpmSetChannelValue
                0x000000000000256e       0x4a ./source/k32l2b3/tpm.o
                0x000000000000256e                tpmSetChannelValue
 .text.tpmGetChannelValue
                0x00000000000025b8       0x36 ./source/k32l2b3/tpm.o
                0x00000000000025b8                tpmGetChannelValue
 .text.tpmStartTimer
                0x00000000000025ee       0x24 ./source/k32l2b3/tpm.o
                0x00000000000025ee                tpmStartTimer
 .text.main     0x0000000000002612       0x12 ./source/servoRotationButton.o
                0x0000000000002612                main
 .text.initSystemClock
                0x0000000000002624       0x16 ./source/servoRotationButton.o
                0x0000000000002624                initSystemClock
 .text.SystemInitHook
                0x000000000000263a       0x22 ./board/board.o
                0x000000000000263a                SystemInitHook
 .text.__main   0x000000000000265c        0xc /usr/local/mcuxpressoide-11.5.1_7266/ide/plugins/com.nxp.mcuxpresso.tools.linux_11.5.1.202201181444/tools/bin/../lib/gcc/arm-none-eabi/10.3.1/../../../../arm-none-eabi/lib/thumb/v6-m/nofp/libcr_semihost_nf.a(_cr__main.o)
                0x000000000000265c                __main
                0x000000000000265c                __CR_SEMIHOST
 .text.memset   0x0000000000002668        0x8 /usr/local/mcuxpressoide-11.5.1_7266/ide/plugins/com.nxp.mcuxpresso.tools.linux_11.5.1.202201181444/tools/bin/../lib/gcc/arm-none-eabi/10.3.1/../../../../arm-none-eabi/lib/thumb/v6-m/nofp/libcr_c.a(memset.o)
                0x0000000000002668                memset
 .text.free     0x0000000000002670       0x2c /usr/local/mcuxpressoide-11.5.1_7266/ide/plugins/com.nxp.mcuxpresso.tools.linux_11.5.1.202201181444/tools/bin/../lib/gcc/arm-none-eabi/10.3.1/../../../../arm-none-eabi/lib/thumb/v6-m/nofp/libcr_c.a(alloc.o)
                0x0000000000002670                free
 .text.remove   0x000000000000269c       0x12 /usr/local/mcuxpressoide-11.5.1_7266/ide/plugins/com.nxp.mcuxpresso.tools.linux_11.5.1.202201181444/tools/bin/../lib/gcc/arm-none-eabi/10.3.1/../../../../arm-none-eabi/lib/thumb/v6-m/nofp/libcr_c.a(remove.o)
                0x000000000000269c                remove
 .text.__aeabi_division_idivmod
                0x00000000000026ae       0x78 /usr/local/mcuxpressoide-11.5.1_7266/ide/plugins/com.nxp.mcuxpresso.tools.linux_11.5.1.202201181444/tools/bin/../lib/gcc/arm-none-eabi/10.3.1/thumb/v6-m/nofp/libcr_eabihelpers.a(division_32.o)
                0x00000000000026ae                __aeabi_idiv
                0x00000000000026ae                __aeabi_idivmod
                0x00000000000026b4                __aeabi_uidiv
                0x00000000000026b4                __aeabi_uidivmod
 .text.__aeabi_division_idiv0
                0x0000000000002726        0x2 /usr/local/mcuxpressoide-11.5.1_7266/ide/plugins/com.nxp.mcuxpresso.tools.linux_11.5.1.202201181444/tools/bin/../lib/gcc/arm-none-eabi/10.3.1/thumb/v6-m/nofp/libcr_eabihelpers.a(division_idiv0.o)
                0x0000000000002726                __aeabi_idiv0
 .text.__bhs_ui2d
                0x0000000000002728       0x5e /usr/local/mcuxpressoide-11.5.1_7266/ide/plugins/com.nxp.mcuxpresso.tools.linux_11.5.1.202201181444/tools/bin/../lib/gcc/arm-none-eabi/10.3.1/thumb/v6-m/nofp/libcr_eabihelpers.a(double.o)
                0x0000000000002728                __bhs_ui2d
 .text.__aeabi_i2d
                0x0000000000002786       0x18 /usr/local/mcuxpressoide-11.5.1_7266/ide/plugins/com.nxp.mcuxpresso.tools.linux_11.5.1.202201181444/tools/bin/../lib/gcc/arm-none-eabi/10.3.1/thumb/v6-m/nofp/libcr_eabihelpers.a(double.o)
                0x0000000000002786                __aeabi_i2d
 .text.__aeabi_ui2d
                0x000000000000279e        0xc /usr/local/mcuxpressoide-11.5.1_7266/ide/plugins/com.nxp.mcuxpresso.tools.linux_11.5.1.202201181444/tools/bin/../lib/gcc/arm-none-eabi/10.3.1/thumb/v6-m/nofp/libcr_eabihelpers.a(double.o)
                0x000000000000279e                __aeabi_ui2d
 .text.__aeabi_llong_lmul
                0x00000000000027aa       0x2e /usr/local/mcuxpressoide-11.5.1_7266/ide/plugins/com.nxp.mcuxpresso.tools.linux_11.5.1.202201181444/tools/bin/../lib/gcc/arm-none-eabi/10.3.1/thumb/v6-m/nofp/libcr_eabihelpers.a(llong.o)
                0x00000000000027aa                __aeabi_lmul
 .text.__aeabi_memset_lowlevel
                0x00000000000027d8       0x2a /usr/local/mcuxpressoide-11.5.1_7266/ide/plugins/com.nxp.mcuxpresso.tools.linux_11.5.1.202201181444/tools/bin/../lib/gcc/arm-none-eabi/10.3.1/thumb/v6-m/nofp/libcr_eabihelpers.a(memcpy.o)
                0x00000000000027d8                __aeabi_lowlevel_memset
 .text.__sys_close
                0x0000000000002802        0xc /usr/local/mcuxpressoide-11.5.1_7266/ide/plugins/com.nxp.mcuxpresso.tools.linux_11.5.1.202201181444/tools/bin/../lib/gcc/arm-none-eabi/10.3.1/../../../../arm-none-eabi/lib/thumb/v6-m/nofp/libcr_semihost_nf.a(__sys_close.o)
                0x0000000000002802                __sys_close
 .text.__sys_flen
                0x000000000000280e        0xc /usr/local/mcuxpressoide-11.5.1_7266/ide/plugins/com.nxp.mcuxpresso.tools.linux_11.5.1.202201181444/tools/bin/../lib/gcc/arm-none-eabi/10.3.1/../../../../arm-none-eabi/lib/thumb/v6-m/nofp/libcr_semihost_nf.a(__sys_flen.o)
                0x000000000000280e                __sys_flen
 .text.__sys_istty
                0x000000000000281a        0xc /usr/local/mcuxpressoide-11.5.1_7266/ide/plugins/com.nxp.mcuxpresso.tools.linux_11.5.1.202201181444/tools/bin/../lib/gcc/arm-none-eabi/10.3.1/../../../../arm-none-eabi/lib/thumb/v6-m/nofp/libcr_semihost_nf.a(__sys_istty.o)
                0x000000000000281a                __sys_istty
 .text.__sys_remove
                0x0000000000002826        0xc /usr/local/mcuxpressoide-11.5.1_7266/ide/plugins/com.nxp.mcuxpresso.tools.linux_11.5.1.202201181444/tools/bin/../lib/gcc/arm-none-eabi/10.3.1/../../../../arm-none-eabi/lib/thumb/v6-m/nofp/libcr_semihost_nf.a(__sys_remove.o)
                0x0000000000002826                __sys_remove
 .text.__sys_seek
                0x0000000000002832        0xc /usr/local/mcuxpressoide-11.5.1_7266/ide/plugins/com.nxp.mcuxpresso.tools.linux_11.5.1.202201181444/tools/bin/../lib/gcc/arm-none-eabi/10.3.1/../../../../arm-none-eabi/lib/thumb/v6-m/nofp/libcr_semihost_nf.a(__sys_seek.o)
                0x0000000000002832                __sys_seek
 .text.__sys_tmpnam
                0x000000000000283e        0xc /usr/local/mcuxpressoide-11.5.1_7266/ide/plugins/com.nxp.mcuxpresso.tools.linux_11.5.1.202201181444/tools/bin/../lib/gcc/arm-none-eabi/10.3.1/../../../../arm-none-eabi/lib/thumb/v6-m/nofp/libcr_semihost_nf.a(__sys_tmpnam.o)
                0x000000000000283e                __sys_tmpnam
 .text.__sys_write
                0x000000000000284a        0xc /usr/local/mcuxpressoide-11.5.1_7266/ide/plugins/com.nxp.mcuxpresso.tools.linux_11.5.1.202201181444/tools/bin/../lib/gcc/arm-none-eabi/10.3.1/../../../../arm-none-eabi/lib/thumb/v6-m/nofp/libcr_semihost_nf.a(__sys_write.o)
                0x000000000000284a                __sys_write
 *(SORT_BY_ALIGNMENT(.rodata) SORT_BY_ALIGNMENT(.rodata.*) SORT_BY_ALIGNMENT(.constdata) SORT_BY_ALIGNMENT(.constdata.*))
 *fill*         0x0000000000002856        0x2 ff
 .rodata.a1.1   0x0000000000002858       0x88 /usr/local/mcuxpressoide-11.5.1_7266/ide/plugins/com.nxp.mcuxpresso.tools.linux_11.5.1.202201181444/tools/bin/../lib/gcc/arm-none-eabi/10.3.1/../../../../arm-none-eabi/lib/thumb/v6-m/nofp/libcr_c.a(pow.o)
 .rodata.a2.0   0x00000000000028e0       0x40 /usr/local/mcuxpressoide-11.5.1_7266/ide/plugins/com.nxp.mcuxpresso.tools.linux_11.5.1.202201181444/tools/bin/../lib/gcc/arm-none-eabi/10.3.1/../../../../arm-none-eabi/lib/thumb/v6-m/nofp/libcr_c.a(pow.o)
 .rodata.__num_Ciob_streams
                0x0000000000002920        0x4 /usr/local/mcuxpressoide-11.5.1_7266/ide/plugins/com.nxp.mcuxpresso.tools.linux_11.5.1.202201181444/tools/bin/../lib/gcc/arm-none-eabi/10.3.1/../../../../arm-none-eabi/lib/thumb/v6-m/nofp/libcr_semihost_nf.a(__ciob.o)
                0x0000000000002920                __num_Ciob_streams
 .rodata._initio.str1.1
                0x0000000000002924        0x4 /usr/local/mcuxpressoide-11.5.1_7266/ide/plugins/com.nxp.mcuxpresso.tools.linux_11.5.1.202201181444/tools/bin/../lib/gcc/arm-none-eabi/10.3.1/../../../../arm-none-eabi/lib/thumb/v6-m/nofp/libcr_c.a(initio.o)
                0x0000000000002928                . = ALIGN (0x4)
                0x0000000000002928                _etext = .

.glue_7         0x0000000000002928        0x0
 .glue_7        0x0000000000002928        0x0 linker stubs

.glue_7t        0x0000000000002928        0x0
 .glue_7t       0x0000000000002928        0x0 linker stubs

.vfp11_veneer   0x0000000000002928        0x0
 .vfp11_veneer  0x0000000000002928        0x0 linker stubs

.v4_bx          0x0000000000002928        0x0
 .v4_bx         0x0000000000002928        0x0 linker stubs

.iplt           0x0000000000002928        0x0
 .iplt          0x0000000000002928        0x0 ./startup/startup_k32l2b31a.o

.rel.dyn        0x0000000000002928        0x0
 .rel.iplt      0x0000000000002928        0x0 ./startup/startup_k32l2b31a.o

.m_usb_data
 *(SORT_BY_ALIGNMENT(m_usb_bdt))

.mtb_buffer_default
                0x000000001fffe000       0x80
 *(SORT_BY_ALIGNMENT(.mtb*))
 .mtb.$RAM1     0x000000001fffe000       0x80 ./source/mtb.o
                0x000000001fffe000                __mtb_buffer__

.uninit_RESERVED
                0x000000001fffe080        0x0
                0x000000001fffe080                _start_uninit_RESERVED = .
 *(SORT_BY_ALIGNMENT(.bss.$RESERVED*))
                0x000000001fffe080                . = ALIGN (0x4)
                0x000000001fffe080                _end_uninit_RESERVED = .

.data           0x000000001fffe080       0x34 load address 0x0000000000002928
 FILL mask 0xff
                0x000000001fffe080                _data = .
                [!provide]                        PROVIDE (__start_data_RAM = .)
                [!provide]                        PROVIDE (__start_data_SRAM = .)
 *(SORT_BY_ALIGNMENT(vtable))
 *(SORT_BY_ALIGNMENT(.ramfunc*))
 *(SORT_BY_ALIGNMENT(CodeQuickAccess))
 *(SORT_BY_ALIGNMENT(DataQuickAccess))
 *(SORT_BY_ALIGNMENT(RamFunction))
 *(SORT_BY_ALIGNMENT(.data*))
 .data.pin_gpios
                0x000000001fffe080       0x14 ./source/k32l2b3/gpio.o
 .data.pin_ports
                0x000000001fffe094       0x14 ./source/k32l2b3/port.o
 .data.tpm_modules
                0x000000001fffe0a8        0xc ./source/k32l2b3/tpm.o
                0x000000001fffe0b4                . = ALIGN (0x4)
                0x000000001fffe0b4                _edata = .
                [!provide]                        PROVIDE (__end_data_RAM = .)
                [!provide]                        PROVIDE (__end_data_SRAM = .)

.igot.plt       0x000000001fffe0b4        0x0 load address 0x000000000000295c
 .igot.plt      0x000000001fffe0b4        0x0 ./startup/startup_k32l2b31a.o

.bss            0x000000001fffe0b4      0x120
                0x000000001fffe0b4                _bss = .
                [!provide]                        PROVIDE (__start_bss_RAM = .)
                [!provide]                        PROVIDE (__start_bss_SRAM = .)
 *(SORT_BY_ALIGNMENT(.bss*))
 .bss.minimum_values
                0x000000001fffe0b4       0x24 ./source/k32l2b3/servo.o
 .bss.maximum_values
                0x000000001fffe0d8       0x24 ./source/k32l2b3/servo.o
 .bss.servo     0x000000001fffe0fc        0x5 ./source/servoRotationButton.o
                0x000000001fffe0fc                servo
 *fill*         0x000000001fffe101        0x3 
 .bss.increase_button
                0x000000001fffe104        0x2 ./source/servoRotationButton.o
                0x000000001fffe104                increase_button
 *fill*         0x000000001fffe106        0x2 
 .bss.decrease_button
                0x000000001fffe108        0x2 ./source/servoRotationButton.o
                0x000000001fffe108                decrease_button
 *fill*         0x000000001fffe10a        0x2 
 .bss.s_lpuartHandle
                0x000000001fffe10c        0x8 ./drivers/fsl_lpuart.o
                0x000000001fffe10c                s_lpuartHandle
 .bss.s_lpuartIsr
                0x000000001fffe114        0x4 ./drivers/fsl_lpuart.o
                0x000000001fffe114                s_lpuartIsr
 .bss.__Ciob    0x000000001fffe118       0xb4 /usr/local/mcuxpressoide-11.5.1_7266/ide/plugins/com.nxp.mcuxpresso.tools.linux_11.5.1.202201181444/tools/bin/../lib/gcc/arm-none-eabi/10.3.1/../../../../arm-none-eabi/lib/thumb/v6-m/nofp/libcr_semihost_nf.a(__ciob.o)
                0x000000001fffe118                __Ciob
 .bss.errno     0x000000001fffe1cc        0x4 /usr/local/mcuxpressoide-11.5.1_7266/ide/plugins/com.nxp.mcuxpresso.tools.linux_11.5.1.202201181444/tools/bin/../lib/gcc/arm-none-eabi/10.3.1/../../../../arm-none-eabi/lib/thumb/v6-m/nofp/libcr_c.a(errno.o)
                0x000000001fffe1cc                errno
 .bss.minimum_value
                0x000000001fffe1d0        0x2 ./source/servoRotationButton.o
 .bss.maximum_value
                0x000000001fffe1d2        0x2 ./source/servoRotationButton.o
 *(SORT_BY_ALIGNMENT(COMMON))
                0x000000001fffe1d4                . = ALIGN (0x4)
                0x000000001fffe1d4                _ebss = .
                [!provide]                        PROVIDE (__end_bss_RAM = .)
                [!provide]                        PROVIDE (__end_bss_SRAM = .)
                [!provide]                        PROVIDE (end = .)

.noinit         0x000000001fffe1d4        0x0
                0x000000001fffe1d4                _noinit = .
                [!provide]                        PROVIDE (__start_noinit_RAM = .)
                [!provide]                        PROVIDE (__start_noinit_SRAM = .)
 *(SORT_BY_ALIGNMENT(.noinit*))
                0x000000001fffe1d4                . = ALIGN (0x4)
                0x000000001fffe1d4                _end_noinit = .
                [!provide]                        PROVIDE (__end_noinit_RAM = .)
                [!provide]                        PROVIDE (__end_noinit_SRAM = .)

.ARM.extab
 *(SORT_BY_ALIGNMENT(.ARM.extab*) SORT_BY_ALIGNMENT(.gnu.linkonce.armextab.*))

.ARM.exidx      0x000000000000295c        0x0
                0x000000000000295c                __exidx_start = .
 *(SORT_BY_ALIGNMENT(.ARM.exidx*) SORT_BY_ALIGNMENT(.gnu.linkonce.armexidx.*))
                0x000000000000295c                __exidx_end = .
                0x0000000000000800                _HeapSize = 0x800

.heap           0x000000001fffe1d4      0x800
                0x000000001fffe1d4                _pvHeapStart = .
                0x000000001fffe9d4                . = (. + _HeapSize)
 *fill*         0x000000001fffe1d4      0x800 
                0x000000001fffe9d4                . = ALIGN (0x4)
                0x000000001fffe9d4                _pvHeapLimit = .
                0x0000000000000800                _StackSize = 0x800

.heap2stackfill
                0x000000001fffe9d4      0x800
                0x000000001ffff1d4                . = (. + _StackSize)
 *fill*         0x000000001fffe9d4      0x800 

.stack          0x0000000020005800        0x0
                0x0000000020005800                _vStackBase = .
                0x0000000020005800                . = ALIGN (0x4)
                0x0000000020006000                _vStackTop = (. + _StackSize)
                0x0000000000000000                _image_start = LOADADDR (.text)
                0x000000000000295c                _image_end = (LOADADDR (.data) + SIZEOF (.data))
                0x000000000000295c                _image_size = (_image_end - _image_start)
OUTPUT(PWM_Practices.axf elf32-littlearm)
LOAD linker stubs

.debug_info     0x0000000000000000     0x4cda
 .debug_info    0x0000000000000000      0x4e4 ./startup/startup_k32l2b31a.o
 .debug_info    0x00000000000004e4      0x4a7 ./source/k32l2b3/clock.o
 .debug_info    0x000000000000098b      0x13c ./source/k32l2b3/delay.o
 .debug_info    0x0000000000000ac7      0x2c6 ./source/k32l2b3/gpio.o
 .debug_info    0x0000000000000d8d      0x5e8 ./source/k32l2b3/port.o
 .debug_info    0x0000000000001375      0x68b ./source/k32l2b3/servo.o
 .debug_info    0x0000000000001a00      0x839 ./source/k32l2b3/tpm.o
 .debug_info    0x0000000000002239       0x53 ./source/mtb.o
 .debug_info    0x000000000000228c       0x3c ./source/semihost_hardfault.o
 .debug_info    0x00000000000022c8      0x45a ./source/servoRotationButton.o
 .debug_info    0x0000000000002722     0x1aad ./drivers/fsl_lpuart.o
 .debug_info    0x00000000000041cf      0x3fb ./device/system_K32L2B31A.o
 .debug_info    0x00000000000045ca      0x710 ./board/board.o

.debug_abbrev   0x0000000000000000     0x12aa
 .debug_abbrev  0x0000000000000000      0x1da ./startup/startup_k32l2b31a.o
 .debug_abbrev  0x00000000000001da      0x173 ./source/k32l2b3/clock.o
 .debug_abbrev  0x000000000000034d       0xae ./source/k32l2b3/delay.o
 .debug_abbrev  0x00000000000003fb      0x157 ./source/k32l2b3/gpio.o
 .debug_abbrev  0x0000000000000552      0x1b2 ./source/k32l2b3/port.o
 .debug_abbrev  0x0000000000000704      0x138 ./source/k32l2b3/servo.o
 .debug_abbrev  0x000000000000083c      0x1c0 ./source/k32l2b3/tpm.o
 .debug_abbrev  0x00000000000009fc       0x46 ./source/mtb.o
 .debug_abbrev  0x0000000000000a42       0x31 ./source/semihost_hardfault.o
 .debug_abbrev  0x0000000000000a73      0x108 ./source/servoRotationButton.o
 .debug_abbrev  0x0000000000000b7b      0x410 ./drivers/fsl_lpuart.o
 .debug_abbrev  0x0000000000000f8b      0x148 ./device/system_K32L2B31A.o
 .debug_abbrev  0x00000000000010d3      0x1d7 ./board/board.o

.debug_aranges  0x0000000000000000      0x5c0
 .debug_aranges
                0x0000000000000000      0x160 ./startup/startup_k32l2b31a.o
 .debug_aranges
                0x0000000000000160       0x48 ./source/k32l2b3/clock.o
 .debug_aranges
                0x00000000000001a8       0x28 ./source/k32l2b3/delay.o
 .debug_aranges
                0x00000000000001d0       0x38 ./source/k32l2b3/gpio.o
 .debug_aranges
                0x0000000000000208       0x78 ./source/k32l2b3/port.o
 .debug_aranges
                0x0000000000000280       0x88 ./source/k32l2b3/servo.o
 .debug_aranges
                0x0000000000000308       0x80 ./source/k32l2b3/tpm.o
 .debug_aranges
                0x0000000000000388       0x18 ./source/mtb.o
 .debug_aranges
                0x00000000000003a0       0x20 ./source/semihost_hardfault.o
 .debug_aranges
                0x00000000000003c0       0x48 ./source/servoRotationButton.o
 .debug_aranges
                0x0000000000000408      0x140 ./drivers/fsl_lpuart.o
 .debug_aranges
                0x0000000000000548       0x30 ./device/system_K32L2B31A.o
 .debug_aranges
                0x0000000000000578       0x48 ./board/board.o

.debug_ranges   0x0000000000000000      0x4e8
 .debug_ranges  0x0000000000000000      0x150 ./startup/startup_k32l2b31a.o
 .debug_ranges  0x0000000000000150       0x38 ./source/k32l2b3/clock.o
 .debug_ranges  0x0000000000000188       0x18 ./source/k32l2b3/delay.o
 .debug_ranges  0x00000000000001a0       0x28 ./source/k32l2b3/gpio.o
 .debug_ranges  0x00000000000001c8       0x68 ./source/k32l2b3/port.o
 .debug_ranges  0x0000000000000230       0x78 ./source/k32l2b3/servo.o
 .debug_ranges  0x00000000000002a8       0x70 ./source/k32l2b3/tpm.o
 .debug_ranges  0x0000000000000318       0x10 ./source/semihost_hardfault.o
 .debug_ranges  0x0000000000000328       0x38 ./source/servoRotationButton.o
 .debug_ranges  0x0000000000000360      0x130 ./drivers/fsl_lpuart.o
 .debug_ranges  0x0000000000000490       0x20 ./device/system_K32L2B31A.o
 .debug_ranges  0x00000000000004b0       0x38 ./board/board.o

.debug_macro    0x0000000000000000      0xc34
 .debug_macro   0x0000000000000000       0x29 ./startup/startup_k32l2b31a.o
 .debug_macro   0x0000000000000029       0xdd ./source/k32l2b3/clock.o
 .debug_macro   0x0000000000000106       0xb1 ./source/k32l2b3/delay.o
 .debug_macro   0x00000000000001b7       0xa2 ./source/k32l2b3/gpio.o
 .debug_macro   0x0000000000000259       0xa7 ./source/k32l2b3/port.o
 .debug_macro   0x0000000000000300       0x8c ./source/k32l2b3/servo.o
 .debug_macro   0x000000000000038c       0xbf ./source/k32l2b3/tpm.o
 .debug_macro   0x000000000000044b       0xc4 ./source/k32l2b3/tpm.o
 .debug_macro   0x000000000000050f       0x2f ./source/mtb.o
 .debug_macro   0x000000000000053e       0x82 ./source/mtb.o
 .debug_macro   0x00000000000005c0       0x10 ./source/mtb.o
 .debug_macro   0x00000000000005d0       0x11 ./source/semihost_hardfault.o
 .debug_macro   0x00000000000005e1       0xfd ./source/servoRotationButton.o
 .debug_macro   0x00000000000006de      0x120 ./drivers/fsl_lpuart.o
 .debug_macro   0x00000000000007fe       0x10 ./drivers/fsl_lpuart.o
 .debug_macro   0x000000000000080e       0x97 ./device/system_K32L2B31A.o
 .debug_macro   0x00000000000008a5      0x18f ./board/board.o
 .debug_macro   0x0000000000000a34       0x10 ./board/board.o
 .debug_macro   0x0000000000000a44       0x16 ./board/board.o
 .debug_macro   0x0000000000000a5a      0x1ae ./board/board.o
 .debug_macro   0x0000000000000c08       0x16 ./board/board.o
 .debug_macro   0x0000000000000c1e       0x16 ./board/board.o

.debug_line     0x0000000000000000     0x3c79
 .debug_line    0x0000000000000000      0x1ed ./startup/startup_k32l2b31a.o
 .debug_line    0x00000000000001ed      0x501 ./source/k32l2b3/clock.o
 .debug_line    0x00000000000006ee      0x398 ./source/k32l2b3/delay.o
 .debug_line    0x0000000000000a86      0x415 ./source/k32l2b3/gpio.o
 .debug_line    0x0000000000000e9b      0x553 ./source/k32l2b3/port.o
 .debug_line    0x00000000000013ee      0x4fd ./source/k32l2b3/servo.o
 .debug_line    0x00000000000018eb      0x514 ./source/k32l2b3/tpm.o
 .debug_line    0x0000000000001dff       0xd5 ./source/mtb.o
 .debug_line    0x0000000000001ed4       0x59 ./source/semihost_hardfault.o
 .debug_line    0x0000000000001f2d      0x46d ./source/servoRotationButton.o
 .debug_line    0x000000000000239a      0xfd6 ./drivers/fsl_lpuart.o
 .debug_line    0x0000000000003370      0x2fa ./device/system_K32L2B31A.o
 .debug_line    0x000000000000366a      0x60f ./board/board.o

.debug_str      0x0000000000000000    0x50808
 .debug_str     0x0000000000000000     0x3084 ./startup/startup_k32l2b31a.o
                                       0x30f4 (size before relaxing)
 .debug_str     0x0000000000003084    0x40f1e ./source/k32l2b3/clock.o
                                      0x43dce (size before relaxing)
 .debug_str     0x0000000000043fa2       0x40 ./source/k32l2b3/delay.o
                                      0x43aae (size before relaxing)
 .debug_str     0x0000000000043fe2      0x11e ./source/k32l2b3/gpio.o
                                      0x43b15 (size before relaxing)
 .debug_str     0x0000000000044100      0x262 ./source/k32l2b3/port.o
                                      0x43d9e (size before relaxing)
 .debug_str     0x0000000000044362      0x60b ./source/k32l2b3/servo.o
                                       0x4a23 (size before relaxing)
 .debug_str     0x000000000004496d      0x685 ./source/k32l2b3/tpm.o
                                      0x4459a (size before relaxing)
 .debug_str     0x0000000000044ff2      0x532 ./source/mtb.o
                                       0x31ff (size before relaxing)
 .debug_str     0x0000000000045524       0x1f ./source/semihost_hardfault.o
                                       0x2cec (size before relaxing)
 .debug_str     0x0000000000045543       0xf5 ./source/servoRotationButton.o
                                      0x440d7 (size before relaxing)
 .debug_str     0x0000000000045638     0x9620 ./drivers/fsl_lpuart.o
                                      0x4d10d (size before relaxing)
 .debug_str     0x000000000004ec58       0x8e ./device/system_K32L2B31A.o
                                      0x4a20b (size before relaxing)
 .debug_str     0x000000000004ece6     0x1b22 ./board/board.o
                                      0x4d367 (size before relaxing)

.comment        0x0000000000000000       0x49
 .comment       0x0000000000000000       0x49 ./startup/startup_k32l2b31a.o
                                         0x4a (size before relaxing)
 .comment       0x0000000000000049       0x4a ./source/k32l2b3/clock.o
 .comment       0x0000000000000049       0x4a ./source/k32l2b3/delay.o
 .comment       0x0000000000000049       0x4a ./source/k32l2b3/gpio.o
 .comment       0x0000000000000049       0x4a ./source/k32l2b3/port.o
 .comment       0x0000000000000049       0x4a ./source/k32l2b3/servo.o
 .comment       0x0000000000000049       0x4a ./source/k32l2b3/tpm.o
 .comment       0x0000000000000049       0x4a ./source/mtb.o
 .comment       0x0000000000000049       0x4a ./source/semihost_hardfault.o
 .comment       0x0000000000000049       0x4a ./source/servoRotationButton.o
 .comment       0x0000000000000049       0x4a ./drivers/fsl_lpuart.o
 .comment       0x0000000000000049       0x4a ./device/system_K32L2B31A.o
 .comment       0x0000000000000049       0x4a ./board/board.o
 .comment       0x0000000000000049       0x4a /usr/local/mcuxpressoide-11.5.1_7266/ide/plugins/com.nxp.mcuxpresso.tools.linux_11.5.1.202201181444/tools/bin/../lib/gcc/arm-none-eabi/10.3.1/../../../../arm-none-eabi/lib/thumb/v6-m/nofp/libcr_semihost_nf.a(_cr__main.o)
 .comment       0x0000000000000049       0x4a /usr/local/mcuxpressoide-11.5.1_7266/ide/plugins/com.nxp.mcuxpresso.tools.linux_11.5.1.202201181444/tools/bin/../lib/gcc/arm-none-eabi/10.3.1/../../../../arm-none-eabi/lib/thumb/v6-m/nofp/libcr_semihost_nf.a(__ciob.o)
 .comment       0x0000000000000049       0x4a /usr/local/mcuxpressoide-11.5.1_7266/ide/plugins/com.nxp.mcuxpresso.tools.linux_11.5.1.202201181444/tools/bin/../lib/gcc/arm-none-eabi/10.3.1/../../../../arm-none-eabi/lib/thumb/v6-m/nofp/libcr_c.a(memset.o)
 .comment       0x0000000000000049       0x4a /usr/local/mcuxpressoide-11.5.1_7266/ide/plugins/com.nxp.mcuxpresso.tools.linux_11.5.1.202201181444/tools/bin/../lib/gcc/arm-none-eabi/10.3.1/../../../../arm-none-eabi/lib/thumb/v6-m/nofp/libcr_c.a(_deferredlazyseek.o)
 .comment       0x0000000000000049       0x4a /usr/local/mcuxpressoide-11.5.1_7266/ide/plugins/com.nxp.mcuxpresso.tools.linux_11.5.1.202201181444/tools/bin/../lib/gcc/arm-none-eabi/10.3.1/../../../../arm-none-eabi/lib/thumb/v6-m/nofp/libcr_c.a(_fflush.o)
 .comment       0x0000000000000049       0x4a /usr/local/mcuxpressoide-11.5.1_7266/ide/plugins/com.nxp.mcuxpresso.tools.linux_11.5.1.202201181444/tools/bin/../lib/gcc/arm-none-eabi/10.3.1/../../../../arm-none-eabi/lib/thumb/v6-m/nofp/libcr_c.a(_writebuf.o)
 .comment       0x0000000000000049       0x4a /usr/local/mcuxpressoide-11.5.1_7266/ide/plugins/com.nxp.mcuxpresso.tools.linux_11.5.1.202201181444/tools/bin/../lib/gcc/arm-none-eabi/10.3.1/../../../../arm-none-eabi/lib/thumb/v6-m/nofp/libcr_c.a(alloc.o)
 .comment       0x0000000000000049       0x4a /usr/local/mcuxpressoide-11.5.1_7266/ide/plugins/com.nxp.mcuxpresso.tools.linux_11.5.1.202201181444/tools/bin/../lib/gcc/arm-none-eabi/10.3.1/../../../../arm-none-eabi/lib/thumb/v6-m/nofp/libcr_c.a(errno.o)
 .comment       0x0000000000000049       0x4a /usr/local/mcuxpressoide-11.5.1_7266/ide/plugins/com.nxp.mcuxpresso.tools.linux_11.5.1.202201181444/tools/bin/../lib/gcc/arm-none-eabi/10.3.1/../../../../arm-none-eabi/lib/thumb/v6-m/nofp/libcr_c.a(fseek.o)
 .comment       0x0000000000000049       0x4a /usr/local/mcuxpressoide-11.5.1_7266/ide/plugins/com.nxp.mcuxpresso.tools.linux_11.5.1.202201181444/tools/bin/../lib/gcc/arm-none-eabi/10.3.1/../../../../arm-none-eabi/lib/thumb/v6-m/nofp/libcr_c.a(ftell.o)
 .comment       0x0000000000000049       0x4a /usr/local/mcuxpressoide-11.5.1_7266/ide/plugins/com.nxp.mcuxpresso.tools.linux_11.5.1.202201181444/tools/bin/../lib/gcc/arm-none-eabi/10.3.1/../../../../arm-none-eabi/lib/thumb/v6-m/nofp/libcr_c.a(initio.o)
 .comment       0x0000000000000049       0x4a /usr/local/mcuxpressoide-11.5.1_7266/ide/plugins/com.nxp.mcuxpresso.tools.linux_11.5.1.202201181444/tools/bin/../lib/gcc/arm-none-eabi/10.3.1/../../../../arm-none-eabi/lib/thumb/v6-m/nofp/libcr_c.a(pow.o)
 .comment       0x0000000000000049       0x4a /usr/local/mcuxpressoide-11.5.1_7266/ide/plugins/com.nxp.mcuxpresso.tools.linux_11.5.1.202201181444/tools/bin/../lib/gcc/arm-none-eabi/10.3.1/../../../../arm-none-eabi/lib/thumb/v6-m/nofp/libcr_c.a(setvbuf.o)
 .comment       0x0000000000000049       0x4a /usr/local/mcuxpressoide-11.5.1_7266/ide/plugins/com.nxp.mcuxpresso.tools.linux_11.5.1.202201181444/tools/bin/../lib/gcc/arm-none-eabi/10.3.1/../../../../arm-none-eabi/lib/thumb/v6-m/nofp/libcr_c.a(strlen.o)
 .comment       0x0000000000000049       0x4a /usr/local/mcuxpressoide-11.5.1_7266/ide/plugins/com.nxp.mcuxpresso.tools.linux_11.5.1.202201181444/tools/bin/../lib/gcc/arm-none-eabi/10.3.1/../../../../arm-none-eabi/lib/thumb/v6-m/nofp/libcr_c.a(_fdopen.o)
 .comment       0x0000000000000049       0x4a /usr/local/mcuxpressoide-11.5.1_7266/ide/plugins/com.nxp.mcuxpresso.tools.linux_11.5.1.202201181444/tools/bin/../lib/gcc/arm-none-eabi/10.3.1/../../../../arm-none-eabi/lib/thumb/v6-m/nofp/libcr_c.a(fclose.o)
 .comment       0x0000000000000049       0x4a /usr/local/mcuxpressoide-11.5.1_7266/ide/plugins/com.nxp.mcuxpresso.tools.linux_11.5.1.202201181444/tools/bin/../lib/gcc/arm-none-eabi/10.3.1/../../../../arm-none-eabi/lib/thumb/v6-m/nofp/libcr_c.a(fflush.o)
 .comment       0x0000000000000049       0x4a /usr/local/mcuxpressoide-11.5.1_7266/ide/plugins/com.nxp.mcuxpresso.tools.linux_11.5.1.202201181444/tools/bin/../lib/gcc/arm-none-eabi/10.3.1/../../../../arm-none-eabi/lib/thumb/v6-m/nofp/libcr_c.a(frexp.o)
 .comment       0x0000000000000049       0x4a /usr/local/mcuxpressoide-11.5.1_7266/ide/plugins/com.nxp.mcuxpresso.tools.linux_11.5.1.202201181444/tools/bin/../lib/gcc/arm-none-eabi/10.3.1/../../../../arm-none-eabi/lib/thumb/v6-m/nofp/libcr_c.a(ldexp.o)
 .comment       0x0000000000000049       0x4a /usr/local/mcuxpressoide-11.5.1_7266/ide/plugins/com.nxp.mcuxpresso.tools.linux_11.5.1.202201181444/tools/bin/../lib/gcc/arm-none-eabi/10.3.1/../../../../arm-none-eabi/lib/thumb/v6-m/nofp/libcr_c.a(remove.o)
 .comment       0x0000000000000049       0x4a /usr/local/mcuxpressoide-11.5.1_7266/ide/plugins/com.nxp.mcuxpresso.tools.linux_11.5.1.202201181444/tools/bin/../lib/gcc/arm-none-eabi/10.3.1/../../../../arm-none-eabi/lib/thumb/v6-m/nofp/libcr_c.a(_do_fflush.o)
 .comment       0x0000000000000049       0x4a /usr/local/mcuxpressoide-11.5.1_7266/ide/plugins/com.nxp.mcuxpresso.tools.linux_11.5.1.202201181444/tools/bin/../lib/gcc/arm-none-eabi/10.3.1/thumb/v6-m/nofp/libcr_eabihelpers.a(double.o)

.ARM.attributes
                0x0000000000000000       0x2a
 .ARM.attributes
                0x0000000000000000       0x2c ./startup/startup_k32l2b31a.o
 .ARM.attributes
                0x000000000000002c       0x2c ./source/k32l2b3/clock.o
 .ARM.attributes
                0x0000000000000058       0x2c ./source/k32l2b3/delay.o
 .ARM.attributes
                0x0000000000000084       0x2c ./source/k32l2b3/gpio.o
 .ARM.attributes
                0x00000000000000b0       0x2c ./source/k32l2b3/port.o
 .ARM.attributes
                0x00000000000000dc       0x2c ./source/k32l2b3/servo.o
 .ARM.attributes
                0x0000000000000108       0x2c ./source/k32l2b3/tpm.o
 .ARM.attributes
                0x0000000000000134       0x32 ./source/mtb.o
 .ARM.attributes
                0x0000000000000166       0x2c ./source/semihost_hardfault.o
 .ARM.attributes
                0x0000000000000192       0x2c ./source/servoRotationButton.o
 .ARM.attributes
                0x00000000000001be       0x2c ./drivers/fsl_lpuart.o
 .ARM.attributes
                0x00000000000001ea       0x2c ./device/system_K32L2B31A.o
 .ARM.attributes
                0x0000000000000216       0x2c ./board/board.o
 .ARM.attributes
                0x0000000000000242       0x2c /usr/local/mcuxpressoide-11.5.1_7266/ide/plugins/com.nxp.mcuxpresso.tools.linux_11.5.1.202201181444/tools/bin/../lib/gcc/arm-none-eabi/10.3.1/../../../../arm-none-eabi/lib/thumb/v6-m/nofp/libcr_semihost_nf.a(_cr__main.o)
 .ARM.attributes
                0x000000000000026e       0x31 /usr/local/mcuxpressoide-11.5.1_7266/ide/plugins/com.nxp.mcuxpresso.tools.linux_11.5.1.202201181444/tools/bin/../lib/gcc/arm-none-eabi/10.3.1/../../../../arm-none-eabi/lib/thumb/v6-m/nofp/libcr_semihost_nf.a(__ciob.o)
 .ARM.attributes
                0x000000000000029f       0x2c /usr/local/mcuxpressoide-11.5.1_7266/ide/plugins/com.nxp.mcuxpresso.tools.linux_11.5.1.202201181444/tools/bin/../lib/gcc/arm-none-eabi/10.3.1/../../../../arm-none-eabi/lib/thumb/v6-m/nofp/libcr_c.a(memset.o)
 .ARM.attributes
                0x00000000000002cb       0x2c /usr/local/mcuxpressoide-11.5.1_7266/ide/plugins/com.nxp.mcuxpresso.tools.linux_11.5.1.202201181444/tools/bin/../lib/gcc/arm-none-eabi/10.3.1/../../../../arm-none-eabi/lib/thumb/v6-m/nofp/libcr_c.a(_deferredlazyseek.o)
 .ARM.attributes
                0x00000000000002f7       0x2c /usr/local/mcuxpressoide-11.5.1_7266/ide/plugins/com.nxp.mcuxpresso.tools.linux_11.5.1.202201181444/tools/bin/../lib/gcc/arm-none-eabi/10.3.1/../../../../arm-none-eabi/lib/thumb/v6-m/nofp/libcr_c.a(_fflush.o)
 .ARM.attributes
                0x0000000000000323       0x2c /usr/local/mcuxpressoide-11.5.1_7266/ide/plugins/com.nxp.mcuxpresso.tools.linux_11.5.1.202201181444/tools/bin/../lib/gcc/arm-none-eabi/10.3.1/../../../../arm-none-eabi/lib/thumb/v6-m/nofp/libcr_c.a(_writebuf.o)
 .ARM.attributes
                0x000000000000034f       0x2c /usr/local/mcuxpressoide-11.5.1_7266/ide/plugins/com.nxp.mcuxpresso.tools.linux_11.5.1.202201181444/tools/bin/../lib/gcc/arm-none-eabi/10.3.1/../../../../arm-none-eabi/lib/thumb/v6-m/nofp/libcr_c.a(alloc.o)
 .ARM.attributes
                0x000000000000037b       0x31 /usr/local/mcuxpressoide-11.5.1_7266/ide/plugins/com.nxp.mcuxpresso.tools.linux_11.5.1.202201181444/tools/bin/../lib/gcc/arm-none-eabi/10.3.1/../../../../arm-none-eabi/lib/thumb/v6-m/nofp/libcr_c.a(errno.o)
 .ARM.attributes
                0x00000000000003ac       0x2c /usr/local/mcuxpressoide-11.5.1_7266/ide/plugins/com.nxp.mcuxpresso.tools.linux_11.5.1.202201181444/tools/bin/../lib/gcc/arm-none-eabi/10.3.1/../../../../arm-none-eabi/lib/thumb/v6-m/nofp/libcr_c.a(fseek.o)
 .ARM.attributes
                0x00000000000003d8       0x2c /usr/local/mcuxpressoide-11.5.1_7266/ide/plugins/com.nxp.mcuxpresso.tools.linux_11.5.1.202201181444/tools/bin/../lib/gcc/arm-none-eabi/10.3.1/../../../../arm-none-eabi/lib/thumb/v6-m/nofp/libcr_c.a(ftell.o)
 .ARM.attributes
                0x0000000000000404       0x2c /usr/local/mcuxpressoide-11.5.1_7266/ide/plugins/com.nxp.mcuxpresso.tools.linux_11.5.1.202201181444/tools/bin/../lib/gcc/arm-none-eabi/10.3.1/../../../../arm-none-eabi/lib/thumb/v6-m/nofp/libcr_c.a(initio.o)
 .ARM.attributes
                0x0000000000000430       0x2c /usr/local/mcuxpressoide-11.5.1_7266/ide/plugins/com.nxp.mcuxpresso.tools.linux_11.5.1.202201181444/tools/bin/../lib/gcc/arm-none-eabi/10.3.1/../../../../arm-none-eabi/lib/thumb/v6-m/nofp/libcr_c.a(pow.o)
 .ARM.attributes
                0x000000000000045c       0x2c /usr/local/mcuxpressoide-11.5.1_7266/ide/plugins/com.nxp.mcuxpresso.tools.linux_11.5.1.202201181444/tools/bin/../lib/gcc/arm-none-eabi/10.3.1/../../../../arm-none-eabi/lib/thumb/v6-m/nofp/libcr_c.a(setvbuf.o)
 .ARM.attributes
                0x0000000000000488       0x2c /usr/local/mcuxpressoide-11.5.1_7266/ide/plugins/com.nxp.mcuxpresso.tools.linux_11.5.1.202201181444/tools/bin/../lib/gcc/arm-none-eabi/10.3.1/../../../../arm-none-eabi/lib/thumb/v6-m/nofp/libcr_c.a(strlen.o)
 .ARM.attributes
                0x00000000000004b4       0x2c /usr/local/mcuxpressoide-11.5.1_7266/ide/plugins/com.nxp.mcuxpresso.tools.linux_11.5.1.202201181444/tools/bin/../lib/gcc/arm-none-eabi/10.3.1/../../../../arm-none-eabi/lib/thumb/v6-m/nofp/libcr_c.a(_fdopen.o)
 .ARM.attributes
                0x00000000000004e0       0x2c /usr/local/mcuxpressoide-11.5.1_7266/ide/plugins/com.nxp.mcuxpresso.tools.linux_11.5.1.202201181444/tools/bin/../lib/gcc/arm-none-eabi/10.3.1/../../../../arm-none-eabi/lib/thumb/v6-m/nofp/libcr_c.a(fclose.o)
 .ARM.attributes
                0x000000000000050c       0x2c /usr/local/mcuxpressoide-11.5.1_7266/ide/plugins/com.nxp.mcuxpresso.tools.linux_11.5.1.202201181444/tools/bin/../lib/gcc/arm-none-eabi/10.3.1/../../../../arm-none-eabi/lib/thumb/v6-m/nofp/libcr_c.a(fflush.o)
 .ARM.attributes
                0x0000000000000538       0x2c /usr/local/mcuxpressoide-11.5.1_7266/ide/plugins/com.nxp.mcuxpresso.tools.linux_11.5.1.202201181444/tools/bin/../lib/gcc/arm-none-eabi/10.3.1/../../../../arm-none-eabi/lib/thumb/v6-m/nofp/libcr_c.a(frexp.o)
 .ARM.attributes
                0x0000000000000564       0x2c /usr/local/mcuxpressoide-11.5.1_7266/ide/plugins/com.nxp.mcuxpresso.tools.linux_11.5.1.202201181444/tools/bin/../lib/gcc/arm-none-eabi/10.3.1/../../../../arm-none-eabi/lib/thumb/v6-m/nofp/libcr_c.a(ldexp.o)
 .ARM.attributes
                0x0000000000000590       0x2c /usr/local/mcuxpressoide-11.5.1_7266/ide/plugins/com.nxp.mcuxpresso.tools.linux_11.5.1.202201181444/tools/bin/../lib/gcc/arm-none-eabi/10.3.1/../../../../arm-none-eabi/lib/thumb/v6-m/nofp/libcr_c.a(remove.o)
 .ARM.attributes
                0x00000000000005bc       0x2c /usr/local/mcuxpressoide-11.5.1_7266/ide/plugins/com.nxp.mcuxpresso.tools.linux_11.5.1.202201181444/tools/bin/../lib/gcc/arm-none-eabi/10.3.1/../../../../arm-none-eabi/lib/thumb/v6-m/nofp/libcr_c.a(_do_fflush.o)
 .ARM.attributes
                0x00000000000005e8       0x1c /usr/local/mcuxpressoide-11.5.1_7266/ide/plugins/com.nxp.mcuxpresso.tools.linux_11.5.1.202201181444/tools/bin/../lib/gcc/arm-none-eabi/10.3.1/thumb/v6-m/nofp/libcr_eabihelpers.a(division_32.o)
 .ARM.attributes
                0x0000000000000604       0x1c /usr/local/mcuxpressoide-11.5.1_7266/ide/plugins/com.nxp.mcuxpresso.tools.linux_11.5.1.202201181444/tools/bin/../lib/gcc/arm-none-eabi/10.3.1/thumb/v6-m/nofp/libcr_eabihelpers.a(division_idiv0.o)
 .ARM.attributes
                0x0000000000000620       0x2c /usr/local/mcuxpressoide-11.5.1_7266/ide/plugins/com.nxp.mcuxpresso.tools.linux_11.5.1.202201181444/tools/bin/../lib/gcc/arm-none-eabi/10.3.1/thumb/v6-m/nofp/libcr_eabihelpers.a(double.o)
 .ARM.attributes
                0x000000000000064c       0x1c /usr/local/mcuxpressoide-11.5.1_7266/ide/plugins/com.nxp.mcuxpresso.tools.linux_11.5.1.202201181444/tools/bin/../lib/gcc/arm-none-eabi/10.3.1/thumb/v6-m/nofp/libcr_eabihelpers.a(llong.o)
 .ARM.attributes
                0x0000000000000668       0x1c /usr/local/mcuxpressoide-11.5.1_7266/ide/plugins/com.nxp.mcuxpresso.tools.linux_11.5.1.202201181444/tools/bin/../lib/gcc/arm-none-eabi/10.3.1/thumb/v6-m/nofp/libcr_eabihelpers.a(memcpy.o)
 .ARM.attributes
                0x0000000000000684       0x1c /usr/local/mcuxpressoide-11.5.1_7266/ide/plugins/com.nxp.mcuxpresso.tools.linux_11.5.1.202201181444/tools/bin/../lib/gcc/arm-none-eabi/10.3.1/../../../../arm-none-eabi/lib/thumb/v6-m/nofp/libcr_semihost_nf.a(__sys_close.o)
 .ARM.attributes
                0x00000000000006a0       0x1c /usr/local/mcuxpressoide-11.5.1_7266/ide/plugins/com.nxp.mcuxpresso.tools.linux_11.5.1.202201181444/tools/bin/../lib/gcc/arm-none-eabi/10.3.1/../../../../arm-none-eabi/lib/thumb/v6-m/nofp/libcr_semihost_nf.a(__sys_flen.o)
 .ARM.attributes
                0x00000000000006bc       0x1c /usr/local/mcuxpressoide-11.5.1_7266/ide/plugins/com.nxp.mcuxpresso.tools.linux_11.5.1.202201181444/tools/bin/../lib/gcc/arm-none-eabi/10.3.1/../../../../arm-none-eabi/lib/thumb/v6-m/nofp/libcr_semihost_nf.a(__sys_istty.o)
 .ARM.attributes
                0x00000000000006d8       0x1c /usr/local/mcuxpressoide-11.5.1_7266/ide/plugins/com.nxp.mcuxpresso.tools.linux_11.5.1.202201181444/tools/bin/../lib/gcc/arm-none-eabi/10.3.1/../../../../arm-none-eabi/lib/thumb/v6-m/nofp/libcr_semihost_nf.a(__sys_remove.o)
 .ARM.attributes
                0x00000000000006f4       0x1c /usr/local/mcuxpressoide-11.5.1_7266/ide/plugins/com.nxp.mcuxpresso.tools.linux_11.5.1.202201181444/tools/bin/../lib/gcc/arm-none-eabi/10.3.1/../../../../arm-none-eabi/lib/thumb/v6-m/nofp/libcr_semihost_nf.a(__sys_seek.o)
 .ARM.attributes
                0x0000000000000710       0x1c /usr/local/mcuxpressoide-11.5.1_7266/ide/plugins/com.nxp.mcuxpresso.tools.linux_11.5.1.202201181444/tools/bin/../lib/gcc/arm-none-eabi/10.3.1/../../../../arm-none-eabi/lib/thumb/v6-m/nofp/libcr_semihost_nf.a(__sys_tmpnam.o)
 .ARM.attributes
                0x000000000000072c       0x1c /usr/local/mcuxpressoide-11.5.1_7266/ide/plugins/com.nxp.mcuxpresso.tools.linux_11.5.1.202201181444/tools/bin/../lib/gcc/arm-none-eabi/10.3.1/../../../../arm-none-eabi/lib/thumb/v6-m/nofp/libcr_semihost_nf.a(__sys_write.o)

.debug_frame    0x0000000000000000     0x1138
 .debug_frame   0x0000000000000000      0x3a8 ./startup/startup_k32l2b31a.o
 .debug_frame   0x00000000000003a8       0xc8 ./source/k32l2b3/clock.o
 .debug_frame   0x0000000000000470       0x50 ./source/k32l2b3/delay.o
 .debug_frame   0x00000000000004c0       0x90 ./source/k32l2b3/gpio.o
 .debug_frame   0x0000000000000550      0x190 ./source/k32l2b3/port.o
 .debug_frame   0x00000000000006e0      0x1e8 ./source/k32l2b3/servo.o
 .debug_frame   0x00000000000008c8      0x1b4 ./source/k32l2b3/tpm.o
 .debug_frame   0x0000000000000a7c       0x20 ./source/semihost_hardfault.o
 .debug_frame   0x0000000000000a9c       0xc0 ./source/servoRotationButton.o
 .debug_frame   0x0000000000000b5c      0x4a8 ./drivers/fsl_lpuart.o
 .debug_frame   0x0000000000001004       0x68 ./device/system_K32L2B31A.o
 .debug_frame   0x000000000000106c       0xcc ./board/board.o

Cross Reference Table

Symbol                                            File
ADC0_DriverIRQHandler                             ./startup/startup_k32l2b31a.o
ADC0_IRQHandler                                   ./startup/startup_k32l2b31a.o
BOARD_BootClockRUN                                ./board/clock_config.o
BOARD_BootClockVLPR                               ./board/clock_config.o
BOARD_InitACCEL_I2CPins                           ./board/pin_mux.o
BOARD_InitBUTTONSPins                             ./board/pin_mux.o
BOARD_InitBootClocks                              ./board/clock_config.o
BOARD_InitBootPeripherals                         ./board/peripherals.o
BOARD_InitBootPins                                ./board/pin_mux.o
BOARD_InitDEBUG_UARTPins                          ./board/pin_mux.o
BOARD_InitDebugConsole                            ./board/board.o
BOARD_InitLCDPins                                 ./board/pin_mux.o
BOARD_InitLEDsPins                                ./board/pin_mux.o
BOARD_InitOSCPins                                 ./board/pin_mux.o
BOARD_InitPeripherals                             ./board/peripherals.o
BOARD_InitPins                                    ./board/pin_mux.o
BOARD_InitUSBPins                                 ./board/pin_mux.o
CLOCK_DeinitOsc0                                  ./drivers/fsl_clock.o
CLOCK_EnableUsbfs0Clock                           ./drivers/fsl_clock.o
CLOCK_GetBusClkFreq                               ./drivers/fsl_clock.o
CLOCK_GetCoreSysClkFreq                           ./drivers/fsl_clock.o
CLOCK_GetEr32kClkFreq                             ./drivers/fsl_clock.o
CLOCK_GetFlashClkFreq                             ./drivers/fsl_clock.o
CLOCK_GetFreq                                     ./drivers/fsl_clock.o
                                                  ./board/board.o
CLOCK_GetInternalRefClkFreq                       ./drivers/fsl_clock.o
CLOCK_GetMode                                     ./drivers/fsl_clock.o
CLOCK_GetOsc0ErClkFreq                            ./drivers/fsl_clock.o
CLOCK_GetOutClkFreq                               ./drivers/fsl_clock.o
CLOCK_GetPeriphClkFreq                            ./drivers/fsl_clock.o
CLOCK_GetPlatClkFreq                              ./drivers/fsl_clock.o
CLOCK_InitOsc0                                    ./drivers/fsl_clock.o
CLOCK_SetMcgliteConfig                            ./drivers/fsl_clock.o
                                                  ./board/clock_config.o
CLOCK_SetSimConfig                                ./drivers/fsl_clock.o
                                                  ./board/clock_config.o
CMP0_DriverIRQHandler                             ./startup/startup_k32l2b31a.o
CMP0_IRQHandler                                   ./startup/startup_k32l2b31a.o
DAC0_DriverIRQHandler                             ./startup/startup_k32l2b31a.o
DAC0_IRQHandler                                   ./startup/startup_k32l2b31a.o
DMA0_DriverIRQHandler                             ./startup/startup_k32l2b31a.o
DMA0_IRQHandler                                   ./startup/startup_k32l2b31a.o
DMA1_DriverIRQHandler                             ./startup/startup_k32l2b31a.o
DMA1_IRQHandler                                   ./startup/startup_k32l2b31a.o
DMA2_DriverIRQHandler                             ./startup/startup_k32l2b31a.o
DMA2_IRQHandler                                   ./startup/startup_k32l2b31a.o
DMA3_DriverIRQHandler                             ./startup/startup_k32l2b31a.o
DMA3_IRQHandler                                   ./startup/startup_k32l2b31a.o
DbgConsole_ReadCharacter                          ./utilities/fsl_debug_console.o
DbgConsole_ReadLine                               ./utilities/fsl_debug_console.o
DbgConsole_ReadOneCharacter                       ./utilities/fsl_debug_console.o
DbgConsole_SendData                               ./utilities/fsl_debug_console.o
DbgConsole_SendDataReliable                       ./utilities/fsl_debug_console.o
FGPIO_PinInit                                     ./drivers/fsl_gpio.o
FGPIO_PortClearInterruptFlags                     ./drivers/fsl_gpio.o
FGPIO_PortGetInterruptFlags                       ./drivers/fsl_gpio.o
FTFA_DriverIRQHandler                             ./startup/startup_k32l2b31a.o
FTFA_IRQHandler                                   ./startup/startup_k32l2b31a.o
Flash_Config                                      ./startup/startup_k32l2b31a.o
GPIO_PinInit                                      ./drivers/fsl_gpio.o
                                                  ./board/pin_mux.o
GPIO_PortClearInterruptFlags                      ./drivers/fsl_gpio.o
GPIO_PortGetInterruptFlags                        ./drivers/fsl_gpio.o
HAL_UartDeinit                                    ./component/uart/fsl_adapter_lpuart.o
                                                  ./component/serial_manager/fsl_component_serial_port_uart.o
HAL_UartEnterLowpower                             ./component/uart/fsl_adapter_lpuart.o
                                                  ./component/serial_manager/fsl_component_serial_port_uart.o
HAL_UartExitLowpower                              ./component/uart/fsl_adapter_lpuart.o
                                                  ./component/serial_manager/fsl_component_serial_port_uart.o
HAL_UartInit                                      ./component/uart/fsl_adapter_lpuart.o
                                                  ./component/serial_manager/fsl_component_serial_port_uart.o
HAL_UartReceiveBlocking                           ./component/uart/fsl_adapter_lpuart.o
                                                  ./component/serial_manager/fsl_component_serial_port_uart.o
HAL_UartSendBlocking                              ./component/uart/fsl_adapter_lpuart.o
                                                  ./component/serial_manager/fsl_component_serial_port_uart.o
HardFault_Handler                                 ./source/semihost_hardfault.o
                                                  ./startup/startup_k32l2b31a.o
I2C0_DriverIRQHandler                             ./startup/startup_k32l2b31a.o
I2C0_IRQHandler                                   ./startup/startup_k32l2b31a.o
I2C1_DriverIRQHandler                             ./startup/startup_k32l2b31a.o
I2C1_IRQHandler                                   ./startup/startup_k32l2b31a.o
IntDefaultHandler                                 ./startup/startup_k32l2b31a.o
LCD_DriverIRQHandler                              ./startup/startup_k32l2b31a.o
LCD_IRQHandler                                    ./startup/startup_k32l2b31a.o
LIST_AddHead                                      ./component/lists/fsl_component_generic_list.o
LIST_AddPrevElement                               ./component/lists/fsl_component_generic_list.o
LIST_AddTail                                      ./component/lists/fsl_component_generic_list.o
LIST_GetAvailableSize                             ./component/lists/fsl_component_generic_list.o
LIST_GetHead                                      ./component/lists/fsl_component_generic_list.o
LIST_GetList                                      ./component/lists/fsl_component_generic_list.o
LIST_GetNext                                      ./component/lists/fsl_component_generic_list.o
LIST_GetPrev                                      ./component/lists/fsl_component_generic_list.o
LIST_GetSize                                      ./component/lists/fsl_component_generic_list.o
LIST_Init                                         ./component/lists/fsl_component_generic_list.o
LIST_RemoveElement                                ./component/lists/fsl_component_generic_list.o
LIST_RemoveHead                                   ./component/lists/fsl_component_generic_list.o
LLWU_DriverIRQHandler                             ./startup/startup_k32l2b31a.o
LLWU_IRQHandler                                   ./startup/startup_k32l2b31a.o
LPTMR0_DriverIRQHandler                           ./startup/startup_k32l2b31a.o
LPTMR0_IRQHandler                                 ./startup/startup_k32l2b31a.o
LPUART0_DriverIRQHandler                          ./drivers/fsl_lpuart.o
                                                  ./startup/startup_k32l2b31a.o
LPUART0_IRQHandler                                ./startup/startup_k32l2b31a.o
LPUART1_DriverIRQHandler                          ./drivers/fsl_lpuart.o
                                                  ./startup/startup_k32l2b31a.o
LPUART1_IRQHandler                                ./startup/startup_k32l2b31a.o
LPUART_ClearStatusFlags                           ./drivers/fsl_lpuart.o
LPUART_Deinit                                     ./drivers/fsl_lpuart.o
                                                  ./component/uart/fsl_adapter_lpuart.o
LPUART_DisableInterrupts                          ./drivers/fsl_lpuart.o
LPUART_Enable9bitMode                             ./drivers/fsl_lpuart.o
LPUART_EnableInterrupts                           ./drivers/fsl_lpuart.o
LPUART_GetDefaultConfig                           ./drivers/fsl_lpuart.o
                                                  ./component/uart/fsl_adapter_lpuart.o
LPUART_GetEnabledInterrupts                       ./drivers/fsl_lpuart.o
LPUART_GetInstance                                ./drivers/fsl_lpuart.o
LPUART_GetStatusFlags                             ./drivers/fsl_lpuart.o
LPUART_Init                                       ./drivers/fsl_lpuart.o
                                                  ./component/uart/fsl_adapter_lpuart.o
LPUART_ReadBlocking                               ./drivers/fsl_lpuart.o
                                                  ./component/uart/fsl_adapter_lpuart.o
LPUART_SendAddress                                ./drivers/fsl_lpuart.o
LPUART_SetBaudRate                                ./drivers/fsl_lpuart.o
LPUART_TransferAbortReceive                       ./drivers/fsl_lpuart.o
LPUART_TransferAbortSend                          ./drivers/fsl_lpuart.o
LPUART_TransferCreateHandle                       ./drivers/fsl_lpuart.o
LPUART_TransferGetReceiveCount                    ./drivers/fsl_lpuart.o
LPUART_TransferGetRxRingBufferLength              ./drivers/fsl_lpuart.o
LPUART_TransferGetSendCount                       ./drivers/fsl_lpuart.o
LPUART_TransferHandleErrorIRQ                     ./drivers/fsl_lpuart.o
LPUART_TransferHandleIRQ                          ./drivers/fsl_lpuart.o
LPUART_TransferReceiveNonBlocking                 ./drivers/fsl_lpuart.o
LPUART_TransferSendNonBlocking                    ./drivers/fsl_lpuart.o
LPUART_TransferStartRingBuffer                    ./drivers/fsl_lpuart.o
LPUART_TransferStopRingBuffer                     ./drivers/fsl_lpuart.o
LPUART_WriteBlocking                              ./drivers/fsl_lpuart.o
                                                  ./component/uart/fsl_adapter_lpuart.o
NMI_Handler                                       ./startup/startup_k32l2b31a.o
PIT_DriverIRQHandler                              ./startup/startup_k32l2b31a.o
PIT_IRQHandler                                    ./startup/startup_k32l2b31a.o
PMC_DriverIRQHandler                              ./startup/startup_k32l2b31a.o
PMC_IRQHandler                                    ./startup/startup_k32l2b31a.o
PORTA_DriverIRQHandler                            ./startup/startup_k32l2b31a.o
PORTA_IRQHandler                                  ./source/servoRotationButton.o
                                                  ./startup/startup_k32l2b31a.o
PORTC_PORTD_DriverIRQHandler                      ./startup/startup_k32l2b31a.o
PORTC_PORTD_IRQHandler                            ./source/servoRotationButton.o
                                                  ./startup/startup_k32l2b31a.o
PendSV_Handler                                    ./startup/startup_k32l2b31a.o
RTC_DriverIRQHandler                              ./startup/startup_k32l2b31a.o
RTC_IRQHandler                                    ./startup/startup_k32l2b31a.o
RTC_Seconds_DriverIRQHandler                      ./startup/startup_k32l2b31a.o
RTC_Seconds_IRQHandler                            ./startup/startup_k32l2b31a.o
Reserved20_DriverIRQHandler                       ./startup/startup_k32l2b31a.o
Reserved20_IRQHandler                             ./startup/startup_k32l2b31a.o
Reserved39_DriverIRQHandler                       ./startup/startup_k32l2b31a.o
Reserved39_IRQHandler                             ./startup/startup_k32l2b31a.o
Reserved42_DriverIRQHandler                       ./startup/startup_k32l2b31a.o
Reserved42_IRQHandler                             ./startup/startup_k32l2b31a.o
Reserved43_DriverIRQHandler                       ./startup/startup_k32l2b31a.o
Reserved43_IRQHandler                             ./startup/startup_k32l2b31a.o
ResetISR                                          ./startup/startup_k32l2b31a.o
SDK_DelayAtLeastUs                                ./drivers/fsl_common_arm.o
SDK_Free                                          ./drivers/fsl_common.o
SDK_Malloc                                        ./drivers/fsl_common.o
SMC_PostExitStopModes                             ./drivers/fsl_smc.o
SMC_PostExitWaitModes                             ./drivers/fsl_smc.o
SMC_PreEnterStopModes                             ./drivers/fsl_smc.o
SMC_PreEnterWaitModes                             ./drivers/fsl_smc.o
SMC_SetPowerModeLls                               ./drivers/fsl_smc.o
SMC_SetPowerModeRun                               ./drivers/fsl_smc.o
SMC_SetPowerModeStop                              ./drivers/fsl_smc.o
SMC_SetPowerModeVlls                              ./drivers/fsl_smc.o
SMC_SetPowerModeVlpr                              ./drivers/fsl_smc.o
                                                  ./board/clock_config.o
SMC_SetPowerModeVlps                              ./drivers/fsl_smc.o
SMC_SetPowerModeVlpw                              ./drivers/fsl_smc.o
SMC_SetPowerModeWait                              ./drivers/fsl_smc.o
SPI0_DriverIRQHandler                             ./startup/startup_k32l2b31a.o
SPI0_IRQHandler                                   ./startup/startup_k32l2b31a.o
SPI1_DriverIRQHandler                             ./startup/startup_k32l2b31a.o
SPI1_IRQHandler                                   ./startup/startup_k32l2b31a.o
SVC_Handler                                       ./startup/startup_k32l2b31a.o
SerialManager_CloseReadHandle                     ./component/serial_manager/fsl_component_serial_manager.o
SerialManager_CloseWriteHandle                    ./component/serial_manager/fsl_component_serial_manager.o
SerialManager_Deinit                              ./component/serial_manager/fsl_component_serial_manager.o
SerialManager_EnterLowpower                       ./component/serial_manager/fsl_component_serial_manager.o
SerialManager_ExitLowpower                        ./component/serial_manager/fsl_component_serial_manager.o
SerialManager_Init                                ./component/serial_manager/fsl_component_serial_manager.o
SerialManager_OpenReadHandle                      ./component/serial_manager/fsl_component_serial_manager.o
SerialManager_OpenWriteHandle                     ./component/serial_manager/fsl_component_serial_manager.o
SerialManager_ReadBlocking                        ./component/serial_manager/fsl_component_serial_manager.o
                                                  ./utilities/fsl_debug_console.o
SerialManager_WriteBlocking                       ./component/serial_manager/fsl_component_serial_manager.o
                                                  ./utilities/fsl_debug_console.o
Serial_UartDeinit                                 ./component/serial_manager/fsl_component_serial_port_uart.o
                                                  ./component/serial_manager/fsl_component_serial_manager.o
Serial_UartEnterLowpower                          ./component/serial_manager/fsl_component_serial_port_uart.o
                                                  ./component/serial_manager/fsl_component_serial_manager.o
Serial_UartExitLowpower                           ./component/serial_manager/fsl_component_serial_port_uart.o
                                                  ./component/serial_manager/fsl_component_serial_manager.o
Serial_UartInit                                   ./component/serial_manager/fsl_component_serial_port_uart.o
                                                  ./component/serial_manager/fsl_component_serial_manager.o
Serial_UartRead                                   ./component/serial_manager/fsl_component_serial_port_uart.o
                                                  ./component/serial_manager/fsl_component_serial_manager.o
Serial_UartWrite                                  ./component/serial_manager/fsl_component_serial_port_uart.o
                                                  ./component/serial_manager/fsl_component_serial_manager.o
StrFormatPrintf                                   ./utilities/fsl_str.o
StrFormatScanf                                    ./utilities/fsl_str.o
SysTick_Handler                                   ./startup/startup_k32l2b31a.o
SystemCoreClock                                   ./device/system_K32L2B31A.o
                                                  ./board/clock_config.o
SystemCoreClockUpdate                             ./device/system_K32L2B31A.o
SystemInit                                        ./device/system_K32L2B31A.o
                                                  ./startup/startup_k32l2b31a.o
SystemInitHook                                    ./board/board.o
                                                  ./device/system_K32L2B31A.o
TPM0_DriverIRQHandler                             ./startup/startup_k32l2b31a.o
TPM0_IRQHandler                                   ./startup/startup_k32l2b31a.o
TPM1_DriverIRQHandler                             ./startup/startup_k32l2b31a.o
TPM1_IRQHandler                                   ./startup/startup_k32l2b31a.o
TPM2_DriverIRQHandler                             ./startup/startup_k32l2b31a.o
TPM2_IRQHandler                                   ./startup/startup_k32l2b31a.o
TPM_CalculateCounterClkDiv                        ./drivers/fsl_tpm.o
TPM_Deinit                                        ./drivers/fsl_tpm.o
TPM_DisableInterrupts                             ./drivers/fsl_tpm.o
TPM_EnableInterrupts                              ./drivers/fsl_tpm.o
TPM_GetDefaultConfig                              ./drivers/fsl_tpm.o
TPM_GetEnabledInterrupts                          ./drivers/fsl_tpm.o
TPM_Init                                          ./drivers/fsl_tpm.o
TPM_SetupInputCapture                             ./drivers/fsl_tpm.o
TPM_SetupOutputCompare                            ./drivers/fsl_tpm.o
TPM_SetupPwm                                      ./drivers/fsl_tpm.o
TPM_UpdateChnlEdgeLevelSelect                     ./drivers/fsl_tpm.o
TPM_UpdatePwmDutycycle                            ./drivers/fsl_tpm.o
UART2_FLEXIO_DriverIRQHandler                     ./startup/startup_k32l2b31a.o
UART2_FLEXIO_IRQHandler                           ./startup/startup_k32l2b31a.o
USB0_DriverIRQHandler                             ./startup/startup_k32l2b31a.o
USB0_IRQHandler                                   ./startup/startup_k32l2b31a.o
_Csys_alloc                                       /usr/local/mcuxpressoide-11.5.1_7266/ide/plugins/com.nxp.mcuxpresso.tools.linux_11.5.1.202201181444/tools/bin/../lib/gcc/arm-none-eabi/10.3.1/../../../../arm-none-eabi/lib/thumb/v6-m/nofp/libcr_c.a(alloc.o)
                                                  /usr/local/mcuxpressoide-11.5.1_7266/ide/plugins/com.nxp.mcuxpresso.tools.linux_11.5.1.202201181444/tools/bin/../lib/gcc/arm-none-eabi/10.3.1/../../../../arm-none-eabi/lib/thumb/v6-m/nofp/libcr_c.a(__fillbuf.o)
                                                  /usr/local/mcuxpressoide-11.5.1_7266/ide/plugins/com.nxp.mcuxpresso.tools.linux_11.5.1.202201181444/tools/bin/../lib/gcc/arm-none-eabi/10.3.1/../../../../arm-none-eabi/lib/thumb/v6-m/nofp/libcr_c.a(_deferredlazyseek.o)
_Csys_read_                                       /usr/local/mcuxpressoide-11.5.1_7266/ide/plugins/com.nxp.mcuxpresso.tools.linux_11.5.1.202201181444/tools/bin/../lib/gcc/arm-none-eabi/10.3.1/../../../../arm-none-eabi/lib/thumb/v6-m/nofp/libcr_c.a(__fillbuf.o)
_Cwritebuf                                        /usr/local/mcuxpressoide-11.5.1_7266/ide/plugins/com.nxp.mcuxpresso.tools.linux_11.5.1.202201181444/tools/bin/../lib/gcc/arm-none-eabi/10.3.1/../../../../arm-none-eabi/lib/thumb/v6-m/nofp/libcr_c.a(_writebuf.o)
                                                  /usr/local/mcuxpressoide-11.5.1_7266/ide/plugins/com.nxp.mcuxpresso.tools.linux_11.5.1.202201181444/tools/bin/../lib/gcc/arm-none-eabi/10.3.1/../../../../arm-none-eabi/lib/thumb/v6-m/nofp/libcr_c.a(_fflush.o)
                                                  /usr/local/mcuxpressoide-11.5.1_7266/ide/plugins/com.nxp.mcuxpresso.tools.linux_11.5.1.202201181444/tools/bin/../lib/gcc/arm-none-eabi/10.3.1/../../../../arm-none-eabi/lib/thumb/v6-m/nofp/libcr_c.a(_deferredlazyseek.o)
__CR_SEMIHOST                                     /usr/local/mcuxpressoide-11.5.1_7266/ide/plugins/com.nxp.mcuxpresso.tools.linux_11.5.1.202201181444/tools/bin/../lib/gcc/arm-none-eabi/10.3.1/../../../../arm-none-eabi/lib/thumb/v6-m/nofp/libcr_semihost_nf.a(_cr__main.o)
__Ciob                                            /usr/local/mcuxpressoide-11.5.1_7266/ide/plugins/com.nxp.mcuxpresso.tools.linux_11.5.1.202201181444/tools/bin/../lib/gcc/arm-none-eabi/10.3.1/../../../../arm-none-eabi/lib/thumb/v6-m/nofp/libcr_semihost_nf.a(__ciob.o)
                                                  /usr/local/mcuxpressoide-11.5.1_7266/ide/plugins/com.nxp.mcuxpresso.tools.linux_11.5.1.202201181444/tools/bin/../lib/gcc/arm-none-eabi/10.3.1/../../../../arm-none-eabi/lib/thumb/v6-m/nofp/libcr_c.a(fflush.o)
                                                  /usr/local/mcuxpressoide-11.5.1_7266/ide/plugins/com.nxp.mcuxpresso.tools.linux_11.5.1.202201181444/tools/bin/../lib/gcc/arm-none-eabi/10.3.1/../../../../arm-none-eabi/lib/thumb/v6-m/nofp/libcr_c.a(scanf.o)
                                                  /usr/local/mcuxpressoide-11.5.1_7266/ide/plugins/com.nxp.mcuxpresso.tools.linux_11.5.1.202201181444/tools/bin/../lib/gcc/arm-none-eabi/10.3.1/../../../../arm-none-eabi/lib/thumb/v6-m/nofp/libcr_c.a(initio.o)
                                                  /usr/local/mcuxpressoide-11.5.1_7266/ide/plugins/com.nxp.mcuxpresso.tools.linux_11.5.1.202201181444/tools/bin/../lib/gcc/arm-none-eabi/10.3.1/../../../../arm-none-eabi/lib/thumb/v6-m/nofp/libcr_semihost_nf.a(_cr_assert.o)
__Vectors                                         ./startup/startup_k32l2b31a.o
__aeabi_cdcmpeq                                   /usr/local/mcuxpressoide-11.5.1_7266/ide/plugins/com.nxp.mcuxpresso.tools.linux_11.5.1.202201181444/tools/bin/../lib/gcc/arm-none-eabi/10.3.1/thumb/v6-m/nofp/libcr_eabihelpers.a(double.o)
__aeabi_cdcmple                                   /usr/local/mcuxpressoide-11.5.1_7266/ide/plugins/com.nxp.mcuxpresso.tools.linux_11.5.1.202201181444/tools/bin/../lib/gcc/arm-none-eabi/10.3.1/thumb/v6-m/nofp/libcr_eabihelpers.a(double.o)
__aeabi_cdrcmple                                  /usr/local/mcuxpressoide-11.5.1_7266/ide/plugins/com.nxp.mcuxpresso.tools.linux_11.5.1.202201181444/tools/bin/../lib/gcc/arm-none-eabi/10.3.1/thumb/v6-m/nofp/libcr_eabihelpers.a(double.o)
__aeabi_d2f                                       /usr/local/mcuxpressoide-11.5.1_7266/ide/plugins/com.nxp.mcuxpresso.tools.linux_11.5.1.202201181444/tools/bin/../lib/gcc/arm-none-eabi/10.3.1/thumb/v6-m/nofp/libcr_eabihelpers.a(double.o)
                                                  /usr/local/mcuxpressoide-11.5.1_7266/ide/plugins/com.nxp.mcuxpresso.tools.linux_11.5.1.202201181444/tools/bin/../lib/gcc/arm-none-eabi/10.3.1/../../../../arm-none-eabi/lib/thumb/v6-m/nofp/libcr_c.a(scanf.o)
__aeabi_d2iz                                      /usr/local/mcuxpressoide-11.5.1_7266/ide/plugins/com.nxp.mcuxpresso.tools.linux_11.5.1.202201181444/tools/bin/../lib/gcc/arm-none-eabi/10.3.1/thumb/v6-m/nofp/libcr_eabihelpers.a(double.o)
                                                  /usr/local/mcuxpressoide-11.5.1_7266/ide/plugins/com.nxp.mcuxpresso.tools.linux_11.5.1.202201181444/tools/bin/../lib/gcc/arm-none-eabi/10.3.1/../../../../arm-none-eabi/lib/thumb/v6-m/nofp/libcr_c.a(pow.o)
__aeabi_d2lz                                      /usr/local/mcuxpressoide-11.5.1_7266/ide/plugins/com.nxp.mcuxpresso.tools.linux_11.5.1.202201181444/tools/bin/../lib/gcc/arm-none-eabi/10.3.1/thumb/v6-m/nofp/libcr_eabihelpers.a(double.o)
__aeabi_d2uiz                                     /usr/local/mcuxpressoide-11.5.1_7266/ide/plugins/com.nxp.mcuxpresso.tools.linux_11.5.1.202201181444/tools/bin/../lib/gcc/arm-none-eabi/10.3.1/thumb/v6-m/nofp/libcr_eabihelpers.a(double.o)
                                                  ./source/k32l2b3/tpm.o
                                                  ./source/k32l2b3/servo.o
__aeabi_d2ulz                                     /usr/local/mcuxpressoide-11.5.1_7266/ide/plugins/com.nxp.mcuxpresso.tools.linux_11.5.1.202201181444/tools/bin/../lib/gcc/arm-none-eabi/10.3.1/thumb/v6-m/nofp/libcr_eabihelpers.a(double.o)
__aeabi_dadd                                      /usr/local/mcuxpressoide-11.5.1_7266/ide/plugins/com.nxp.mcuxpresso.tools.linux_11.5.1.202201181444/tools/bin/../lib/gcc/arm-none-eabi/10.3.1/thumb/v6-m/nofp/libcr_eabihelpers.a(double.o)
                                                  /usr/local/mcuxpressoide-11.5.1_7266/ide/plugins/com.nxp.mcuxpresso.tools.linux_11.5.1.202201181444/tools/bin/../lib/gcc/arm-none-eabi/10.3.1/../../../../arm-none-eabi/lib/thumb/v6-m/nofp/libcr_c.a(scanf.o)
                                                  /usr/local/mcuxpressoide-11.5.1_7266/ide/plugins/com.nxp.mcuxpresso.tools.linux_11.5.1.202201181444/tools/bin/../lib/gcc/arm-none-eabi/10.3.1/../../../../arm-none-eabi/lib/thumb/v6-m/nofp/libcr_c.a(pow.o)
__aeabi_dcmpeq                                    /usr/local/mcuxpressoide-11.5.1_7266/ide/plugins/com.nxp.mcuxpresso.tools.linux_11.5.1.202201181444/tools/bin/../lib/gcc/arm-none-eabi/10.3.1/thumb/v6-m/nofp/libcr_eabihelpers.a(double.o)
                                                  /usr/local/mcuxpressoide-11.5.1_7266/ide/plugins/com.nxp.mcuxpresso.tools.linux_11.5.1.202201181444/tools/bin/../lib/gcc/arm-none-eabi/10.3.1/../../../../arm-none-eabi/lib/thumb/v6-m/nofp/libcr_c.a(ldexp.o)
                                                  /usr/local/mcuxpressoide-11.5.1_7266/ide/plugins/com.nxp.mcuxpresso.tools.linux_11.5.1.202201181444/tools/bin/../lib/gcc/arm-none-eabi/10.3.1/../../../../arm-none-eabi/lib/thumb/v6-m/nofp/libcr_c.a(frexp.o)
                                                  /usr/local/mcuxpressoide-11.5.1_7266/ide/plugins/com.nxp.mcuxpresso.tools.linux_11.5.1.202201181444/tools/bin/../lib/gcc/arm-none-eabi/10.3.1/../../../../arm-none-eabi/lib/thumb/v6-m/nofp/libcr_c.a(_ldexpl.o)
                                                  /usr/local/mcuxpressoide-11.5.1_7266/ide/plugins/com.nxp.mcuxpresso.tools.linux_11.5.1.202201181444/tools/bin/../lib/gcc/arm-none-eabi/10.3.1/../../../../arm-none-eabi/lib/thumb/v6-m/nofp/libcr_c.a(_frexpl.o)
                                                  /usr/local/mcuxpressoide-11.5.1_7266/ide/plugins/com.nxp.mcuxpresso.tools.linux_11.5.1.202201181444/tools/bin/../lib/gcc/arm-none-eabi/10.3.1/../../../../arm-none-eabi/lib/thumb/v6-m/nofp/libcr_c.a(scanf.o)
                                                  /usr/local/mcuxpressoide-11.5.1_7266/ide/plugins/com.nxp.mcuxpresso.tools.linux_11.5.1.202201181444/tools/bin/../lib/gcc/arm-none-eabi/10.3.1/../../../../arm-none-eabi/lib/thumb/v6-m/nofp/libcr_c.a(pow.o)