/home/pedrobotelho15/Área de Trabalho/Projetos com NXP/PIT_KL25Z/CMSIS/core_cm0plus.h:745:22:NVIC_EnableIRQ	16	static
/home/pedrobotelho15/Área de Trabalho/Projetos com NXP/PIT_KL25Z/drivers/fsl_clock.h:584:20:CLOCK_EnableClock	24	static
/home/pedrobotelho15/Área de Trabalho/Projetos com NXP/PIT_KL25Z/drivers/fsl_gpio.h:197:20:GPIO_TogglePinsOutput	16	static
/home/pedrobotelho15/Área de Trabalho/Projetos com NXP/PIT_KL25Z/drivers/fsl_port.h:321:20:PORT_SetPinMux	24	static
/home/pedrobotelho15/Área de Trabalho/Projetos com NXP/PIT_KL25Z/drivers/fsl_pit.h:127:20:PIT_GetDefaultConfig	16	static
/home/pedrobotelho15/Área de Trabalho/Projetos com NXP/PIT_KL25Z/drivers/fsl_pit.h:181:20:PIT_EnableInterrupts	24	static
/home/pedrobotelho15/Área de Trabalho/Projetos com NXP/PIT_KL25Z/drivers/fsl_pit.h:229:24:PIT_GetStatusFlags	16	static
/home/pedrobotelho15/Área de Trabalho/Projetos com NXP/PIT_KL25Z/drivers/fsl_pit.h:242:20:PIT_ClearStatusFlags	24	static
/home/pedrobotelho15/Área de Trabalho/Projetos com NXP/PIT_KL25Z/drivers/fsl_pit.h:268:20:PIT_SetTimerPeriod	24	static
/home/pedrobotelho15/Área de Trabalho/Projetos com NXP/PIT_KL25Z/drivers/fsl_pit.h:308:20:PIT_StartTimer	16	static
../source/PIT_BASIC_SDK.c:21:5:main	8	static
../source/PIT_BASIC_SDK.c:28:6:PIT_IRQHandler	8	static
../source/PIT_BASIC_SDK.c:44:6:LEDS_Init	16	static
../source/PIT_BASIC_SDK.c:57:6:PIT0_Init	8	static
../source/PIT_BASIC_SDK.c:79:6:PIT1_Init	8	static
