../startup/startup_k32l2b31a.c:247:6:data_init	8	static
../startup/startup_k32l2b31a.c:256:6:bss_init	0	static
../startup/startup_k32l2b31a.c:281:6:ResetISR	0	static
../startup/startup_k32l2b31a.c:365:14:NMI_Handler	0	static
../startup/startup_k32l2b31a.c:369:14:HardFault_Handler	0	static
../startup/startup_k32l2b31a.c:373:14:SVC_Handler	0	static
../startup/startup_k32l2b31a.c:377:14:PendSV_Handler	0	static
../startup/startup_k32l2b31a.c:381:14:SysTick_Handler	0	static
../startup/startup_k32l2b31a.c:389:14:IntDefaultHandler	0	static
../startup/startup_k32l2b31a.c:399:14:DMA0_IRQHandler	8	static
../startup/startup_k32l2b31a.c:403:14:DMA1_IRQHandler	8	static
../startup/startup_k32l2b31a.c:407:14:DMA2_IRQHandler	8	static
../startup/startup_k32l2b31a.c:411:14:DMA3_IRQHandler	8	static
../startup/startup_k32l2b31a.c:415:14:Reserved20_IRQHandler	8	static
../startup/startup_k32l2b31a.c:419:14:FTFA_IRQHandler	8	static
../startup/startup_k32l2b31a.c:423:14:PMC_IRQHandler	8	static
../startup/startup_k32l2b31a.c:427:14:LLWU_IRQHandler	8	static
../startup/startup_k32l2b31a.c:431:14:I2C0_IRQHandler	8	static
../startup/startup_k32l2b31a.c:435:14:I2C1_IRQHandler	8	static
../startup/startup_k32l2b31a.c:439:14:SPI0_IRQHandler	8	static
../startup/startup_k32l2b31a.c:443:14:SPI1_IRQHandler	8	static
../startup/startup_k32l2b31a.c:447:14:LPUART0_IRQHandler	8	static
../startup/startup_k32l2b31a.c:451:14:LPUART1_IRQHandler	8	static
../startup/startup_k32l2b31a.c:455:14:UART2_FLEXIO_IRQHandler	8	static
../startup/startup_k32l2b31a.c:459:14:ADC0_IRQHandler	8	static
../startup/startup_k32l2b31a.c:463:14:CMP0_IRQHandler	8	static
../startup/startup_k32l2b31a.c:467:14:TPM0_IRQHandler	8	static
../startup/startup_k32l2b31a.c:471:14:TPM1_IRQHandler	8	static
../startup/startup_k32l2b31a.c:475:14:TPM2_IRQHandler	8	static
../startup/startup_k32l2b31a.c:479:14:RTC_IRQHandler	8	static
../startup/startup_k32l2b31a.c:483:14:RTC_Seconds_IRQHandler	8	static
../startup/startup_k32l2b31a.c:487:14:PIT_IRQHandler	8	static
../startup/startup_k32l2b31a.c:491:14:Reserved39_IRQHandler	8	static
../startup/startup_k32l2b31a.c:495:14:USB0_IRQHandler	8	static
../startup/startup_k32l2b31a.c:499:14:DAC0_IRQHandler	8	static
../startup/startup_k32l2b31a.c:503:14:Reserved42_IRQHandler	8	static
../startup/startup_k32l2b31a.c:507:14:Reserved43_IRQHandler	8	static
../startup/startup_k32l2b31a.c:511:14:LPTMR0_IRQHandler	8	static
../startup/startup_k32l2b31a.c:515:14:LCD_IRQHandler	8	static
../startup/startup_k32l2b31a.c:519:14:PORTA_IRQHandler	8	static
../startup/startup_k32l2b31a.c:523:14:PORTC_PORTD_IRQHandler	8	static
