Archive member included to satisfy reference by file (symbol)

/usr/local/mcuxpressoide-11.5.1_7266/ide/plugins/com.nxp.mcuxpresso.tools.linux_11.5.1.202201181444/tools/bin/../lib/gcc/arm-none-eabi/10.3.1/../../../../arm-none-eabi/lib/thumb/v6-m/nofp/libcr_nohost_nf.a(_cr__main.o)
                              ./startup/startup_mkl25z4.o (__main)
/usr/local/mcuxpressoide-11.5.1_7266/ide/plugins/com.nxp.mcuxpresso.tools.linux_11.5.1.202201181444/tools/bin/../lib/gcc/arm-none-eabi/10.3.1/../../../../arm-none-eabi/lib/thumb/v6-m/nofp/libcr_c.a(memcpy.o)
                              ./drivers/fsl_flash.o (memcpy)
/usr/local/mcuxpressoide-11.5.1_7266/ide/plugins/com.nxp.mcuxpresso.tools.linux_11.5.1.202201181444/tools/bin/../lib/gcc/arm-none-eabi/10.3.1/../../../../arm-none-eabi/lib/thumb/v6-m/nofp/libcr_c.a(memset.o)
                              ./drivers/fsl_flash.o (memset)
/usr/local/mcuxpressoide-11.5.1_7266/ide/plugins/com.nxp.mcuxpresso.tools.linux_11.5.1.202201181444/tools/bin/../lib/gcc/arm-none-eabi/10.3.1/../../../../arm-none-eabi/lib/thumb/v6-m/nofp/libcr_c.a(initio.o)
                              /usr/local/mcuxpressoide-11.5.1_7266/ide/plugins/com.nxp.mcuxpresso.tools.linux_11.5.1.202201181444/tools/bin/../lib/gcc/arm-none-eabi/10.3.1/../../../../arm-none-eabi/lib/thumb/v6-m/nofp/libcr_nohost_nf.a(_cr__main.o) (_initio)
/usr/local/mcuxpressoide-11.5.1_7266/ide/plugins/com.nxp.mcuxpresso.tools.linux_11.5.1.202201181444/tools/bin/../lib/gcc/arm-none-eabi/10.3.1/../../../../arm-none-eabi/lib/thumb/v6-m/nofp/libcr_c.a(setvbuf.o)
                              /usr/local/mcuxpressoide-11.5.1_7266/ide/plugins/com.nxp.mcuxpresso.tools.linux_11.5.1.202201181444/tools/bin/../lib/gcc/arm-none-eabi/10.3.1/../../../../arm-none-eabi/lib/thumb/v6-m/nofp/libcr_c.a(initio.o) (setvbuf)
/usr/local/mcuxpressoide-11.5.1_7266/ide/plugins/com.nxp.mcuxpresso.tools.linux_11.5.1.202201181444/tools/bin/../lib/gcc/arm-none-eabi/10.3.1/../../../../arm-none-eabi/lib/thumb/v6-m/nofp/libcr_c.a(strlen.o)
                              ./utilities/fsl_debug_console.o (strlen)
/usr/local/mcuxpressoide-11.5.1_7266/ide/plugins/com.nxp.mcuxpresso.tools.linux_11.5.1.202201181444/tools/bin/../lib/gcc/arm-none-eabi/10.3.1/../../../../arm-none-eabi/lib/thumb/v6-m/nofp/libcr_c.a(_fdopen.o)
                              /usr/local/mcuxpressoide-11.5.1_7266/ide/plugins/com.nxp.mcuxpresso.tools.linux_11.5.1.202201181444/tools/bin/../lib/gcc/arm-none-eabi/10.3.1/../../../../arm-none-eabi/lib/thumb/v6-m/nofp/libcr_c.a(initio.o) (_fdopen)
/usr/local/mcuxpressoide-11.5.1_7266/ide/plugins/com.nxp.mcuxpresso.tools.linux_11.5.1.202201181444/tools/bin/../lib/gcc/arm-none-eabi/10.3.1/../../../../arm-none-eabi/lib/thumb/v6-m/nofp/libcr_c.a(fclose.o)
                              /usr/local/mcuxpressoide-11.5.1_7266/ide/plugins/com.nxp.mcuxpresso.tools.linux_11.5.1.202201181444/tools/bin/../lib/gcc/arm-none-eabi/10.3.1/../../../../arm-none-eabi/lib/thumb/v6-m/nofp/libcr_c.a(initio.o) (fclose)
/usr/local/mcuxpressoide-11.5.1_7266/ide/plugins/com.nxp.mcuxpresso.tools.linux_11.5.1.202201181444/tools/bin/../lib/gcc/arm-none-eabi/10.3.1/../../../../arm-none-eabi/lib/thumb/v6-m/nofp/libcr_c.a(fflush.o)
                              /usr/local/mcuxpressoide-11.5.1_7266/ide/plugins/com.nxp.mcuxpresso.tools.linux_11.5.1.202201181444/tools/bin/../lib/gcc/arm-none-eabi/10.3.1/../../../../arm-none-eabi/lib/thumb/v6-m/nofp/libcr_c.a(fclose.o) (fflush)
/usr/local/mcuxpressoide-11.5.1_7266/ide/plugins/com.nxp.mcuxpresso.tools.linux_11.5.1.202201181444/tools/bin/../lib/gcc/arm-none-eabi/10.3.1/../../../../arm-none-eabi/lib/thumb/v6-m/nofp/libcr_c.a(fseek.o)
                              /usr/local/mcuxpressoide-11.5.1_7266/ide/plugins/com.nxp.mcuxpresso.tools.linux_11.5.1.202201181444/tools/bin/../lib/gcc/arm-none-eabi/10.3.1/../../../../arm-none-eabi/lib/thumb/v6-m/nofp/libcr_c.a(_fdopen.o) (fseek)
/usr/local/mcuxpressoide-11.5.1_7266/ide/plugins/com.nxp.mcuxpresso.tools.linux_11.5.1.202201181444/tools/bin/../lib/gcc/arm-none-eabi/10.3.1/../../../../arm-none-eabi/lib/thumb/v6-m/nofp/libcr_c.a(ftell.o)
                              /usr/local/mcuxpressoide-11.5.1_7266/ide/plugins/com.nxp.mcuxpresso.tools.linux_11.5.1.202201181444/tools/bin/../lib/gcc/arm-none-eabi/10.3.1/../../../../arm-none-eabi/lib/thumb/v6-m/nofp/libcr_c.a(fseek.o) (ftell)
/usr/local/mcuxpressoide-11.5.1_7266/ide/plugins/com.nxp.mcuxpresso.tools.linux_11.5.1.202201181444/tools/bin/../lib/gcc/arm-none-eabi/10.3.1/../../../../arm-none-eabi/lib/thumb/v6-m/nofp/libcr_c.a(remove.o)
                              /usr/local/mcuxpressoide-11.5.1_7266/ide/plugins/com.nxp.mcuxpresso.tools.linux_11.5.1.202201181444/tools/bin/../lib/gcc/arm-none-eabi/10.3.1/../../../../arm-none-eabi/lib/thumb/v6-m/nofp/libcr_c.a(fclose.o) (remove)
[...]
Memory Configuration

Name             Origin             Length             Attributes
PROGRAM_FLASH    0x0000000000000000 0x0000000000020000 xr
SRAM             0x000000001ffff000 0x0000000000004000 xrw
*default*        0x0000000000000000 0xffffffffffffffff

Linker script and memory map

LOAD ./utilities/fsl_debug_console.o
LOAD ./startup/startup_mkl25z4.o
LOAD ./source/BLINK_1S.o
LOAD ./source/BLINK_8S.o
LOAD ./source/DUAL_BLINK_2S_8S.o
LOAD ./source/DUAL_BLINK_2S_8S_SDK.o
LOAD ./source/mtb.o
LOAD ./source/semihost_hardfault.o
LOAD ./drivers/fsl_clock.o
LOAD ./drivers/fsl_common.o
LOAD ./drivers/fsl_flash.o
LOAD ./drivers/fsl_gpio.o
LOAD ./drivers/fsl_lpsci.o
LOAD ./drivers/fsl_lptmr.o
LOAD ./drivers/fsl_pit.o
LOAD ./drivers/fsl_rtc.o
LOAD ./drivers/fsl_sim.o
LOAD ./drivers/fsl_smc.o
LOAD ./drivers/fsl_tpm.o
LOAD ./drivers/fsl_uart.o
LOAD ./board/board.o
LOAD ./board/clock_config.o
LOAD ./board/peripherals.o
LOAD ./board/pin_mux.o
LOAD ./CMSIS/system_MKL25Z4.o
START GROUP
LOAD /usr/local/mcuxpressoide-11.5.1_7266/ide/plugins/com.nxp.mcuxpresso.tools.linux_11.5.1.202201181444/tools/bin/../lib/gcc/arm-none-eabi/10.3.1/../../../../arm-none-eabi/lib/thumb/v6-m/nofp/libcr_nohost_nf.a
LOAD /usr/local/mcuxpressoide-11.5.1_7266/ide/plugins/com.nxp.mcuxpresso.tools.linux_11.5.1.202201181444/tools/bin/../lib/gcc/arm-none-eabi/10.3.1/../../../../arm-none-eabi/lib/thumb/v6-m/nofp/libcr_c.a
LOAD /usr/local/mcuxpressoide-11.5.1_7266/ide/plugins/com.nxp.mcuxpresso.tools.linux_11.5.1.202201181444/tools/bin/../lib/gcc/arm-none-eabi/10.3.1/thumb/v6-m/nofp/libcr_eabihelpers.a
LOAD /usr/local/mcuxpressoide-11.5.1_7266/ide/plugins/com.nxp.mcuxpresso.tools.linux_11.5.1.202201181444/tools/bin/../lib/gcc/arm-none-eabi/10.3.1/thumb/v6-m/nofp/libgcc.a
END GROUP
                0x0000000000000000                __base_PROGRAM_FLASH = 0x0
                0x0000000000000000                __base_Flash = 0x0
                0x0000000000020000                __top_PROGRAM_FLASH = 0x20000
                0x0000000000020000                __top_Flash = 0x20000
                0x000000001ffff000                __base_SRAM = 0x1ffff000
                0x000000001ffff000                __base_RAM = 0x1ffff000
                0x0000000020003000                __top_SRAM = 0x20003000
                0x0000000020003000                __top_RAM = 0x20003000

.text           0x0000000000000000     0x1770
 FILL mask 0xff
                0x0000000000000000                __vectors_start__ = ABSOLUTE (.)
 *(SORT_BY_ALIGNMENT(.isr_vector))
 .isr_vector    0x0000000000000000       0xc0 ./startup/startup_mkl25z4.o
                0x0000000000000000                __Vectors
                0x0000000000000000                g_pfnVectors
                0x00000000000000c0                . = ALIGN (0x4)
                0x00000000000000c0                __section_table_start = .
                0x00000000000000c0                __data_section_table = .
                0x00000000000000c0        0x4 LONG 0x1770 LOADADDR (.data)
                0x00000000000000c4        0x4 LONG 0x1ffff080 ADDR (.data)
                0x00000000000000c8        0x4 LONG 0x0 SIZEOF (.data)
                0x00000000000000cc                __data_section_table_end = .
                0x00000000000000cc                __bss_section_table = .
                0x00000000000000cc        0x4 LONG 0x1ffff080 ADDR (.bss)
                0x00000000000000d0        0x4 LONG 0xf0 SIZEOF (.bss)
                0x00000000000000d4                __bss_section_table_end = .
                0x00000000000000d4                __section_table_end = .
 *(SORT_BY_ALIGNMENT(.after_vectors*))
 .after_vectors.reset
                0x00000000000000d4       0x4c ./startup/startup_mkl25z4.o
                0x00000000000000d4                ResetISR
 .after_vectors.init_data
                0x0000000000000120       0x12 ./startup/startup_mkl25z4.o
                0x0000000000000120                data_init
 .after_vectors.init_bss
                0x0000000000000132       0x10 ./startup/startup_mkl25z4.o
                0x0000000000000132                bss_init
 .after_vectors
                0x0000000000000142      0x10c ./startup/startup_mkl25z4.o
                0x0000000000000142                NMI_Handler
                0x0000000000000146                SVC_Handler
                0x0000000000000148                PendSV_Handler
                0x000000000000014a                SysTick_Handler
                0x000000000000014c                PIT_DriverIRQHandler
                0x000000000000014c                Reserved39_DriverIRQHandler
                0x000000000000014c                DMA0_DriverIRQHandler
                0x000000000000014c                SPI1_DriverIRQHandler
                0x000000000000014c                LPTMR0_DriverIRQHandler
                0x000000000000014c                TPM2_DriverIRQHandler
                0x000000000000014c                TSI0_DriverIRQHandler
                0x000000000000014c                RTC_Seconds_DriverIRQHandler
                0x000000000000014c                LLWU_DriverIRQHandler
                0x000000000000014c                MCG_DriverIRQHandler
                0x000000000000014c                FTFA_DriverIRQHandler
                0x000000000000014c                IntDefaultHandler
                0x000000000000014c                USB0_DriverIRQHandler
                0x000000000000014c                DAC0_DriverIRQHandler
                0x000000000000014c                LVD_LVW_DriverIRQHandler
                0x000000000000014c                TPM0_DriverIRQHandler
                0x000000000000014c                Reserved20_DriverIRQHandler
                0x000000000000014c                DMA3_DriverIRQHandler
                0x000000000000014c                Reserved45_DriverIRQHandler
                0x000000000000014c                PORTA_DriverIRQHandler
                0x000000000000014c                TPM1_DriverIRQHandler
                0x000000000000014c                RTC_DriverIRQHandler
                0x000000000000014c                DMA1_DriverIRQHandler
                0x000000000000014c                I2C1_DriverIRQHandler
                0x000000000000014c                SPI0_DriverIRQHandler
                0x000000000000014c                ADC0_DriverIRQHandler
                0x000000000000014c                CMP0_DriverIRQHandler
                0x000000000000014c                DMA2_DriverIRQHandler
                0x000000000000014c                PORTD_DriverIRQHandler
                0x000000000000014c                I2C0_DriverIRQHandler
                0x000000000000014e                DMA0_IRQHandler
                0x0000000000000156                DMA1_IRQHandler
                0x000000000000015e                DMA2_IRQHandler
                0x0000000000000166                DMA3_IRQHandler
                0x000000000000016e                Reserved20_IRQHandler
                0x0000000000000176                FTFA_IRQHandler
                0x000000000000017e                LVD_LVW_IRQHandler
                0x0000000000000186                LLWU_IRQHandler
                0x000000000000018e                I2C0_IRQHandler
                0x0000000000000196                I2C1_IRQHandler
                0x000000000000019e                SPI0_IRQHandler
                0x00000000000001a6                SPI1_IRQHandler
                0x00000000000001ae                UART0_IRQHandler
                0x00000000000001b6                UART1_IRQHandler
                0x00000000000001be                UART2_IRQHandler
                0x00000000000001c6                ADC0_IRQHandler
                0x00000000000001ce                CMP0_IRQHandler
                0x00000000000001e6                TPM2_IRQHandler
                0x00000000000001ee                RTC_IRQHandler
                0x00000000000001f6                RTC_Seconds_IRQHandler
                0x00000000000001fe                PIT_IRQHandler
                0x0000000000000206                Reserved39_IRQHandler
                0x000000000000020e                USB0_IRQHandler
                0x0000000000000216                DAC0_IRQHandler
                0x000000000000021e                TSI0_IRQHandler
                0x0000000000000226                MCG_IRQHandler
                0x000000000000022e                LPTMR0_IRQHandler
                0x0000000000000236                Reserved45_IRQHandler
                0x000000000000023e                PORTA_IRQHandler
                0x0000000000000246                PORTD_IRQHandler
                0x0000000000000400                . = 0x400
 *fill*         0x000000000000024e      0x1b2 ff
                0x0000000000000400                PROVIDE (__FLASH_CONFIG_START__ = .)
 *(SORT_BY_ALIGNMENT(.FlashConfig))
 .FlashConfig   0x0000000000000400       0x10 ./startup/startup_mkl25z4.o
                0x0000000000000400                Flash_Config
                0x0000000000000410                PROVIDE (__FLASH_CONFIG_END__ = .)
                0x0000000000000001                ASSERT (! ((__FLASH_CONFIG_START__ == __FLASH_CONFIG_END__)), Linker Flash Config Support Enabled, but no .FlashConfig section provided within application)
 *(SORT_BY_ALIGNMENT(.text*))
 .text.DbgConsole_Printf
                0x0000000000000410       0x44 ./utilities/fsl_debug_console.o
                0x0000000000000410                DbgConsole_Printf
 .text.DbgConsole_Putchar
                0x0000000000000454       0x34 ./utilities/fsl_debug_console.o
                0x0000000000000454                DbgConsole_Putchar
 .text.NVIC_EnableIRQ
                0x0000000000000488       0x2c ./source/DUAL_BLINK_2S_8S_SDK.o
 .text.CLOCK_EnableClock
                0x00000000000004b4       0x34 ./source/DUAL_BLINK_2S_8S_SDK.o
 .text.CLOCK_SetTpmClock
                0x00000000000004e8       0x38 ./source/DUAL_BLINK_2S_8S_SDK.o
 .text.PORT_SetPinMux
                0x0000000000000520       0x40 ./source/DUAL_BLINK_2S_8S_SDK.o
 .text.TPM0_IRQHandler
                0x0000000000000560       0x2c ./source/DUAL_BLINK_2S_8S_SDK.o
                0x0000000000000560                TPM0_IRQHandler
 .text.TPM1_IRQHandler
                0x000000000000058c       0x2c ./source/DUAL_BLINK_2S_8S_SDK.o
                0x000000000000058c                TPM1_IRQHandler
 .text.LEDS_Init
                0x00000000000005b8       0x6c ./source/DUAL_BLINK_2S_8S_SDK.o
                0x00000000000005b8                LEDS_Init
 .text.TPM0_Init
                0x0000000000000624       0x78 ./source/DUAL_BLINK_2S_8S_SDK.o
                0x0000000000000624                TPM0_Init
 .text.TPM1_Init
                0x000000000000069c       0x78 ./source/DUAL_BLINK_2S_8S_SDK.o
                0x000000000000069c                TPM1_Init
 .text.HardFault_Handler
                0x0000000000000714       0x30 ./source/semihost_hardfault.o
                0x0000000000000714                HardFault_Handler
 .text.CLOCK_SetInternalRefClkConfig
                0x0000000000000744      0x124 ./drivers/fsl_clock.o
                0x0000000000000744                CLOCK_SetInternalRefClkConfig
 .text.__assertion_failed
                0x0000000000000868       0x1c ./drivers/fsl_common.o
                0x0000000000000868                __assertion_failed
 .text.GPIO_PinInit
                0x0000000000000884       0x64 ./drivers/fsl_gpio.o
                0x0000000000000884                GPIO_PinInit
 .text.UART0_DriverIRQHandler
                0x00000000000008e8       0x24 ./drivers/fsl_lpsci.o
                0x00000000000008e8                UART0_DriverIRQHandler
 .text.CLOCK_EnableClock
                0x000000000000090c       0x34 ./drivers/fsl_tpm.o
 .text.TPM_GetInstance
                0x0000000000000940       0x54 ./drivers/fsl_tpm.o
 .text.TPM_Init
                0x0000000000000994       0xd0 ./drivers/fsl_tpm.o
                0x0000000000000994                TPM_Init
 .text.TPM_GetDefaultConfig
                0x0000000000000a64       0x54 ./drivers/fsl_tpm.o
                0x0000000000000a64                TPM_GetDefaultConfig
 .text.UART1_DriverIRQHandler
                0x0000000000000ab8       0x24 ./drivers/fsl_uart.o
                0x0000000000000ab8                UART1_DriverIRQHandler
 .text.UART2_DriverIRQHandler
                0x0000000000000adc       0x24 ./drivers/fsl_uart.o
                0x0000000000000adc                UART2_DriverIRQHandler
 .text.SystemInit
                0x0000000000000b00       0x18 ./CMSIS/system_MKL25Z4.o
                0x0000000000000b00                SystemInit
 .text._initio  0x0000000000000b18       0x7c /usr/local/mcuxpressoide-11.5.1_7266/ide/plugins/com.nxp.mcuxpresso.tools.linux_11.5.1.202201181444/tools/bin/../lib/gcc/arm-none-eabi/10.3.1/../../../../arm-none-eabi/lib/thumb/v6-m/nofp/libcr_c.a(initio.o)
                0x0000000000000b18                _initio
 .text.setvbuf  0x0000000000000b94       0x4c /usr/local/mcuxpressoide-11.5.1_7266/ide/plugins/com.nxp.mcuxpresso.tools.linux_11.5.1.202201181444/tools/bin/../lib/gcc/arm-none-eabi/10.3.1/../../../../arm-none-eabi/lib/thumb/v6-m/nofp/libcr_c.a(setvbuf.o)
                0x0000000000000b94                setvbuf
 .text.strlen   0x0000000000000be0       0x58 /usr/local/mcuxpressoide-11.5.1_7266/ide/plugins/com.nxp.mcuxpresso.tools.linux_11.5.1.202201181444/tools/bin/../lib/gcc/arm-none-eabi/10.3.1/../../../../arm-none-eabi/lib/thumb/v6-m/nofp/libcr_c.a(strlen.o)
                0x0000000000000be0                strlen
 .text._fdopen  0x0000000000000c38       0x74 /usr/local/mcuxpressoide-11.5.1_7266/ide/plugins/com.nxp.mcuxpresso.tools.linux_11.5.1.202201181444/tools/bin/../lib/gcc/arm-none-eabi/10.3.1/../../../../arm-none-eabi/lib/thumb/v6-m/nofp/libcr_c.a(_fdopen.o)
                0x0000000000000c38                _fdopen
 .text.fclose   0x0000000000000cac       0x5c /usr/local/mcuxpressoide-11.5.1_7266/ide/plugins/com.nxp.mcuxpresso.tools.linux_11.5.1.202201181444/tools/bin/../lib/gcc/arm-none-eabi/10.3.1/../../../../arm-none-eabi/lib/thumb/v6-m/nofp/libcr_c.a(fclose.o)
                0x0000000000000cac                fclose
 .text.fflush   0x0000000000000d08       0x44 /usr/local/mcuxpressoide-11.5.1_7266/ide/plugins/com.nxp.mcuxpresso.tools.linux_11.5.1.202201181444/tools/bin/../lib/gcc/arm-none-eabi/10.3.1/../../../../arm-none-eabi/lib/thumb/v6-m/nofp/libcr_c.a(fflush.o)
                0x0000000000000d08                fflush
 .text.fseek    0x0000000000000d4c       0xf0 /usr/local/mcuxpressoide-11.5.1_7266/ide/plugins/com.nxp.mcuxpresso.tools.linux_11.5.1.202201181444/tools/bin/../lib/gcc/arm-none-eabi/10.3.1/../../../../arm-none-eabi/lib/thumb/v6-m/nofp/libcr_c.a(fseek.o)
                0x0000000000000d4c                fseek
 .text.ftell    0x0000000000000e3c       0x48 /usr/local/mcuxpressoide-11.5.1_7266/ide/plugins/com.nxp.mcuxpresso.tools.linux_11.5.1.202201181444/tools/bin/../lib/gcc/arm-none-eabi/10.3.1/../../../../arm-none-eabi/lib/thumb/v6-m/nofp/libcr_c.a(ftell.o)
                0x0000000000000e3c                ftell
 .text._do_fflush
                0x0000000000000e84       0x48 /usr/local/mcuxpressoide-11.5.1_7266/ide/plugins/com.nxp.mcuxpresso.tools.linux_11.5.1.202201181444/tools/bin/../lib/gcc/arm-none-eabi/10.3.1/../../../../arm-none-eabi/lib/thumb/v6-m/nofp/libcr_c.a(_do_fflush.o)
                0x0000000000000e84                _do_fflush
 .text._fflush  0x0000000000000ecc       0x60 /usr/local/mcuxpressoide-11.5.1_7266/ide/plugins/com.nxp.mcuxpresso.tools.linux_11.5.1.202201181444/tools/bin/../lib/gcc/arm-none-eabi/10.3.1/../../../../arm-none-eabi/lib/thumb/v6-m/nofp/libcr_c.a(_fflush.o)
                0x0000000000000ecc                _fflush
 .text._Cwritebuf
                0x0000000000000f2c       0x68 /usr/local/mcuxpressoide-11.5.1_7266/ide/plugins/com.nxp.mcuxpresso.tools.linux_11.5.1.202201181444/tools/bin/../lib/gcc/arm-none-eabi/10.3.1/../../../../arm-none-eabi/lib/thumb/v6-m/nofp/libcr_c.a(_writebuf.o)
                0x0000000000000f2c                _Cwritebuf
 .text._deferredlazyseek
                0x0000000000000f94       0x40 /usr/local/mcuxpressoide-11.5.1_7266/ide/plugins/com.nxp.mcuxpresso.tools.linux_11.5.1.202201181444/tools/bin/../lib/gcc/arm-none-eabi/10.3.1/../../../../arm-none-eabi/lib/thumb/v6-m/nofp/libcr_c.a(_deferredlazyseek.o)
                0x0000000000000f94                _deferredlazyseek
 .text.DbgConsole_PrintfPaddingCharacter
                0x0000000000000fd4       0x48 ./utilities/fsl_debug_console.o
 .text.DbgConsole_ConvertRadixNumToString
                0x000000000000101c      0x114 ./utilities/fsl_debug_console.o
 .text.DbgConsole_PrintfFormattedData
                0x0000000000001130      0x33a ./utilities/fsl_debug_console.o
 .text.TPM_ClearStatusFlags
                0x000000000000146a       0x18 ./source/DUAL_BLINK_2S_8S_SDK.o
 .text.TPM_SetTimerPeriod
                0x0000000000001482       0x18 ./source/DUAL_BLINK_2S_8S_SDK.o
 .text.TPM_StartTimer
                0x000000000000149a       0x3a ./source/DUAL_BLINK_2S_8S_SDK.o
 .text.GPIO_TogglePinsOutput
                0x00000000000014d4       0x18 ./source/DUAL_BLINK_2S_8S_SDK.o
 .text.main     0x00000000000014ec       0x12 ./source/DUAL_BLINK_2S_8S_SDK.o
                0x00000000000014ec                main
 .text.GPIO_WritePinOutput
                0x00000000000014fe       0x34 ./drivers/fsl_gpio.o
 .text.TPM_EnableInterrupts
                0x0000000000001532       0x82 ./drivers/fsl_tpm.o
                0x0000000000001532                TPM_EnableInterrupts
 .text.__main   0x00000000000015b4        0xc /usr/local/mcuxpressoide-11.5.1_7266/ide/plugins/com.nxp.mcuxpresso.tools.linux_11.5.1.202201181444/tools/bin/../lib/gcc/arm-none-eabi/10.3.1/../../../../arm-none-eabi/lib/thumb/v6-m/nofp/libcr_nohost_nf.a(_cr__main.o)
                0x00000000000015b4                __main
 .text.memset   0x00000000000015c0        0x8 /usr/local/mcuxpressoide-11.5.1_7266/ide/plugins/com.nxp.mcuxpresso.tools.linux_11.5.1.202201181444/tools/bin/../lib/gcc/arm-none-eabi/10.3.1/../../../../arm-none-eabi/lib/thumb/v6-m/nofp/libcr_c.a(memset.o)
                0x00000000000015c0                memset
 .text.remove   0x00000000000015c8       0x12 /usr/local/mcuxpressoide-11.5.1_7266/ide/plugins/com.nxp.mcuxpresso.tools.linux_11.5.1.202201181444/tools/bin/../lib/gcc/arm-none-eabi/10.3.1/../../../../arm-none-eabi/lib/thumb/v6-m/nofp/libcr_c.a(remove.o)
                0x00000000000015c8                remove
 .text.free     0x00000000000015da       0x2c /usr/local/mcuxpressoide-11.5.1_7266/ide/plugins/com.nxp.mcuxpresso.tools.linux_11.5.1.202201181444/tools/bin/../lib/gcc/arm-none-eabi/10.3.1/../../../../arm-none-eabi/lib/thumb/v6-m/nofp/libcr_c.a(alloc.o)
                0x00000000000015da                free
 .text.__aeabi_division_idivmod
                0x0000000000001606       0x78 /usr/local/mcuxpressoide-11.5.1_7266/ide/plugins/com.nxp.mcuxpresso.tools.linux_11.5.1.202201181444/tools/bin/../lib/gcc/arm-none-eabi/10.3.1/thumb/v6-m/nofp/libcr_eabihelpers.a(division_32.o)
                0x0000000000001606                __aeabi_idiv
                0x0000000000001606                __aeabi_idivmod
                0x000000000000160c                __aeabi_uidiv
                0x000000000000160c                __aeabi_uidivmod
 .text.__aeabi_division_idiv0
                0x000000000000167e        0x2 /usr/local/mcuxpressoide-11.5.1_7266/ide/plugins/com.nxp.mcuxpresso.tools.linux_11.5.1.202201181444/tools/bin/../lib/gcc/arm-none-eabi/10.3.1/thumb/v6-m/nofp/libcr_eabihelpers.a(division_idiv0.o)
                0x000000000000167e                __aeabi_idiv0
 .text.__aeabi_memset_lowlevel
                0x0000000000001680       0x2a /usr/local/mcuxpressoide-11.5.1_7266/ide/plugins/com.nxp.mcuxpresso.tools.linux_11.5.1.202201181444/tools/bin/../lib/gcc/arm-none-eabi/10.3.1/thumb/v6-m/nofp/libcr_eabihelpers.a(memcpy.o)
                0x0000000000001680                __aeabi_lowlevel_memset
 .text.__sys_close
                0x00000000000016aa        0x6 /usr/local/mcuxpressoide-11.5.1_7266/ide/plugins/com.nxp.mcuxpresso.tools.linux_11.5.1.202201181444/tools/bin/../lib/gcc/arm-none-eabi/10.3.1/../../../../arm-none-eabi/lib/thumb/v6-m/nofp/libcr_nohost_nf.a(__sys_close.o)
                0x00000000000016aa                __sys_close
 .text.__sys_flen
                0x00000000000016b0        0x6 /usr/local/mcuxpressoide-11.5.1_7266/ide/plugins/com.nxp.mcuxpresso.tools.linux_11.5.1.202201181444/tools/bin/../lib/gcc/arm-none-eabi/10.3.1/../../../../arm-none-eabi/lib/thumb/v6-m/nofp/libcr_nohost_nf.a(__sys_flen.o)
                0x00000000000016b0                __sys_flen
 .text.__sys_istty
                0x00000000000016b6        0x6 /usr/local/mcuxpressoide-11.5.1_7266/ide/plugins/com.nxp.mcuxpresso.tools.linux_11.5.1.202201181444/tools/bin/../lib/gcc/arm-none-eabi/10.3.1/../../../../arm-none-eabi/lib/thumb/v6-m/nofp/libcr_nohost_nf.a(__sys_istty.o)
                0x00000000000016b6                __sys_istty
 .text.__sys_remove
                0x00000000000016bc        0x6 /usr/local/mcuxpressoide-11.5.1_7266/ide/plugins/com.nxp.mcuxpresso.tools.linux_11.5.1.202201181444/tools/bin/../lib/gcc/arm-none-eabi/10.3.1/../../../../arm-none-eabi/lib/thumb/v6-m/nofp/libcr_nohost_nf.a(__sys_remove.o)
                0x00000000000016bc                __sys_remove
 .text.__sys_seek
                0x00000000000016c2        0x6 /usr/local/mcuxpressoide-11.5.1_7266/ide/plugins/com.nxp.mcuxpresso.tools.linux_11.5.1.202201181444/tools/bin/../lib/gcc/arm-none-eabi/10.3.1/../../../../arm-none-eabi/lib/thumb/v6-m/nofp/libcr_nohost_nf.a(__sys_seek.o)
                0x00000000000016c2                __sys_seek
 .text.__sys_tmpnam
                0x00000000000016c8        0x6 /usr/local/mcuxpressoide-11.5.1_7266/ide/plugins/com.nxp.mcuxpresso.tools.linux_11.5.1.202201181444/tools/bin/../lib/gcc/arm-none-eabi/10.3.1/../../../../arm-none-eabi/lib/thumb/v6-m/nofp/libcr_nohost_nf.a(__sys_tmpnam.o)
                0x00000000000016c8                __sys_tmpnam
 .text.__sys_write
                0x00000000000016ce        0x4 /usr/local/mcuxpressoide-11.5.1_7266/ide/plugins/com.nxp.mcuxpresso.tools.linux_11.5.1.202201181444/tools/bin/../lib/gcc/arm-none-eabi/10.3.1/../../../../arm-none-eabi/lib/thumb/v6-m/nofp/libcr_nohost_nf.a(__sys_write.o)
                0x00000000000016ce                __sys_write
 *(SORT_BY_ALIGNMENT(.rodata) SORT_BY_ALIGNMENT(.rodata.*) SORT_BY_ALIGNMENT(.constdata) SORT_BY_ALIGNMENT(.constdata.*))
 *fill*         0x00000000000016d2        0x2 ff
 .rodata.led01_handle.3
                0x00000000000016d4        0x2 ./source/DUAL_BLINK_2S_8S_SDK.o
 *fill*         0x00000000000016d6        0x2 ff
 .rodata.led02_handle.2
                0x00000000000016d8        0x2 ./source/DUAL_BLINK_2S_8S_SDK.o
 *fill*         0x00000000000016da        0x2 ff
 .rodata.__assertion_failed.str1.4
                0x00000000000016dc        0x4 ./drivers/fsl_common.o
 .rodata.GPIO_PinInit.str1.4
                0x00000000000016e0       0x17 ./drivers/fsl_gpio.o
 *fill*         0x00000000000016f7        0x1 ff
 .rodata.s_tpmBases
                0x00000000000016f8        0xc ./drivers/fsl_tpm.o
 .rodata.s_tpmClocks
                0x0000000000001704        0xc ./drivers/fsl_tpm.o
 .rodata.TPM_GetInstance.str1.4
                0x0000000000001710       0x28 ./drivers/fsl_tpm.o
 .rodata.TPM_Init.str1.4
                0x0000000000001738       0x16 ./drivers/fsl_tpm.o
 *fill*         0x000000000000174e        0x2 ff
 .rodata.TPM_GetDefaultConfig.str1.4
                0x0000000000001750       0x17 ./drivers/fsl_tpm.o
 *fill*         0x0000000000001767        0x1 ff
 .rodata.__num_Ciob_streams
                0x0000000000001768        0x4 /usr/local/mcuxpressoide-11.5.1_7266/ide/plugins/com.nxp.mcuxpresso.tools.linux_11.5.1.202201181444/tools/bin/../lib/gcc/arm-none-eabi/10.3.1/../../../../arm-none-eabi/lib/thumb/v6-m/nofp/libcr_nohost_nf.a(__ciob.o)
                0x0000000000001768                __num_Ciob_streams
 .rodata._initio.str1.1
                0x000000000000176c        0x4 /usr/local/mcuxpressoide-11.5.1_7266/ide/plugins/com.nxp.mcuxpresso.tools.linux_11.5.1.202201181444/tools/bin/../lib/gcc/arm-none-eabi/10.3.1/../../../../arm-none-eabi/lib/thumb/v6-m/nofp/libcr_c.a(initio.o)
                0x0000000000001770                . = ALIGN (0x4)
                0x0000000000001770                _etext = .

.glue_7         0x0000000000001770        0x0
 .glue_7        0x0000000000001770        0x0 linker stubs

.glue_7t        0x0000000000001770        0x0
 .glue_7t       0x0000000000001770        0x0 linker stubs

.vfp11_veneer   0x0000000000001770        0x0
 .vfp11_veneer  0x0000000000001770        0x0 linker stubs

.v4_bx          0x0000000000001770        0x0
 .v4_bx         0x0000000000001770        0x0 linker stubs

.iplt           0x0000000000001770        0x0
 .iplt          0x0000000000001770        0x0 ./utilities/fsl_debug_console.o

.rel.dyn        0x0000000000001770        0x0
 .rel.iplt      0x0000000000001770        0x0 ./utilities/fsl_debug_console.o

.m_usb_data
 *(SORT_BY_ALIGNMENT(m_usb_bdt))

.mtb_buffer_default
                0x000000001ffff000       0x80
 *(SORT_BY_ALIGNMENT(.mtb*))
 .mtb.$RAM1     0x000000001ffff000       0x80 ./source/mtb.o
                0x000000001ffff000                __mtb_buffer__

.uninit_RESERVED
                0x000000001ffff080        0x0
                0x000000001ffff080                _start_uninit_RESERVED = .
 *(SORT_BY_ALIGNMENT(.bss.$RESERVED*))
                0x000000001ffff080                . = ALIGN (0x4)
                0x000000001ffff080                _end_uninit_RESERVED = .

.data           0x000000001ffff080        0x0 load address 0x0000000000001770
 FILL mask 0xff
                0x000000001ffff080                _data = .
                [!provide]                        PROVIDE (__start_data_RAM = .)
                [!provide]                        PROVIDE (__start_data_SRAM = .)
 *(SORT_BY_ALIGNMENT(vtable))
 *(SORT_BY_ALIGNMENT(.ramfunc*))
 *(SORT_BY_ALIGNMENT(CodeQuickAccess))
 *(SORT_BY_ALIGNMENT(DataQuickAccess))
 *(SORT_BY_ALIGNMENT(RamFunction))
 *(SORT_BY_ALIGNMENT(.data*))
                0x000000001ffff080                . = ALIGN (0x4)
                0x000000001ffff080                _edata = .
                [!provide]                        PROVIDE (__end_data_RAM = .)
                [!provide]                        PROVIDE (__end_data_SRAM = .)

.igot.plt       0x000000001ffff080        0x0 load address 0x0000000000001770
 .igot.plt      0x000000001ffff080        0x0 ./utilities/fsl_debug_console.o

.bss            0x000000001ffff080       0xf0
                0x000000001ffff080                _bss = .
                [!provide]                        PROVIDE (__start_bss_RAM = .)
                [!provide]                        PROVIDE (__start_bss_SRAM = .)
 *(SORT_BY_ALIGNMENT(.bss*))
 .bss.s_debugConsole
                0x000000001ffff080       0x10 ./utilities/fsl_debug_console.o
 .bss.tpm0_handle.1
                0x000000001ffff090        0x8 ./source/DUAL_BLINK_2S_8S_SDK.o
 .bss.tpm1_handle.0
                0x000000001ffff098        0x8 ./source/DUAL_BLINK_2S_8S_SDK.o
 .bss.s_lpsciHandle
                0x000000001ffff0a0        0x4 ./drivers/fsl_lpsci.o
 .bss.s_lpsciIsr
                0x000000001ffff0a4        0x4 ./drivers/fsl_lpsci.o
 .bss.s_uartHandle
                0x000000001ffff0a8        0xc ./drivers/fsl_uart.o
 .bss.s_uartIsr
                0x000000001ffff0b4        0x4 ./drivers/fsl_uart.o
 .bss.errno     0x000000001ffff0b8        0x4 /usr/local/mcuxpressoide-11.5.1_7266/ide/plugins/com.nxp.mcuxpresso.tools.linux_11.5.1.202201181444/tools/bin/../lib/gcc/arm-none-eabi/10.3.1/../../../../arm-none-eabi/lib/thumb/v6-m/nofp/libcr_c.a(errno.o)
                0x000000001ffff0b8                errno
 .bss.__Ciob    0x000000001ffff0bc       0xb4 /usr/local/mcuxpressoide-11.5.1_7266/ide/plugins/com.nxp.mcuxpresso.tools.linux_11.5.1.202201181444/tools/bin/../lib/gcc/arm-none-eabi/10.3.1/../../../../arm-none-eabi/lib/thumb/v6-m/nofp/libcr_nohost_nf.a(__ciob.o)
                0x000000001ffff0bc                __Ciob
 *(SORT_BY_ALIGNMENT(COMMON))
                0x000000001ffff170                . = ALIGN (0x4)
                0x000000001ffff170                _ebss = .
                [!provide]                        PROVIDE (__end_bss_RAM = .)
                [!provide]                        PROVIDE (__end_bss_SRAM = .)
                [!provide]                        PROVIDE (end = .)

.noinit         0x000000001ffff170        0x0
                0x000000001ffff170                _noinit = .
                [!provide]                        PROVIDE (__start_noinit_RAM = .)
                [!provide]                        PROVIDE (__start_noinit_SRAM = .)
 *(SORT_BY_ALIGNMENT(.noinit*))
                0x000000001ffff170                . = ALIGN (0x4)
                0x000000001ffff170                _end_noinit = .
                [!provide]                        PROVIDE (__end_noinit_RAM = .)
                [!provide]                        PROVIDE (__end_noinit_SRAM = .)

.ARM.extab
 *(SORT_BY_ALIGNMENT(.ARM.extab*) SORT_BY_ALIGNMENT(.gnu.linkonce.armextab.*))

.ARM.exidx      0x0000000000001770        0x0
                0x0000000000001770                __exidx_start = .
 *(SORT_BY_ALIGNMENT(.ARM.exidx*) SORT_BY_ALIGNMENT(.gnu.linkonce.armexidx.*))
                0x0000000000001770                __exidx_end = .
                0x0000000000000400                _HeapSize = 0x400

.heap           0x000000001ffff170      0x400
                0x000000001ffff170                _pvHeapStart = .
                0x000000001ffff570                . = (. + _HeapSize)
 *fill*         0x000000001ffff170      0x400 
                0x000000001ffff570                . = ALIGN (0x4)
                0x000000001ffff570                _pvHeapLimit = .
                0x0000000000000400                _StackSize = 0x400

.heap2stackfill
                0x000000001ffff570      0x400
                0x000000001ffff970                . = (. + _StackSize)
 *fill*         0x000000001ffff570      0x400 

.stack          0x0000000020002c00        0x0
                0x0000000020002c00                _vStackBase = .
                0x0000000020002c00                . = ALIGN (0x4)
                0x0000000020003000                _vStackTop = (. + _StackSize)
                0x0000000000000000                _image_start = LOADADDR (.text)
                0x0000000000001770                _image_end = (LOADADDR (.data) + SIZEOF (.data))
                0x0000000000001770                _image_size = (_image_end - _image_start)
OUTPUT(TPM_KL25Z.axf elf32-littlearm)
LOAD linker stubs

.debug_info     0x0000000000000000     0x7bed
 .debug_info    0x0000000000000000      0xe16 ./utilities/fsl_debug_console.o
 .debug_info    0x0000000000000e16      0x4eb ./startup/startup_mkl25z4.o
 .debug_info    0x0000000000001301      0xd3d ./source/DUAL_BLINK_2S_8S_SDK.o
 .debug_info    0x000000000000203e       0x53 ./source/mtb.o
 .debug_info    0x0000000000002091       0x3c ./source/semihost_hardfault.o
 .debug_info    0x00000000000020cd     0x1a5a ./drivers/fsl_clock.o
 .debug_info    0x0000000000003b27      0x3e8 ./drivers/fsl_common.o
 .debug_info    0x0000000000003f0f      0x50a ./drivers/fsl_gpio.o
 .debug_info    0x0000000000004419     0x140d ./drivers/fsl_lpsci.o
 .debug_info    0x0000000000005826      0xc18 ./drivers/fsl_tpm.o
 .debug_info    0x000000000000643e     0x13ae ./drivers/fsl_uart.o
 .debug_info    0x00000000000077ec      0x401 ./CMSIS/system_MKL25Z4.o

.debug_abbrev   0x0000000000000000     0x1785
 .debug_abbrev  0x0000000000000000      0x2a5 ./utilities/fsl_debug_console.o
 .debug_abbrev  0x00000000000002a5      0x198 ./startup/startup_mkl25z4.o
 .debug_abbrev  0x000000000000043d      0x253 ./source/DUAL_BLINK_2S_8S_SDK.o
 .debug_abbrev  0x0000000000000690       0x46 ./source/mtb.o
 .debug_abbrev  0x00000000000006d6       0x31 ./source/semihost_hardfault.o
 .debug_abbrev  0x0000000000000707      0x357 ./drivers/fsl_clock.o
 .debug_abbrev  0x0000000000000a5e      0x25b ./drivers/fsl_common.o
 .debug_abbrev  0x0000000000000cb9      0x186 ./drivers/fsl_gpio.o
 .debug_abbrev  0x0000000000000e3f      0x2d7 ./drivers/fsl_lpsci.o
 .debug_abbrev  0x0000000000001116      0x250 ./drivers/fsl_tpm.o
 .debug_abbrev  0x0000000000001366      0x2f1 ./drivers/fsl_uart.o
 .debug_abbrev  0x0000000000001657      0x12e ./CMSIS/system_MKL25Z4.o

.debug_aranges  0x0000000000000000      0x7f8
 .debug_aranges
                0x0000000000000000       0x90 ./utilities/fsl_debug_console.o
 .debug_aranges
                0x0000000000000090      0x160 ./startup/startup_mkl25z4.o
 .debug_aranges
                0x00000000000001f0       0x88 ./source/DUAL_BLINK_2S_8S_SDK.o
 .debug_aranges
                0x0000000000000278       0x18 ./source/mtb.o
 .debug_aranges
                0x0000000000000290       0x20 ./source/semihost_hardfault.o
 .debug_aranges
                0x00000000000002b0      0x1d8 ./drivers/fsl_clock.o
 .debug_aranges
                0x0000000000000488       0x38 ./drivers/fsl_common.o
 .debug_aranges
                0x00000000000004c0       0x40 ./drivers/fsl_gpio.o
 .debug_aranges
                0x0000000000000500      0x118 ./drivers/fsl_lpsci.o
 .debug_aranges
                0x0000000000000618       0x88 ./drivers/fsl_tpm.o
 .debug_aranges
                0x00000000000006a0      0x130 ./drivers/fsl_uart.o
 .debug_aranges
                0x00000000000007d0       0x28 ./CMSIS/system_MKL25Z4.o

.debug_ranges   0x0000000000000000      0x730
 .debug_ranges  0x0000000000000000       0x80 ./utilities/fsl_debug_console.o
 .debug_ranges  0x0000000000000080      0x150 ./startup/startup_mkl25z4.o
 .debug_ranges  0x00000000000001d0       0x78 ./source/DUAL_BLINK_2S_8S_SDK.o
 .debug_ranges  0x0000000000000248       0x10 ./source/semihost_hardfault.o
 .debug_ranges  0x0000000000000258      0x1c8 ./drivers/fsl_clock.o
 .debug_ranges  0x0000000000000420       0x28 ./drivers/fsl_common.o
 .debug_ranges  0x0000000000000448       0x30 ./drivers/fsl_gpio.o
 .debug_ranges  0x0000000000000478      0x108 ./drivers/fsl_lpsci.o
 .debug_ranges  0x0000000000000580       0x78 ./drivers/fsl_tpm.o
 .debug_ranges  0x00000000000005f8      0x120 ./drivers/fsl_uart.o
 .debug_ranges  0x0000000000000718       0x18 ./CMSIS/system_MKL25Z4.o

.debug_macro    0x0000000000000000     0x887d
 .debug_macro   0x0000000000000000      0x127 ./utilities/fsl_debug_console.o
 .debug_macro   0x0000000000000127      0xa84 ./utilities/fsl_debug_console.o
 .debug_macro   0x0000000000000bab       0x10 ./utilities/fsl_debug_console.o
 .debug_macro   0x0000000000000bbb       0x16 ./utilities/fsl_debug_console.o
 .debug_macro   0x0000000000000bd1       0x10 ./utilities/fsl_debug_console.o
 .debug_macro   0x0000000000000be1      0x12e ./utilities/fsl_debug_console.o
 .debug_macro   0x0000000000000d0f       0x28 ./utilities/fsl_debug_console.o
 .debug_macro   0x0000000000000d37       0xc4 ./utilities/fsl_debug_console.o
 .debug_macro   0x0000000000000dfb       0x16 ./utilities/fsl_debug_console.o
 .debug_macro   0x0000000000000e11       0x22 ./utilities/fsl_debug_console.o
 .debug_macro   0x0000000000000e33      0x5b3 ./utilities/fsl_debug_console.o
 .debug_macro   0x00000000000013e6       0x10 ./utilities/fsl_debug_console.o
 .debug_macro   0x00000000000013f6       0x3f ./utilities/fsl_debug_console.o
 .debug_macro   0x0000000000001435       0x3a ./utilities/fsl_debug_console.o
 .debug_macro   0x000000000000146f       0x26 ./utilities/fsl_debug_console.o
 .debug_macro   0x0000000000001495      0x329 ./utilities/fsl_debug_console.o
 .debug_macro   0x00000000000017be       0x30 ./utilities/fsl_debug_console.o
 .debug_macro   0x00000000000017ee     0x51e2 ./utilities/fsl_debug_console.o
 .debug_macro   0x00000000000069d0     0x1352 ./utilities/fsl_debug_console.o
 .debug_macro   0x0000000000007d22       0x3a ./utilities/fsl_debug_console.o
 .debug_macro   0x0000000000007d5c       0xf4 ./utilities/fsl_debug_console.o
 .debug_macro   0x0000000000007e50       0x35 ./utilities/fsl_debug_console.o
 .debug_macro   0x0000000000007e85       0x2e ./utilities/fsl_debug_console.o
 .debug_macro   0x0000000000007eb3       0x10 ./utilities/fsl_debug_console.o
 .debug_macro   0x0000000000007ec3       0x10 ./utilities/fsl_debug_console.o
 .debug_macro   0x0000000000007ed3       0x29 ./startup/startup_mkl25z4.o
 .debug_macro   0x0000000000007efc      0x124 ./source/DUAL_BLINK_2S_8S_SDK.o
 .debug_macro   0x0000000000008020       0x34 ./source/DUAL_BLINK_2S_8S_SDK.o
 .debug_macro   0x0000000000008054       0x10 ./source/DUAL_BLINK_2S_8S_SDK.o
 .debug_macro   0x0000000000008064       0x10 ./source/DUAL_BLINK_2S_8S_SDK.o
 .debug_macro   0x0000000000008074       0x46 ./source/DUAL_BLINK_2S_8S_SDK.o
 .debug_macro   0x00000000000080ba       0x2f ./source/mtb.o
 .debug_macro   0x00000000000080e9       0x82 ./source/mtb.o
 .debug_macro   0x000000000000816b       0x10 ./source/mtb.o
 .debug_macro   0x000000000000817b       0x11 ./source/semihost_hardfault.o
 .debug_macro   0x000000000000818c      0x196 ./drivers/fsl_clock.o
 .debug_macro   0x0000000000008322       0x1c ./drivers/fsl_clock.o
 .debug_macro   0x000000000000833e       0xef ./drivers/fsl_common.o
 .debug_macro   0x000000000000842d       0xec ./drivers/fsl_gpio.o
 .debug_macro   0x0000000000008519       0xec ./drivers/fsl_lpsci.o
 .debug_macro   0x0000000000008605       0xf2 ./drivers/fsl_tpm.o
 .debug_macro   0x00000000000086f7       0xf2 ./drivers/fsl_uart.o
 .debug_macro   0x00000000000087e9       0x94 ./CMSIS/system_MKL25Z4.o

.debug_line     0x0000000000000000     0x55e7
 .debug_line    0x0000000000000000      0xc8f ./utilities/fsl_debug_console.o
 .debug_line    0x0000000000000c8f      0x1ed ./startup/startup_mkl25z4.o
 .debug_line    0x0000000000000e7c      0x548 ./source/DUAL_BLINK_2S_8S_SDK.o
 .debug_line    0x00000000000013c4       0xd5 ./source/mtb.o
 .debug_line    0x0000000000001499       0x59 ./source/semihost_hardfault.o
 .debug_line    0x00000000000014f2     0x1300 ./drivers/fsl_clock.o
 .debug_line    0x00000000000027f2      0x434 ./drivers/fsl_common.o
 .debug_line    0x0000000000002c26      0x392 ./drivers/fsl_gpio.o
 .debug_line    0x0000000000002fb8      0xd79 ./drivers/fsl_lpsci.o
 .debug_line    0x0000000000003d31      0x813 ./drivers/fsl_tpm.o
 .debug_line    0x0000000000004544      0xd68 ./drivers/fsl_uart.o
 .debug_line    0x00000000000052ac      0x33b ./CMSIS/system_MKL25Z4.o

.debug_str      0x0000000000000000    0x358f8
 .debug_str     0x0000000000000000    0x31394 ./utilities/fsl_debug_console.o
                                      0x31633 (size before relaxing)
 .debug_str     0x0000000000031394      0x3ef ./startup/startup_mkl25z4.o
                                       0x30d1 (size before relaxing)
 .debug_str     0x0000000000031783      0xe4b ./source/DUAL_BLINK_2S_8S_SDK.o
                                      0x3126a (size before relaxing)
 .debug_str     0x00000000000325ce      0x532 ./source/mtb.o
                                       0x31f1 (size before relaxing)
 .debug_str     0x0000000000032b00       0x1f ./source/semihost_hardfault.o
                                       0x2cde (size before relaxing)
 .debug_str     0x0000000000032b1f     0x15ae ./drivers/fsl_clock.o
                                      0x321a6 (size before relaxing)
 .debug_str     0x00000000000340cd      0x142 ./drivers/fsl_common.o
                                      0x30774 (size before relaxing)
 .debug_str     0x000000000003420f       0xb1 ./drivers/fsl_gpio.o
                                      0x309f2 (size before relaxing)
 .debug_str     0x00000000000342c0      0x967 ./drivers/fsl_lpsci.o
                                      0x31795 (size before relaxing)
 .debug_str     0x0000000000034c27      0x440 ./drivers/fsl_tpm.o
                                      0x31377 (size before relaxing)
 .debug_str     0x0000000000035067      0x832 ./drivers/fsl_uart.o
                                      0x317b8 (size before relaxing)
 .debug_str     0x0000000000035899       0x5f ./CMSIS/system_MKL25Z4.o
                                      0x2fb20 (size before relaxing)

.comment        0x0000000000000000       0x49
 .comment       0x0000000000000000       0x49 ./utilities/fsl_debug_console.o
                                         0x4a (size before relaxing)
 .comment       0x0000000000000049       0x4a ./startup/startup_mkl25z4.o
 .comment       0x0000000000000049       0x4a ./source/DUAL_BLINK_2S_8S_SDK.o
 .comment       0x0000000000000049       0x4a ./source/mtb.o
 .comment       0x0000000000000049       0x4a ./source/semihost_hardfault.o
 .comment       0x0000000000000049       0x4a ./drivers/fsl_clock.o
 .comment       0x0000000000000049       0x4a ./drivers/fsl_common.o
 .comment       0x0000000000000049       0x4a ./drivers/fsl_gpio.o
 .comment       0x0000000000000049       0x4a ./drivers/fsl_lpsci.o
 .comment       0x0000000000000049       0x4a ./drivers/fsl_tpm.o
 .comment       0x0000000000000049       0x4a ./drivers/fsl_uart.o
 .comment       0x0000000000000049       0x4a ./CMSIS/system_MKL25Z4.o
 .comment       0x0000000000000049       0x4a /usr/local/mcuxpressoide-11.5.1_7266/ide/plugins/com.nxp.mcuxpresso.tools.linux_11.5.1.202201181444/tools/bin/../lib/gcc/arm-none-eabi/10.3.1/../../../../arm-none-eabi/lib/thumb/v6-m/nofp/libcr_nohost_nf.a(_cr__main.o)
 .comment       0x0000000000000049       0x4a /usr/local/mcuxpressoide-11.5.1_7266/ide/plugins/com.nxp.mcuxpresso.tools.linux_11.5.1.202201181444/tools/bin/../lib/gcc/arm-none-eabi/10.3.1/../../../../arm-none-eabi/lib/thumb/v6-m/nofp/libcr_c.a(memset.o)
 .comment       0x0000000000000049       0x4a /usr/local/mcuxpressoide-11.5.1_7266/ide/plugins/com.nxp.mcuxpresso.tools.linux_11.5.1.202201181444/tools/bin/../lib/gcc/arm-none-eabi/10.3.1/../../../../arm-none-eabi/lib/thumb/v6-m/nofp/libcr_c.a(initio.o)
 .comment       0x0000000000000049       0x4a /usr/local/mcuxpressoide-11.5.1_7266/ide/plugins/com.nxp.mcuxpresso.tools.linux_11.5.1.202201181444/tools/bin/../lib/gcc/arm-none-eabi/10.3.1/../../../../arm-none-eabi/lib/thumb/v6-m/nofp/libcr_c.a(setvbuf.o)
 .comment       0x0000000000000049       0x4a /usr/local/mcuxpressoide-11.5.1_7266/ide/plugins/com.nxp.mcuxpresso.tools.linux_11.5.1.202201181444/tools/bin/../lib/gcc/arm-none-eabi/10.3.1/../../../../arm-none-eabi/lib/thumb/v6-m/nofp/libcr_c.a(strlen.o)
 .comment       0x0000000000000049       0x4a /usr/local/mcuxpressoide-11.5.1_7266/ide/plugins/com.nxp.mcuxpresso.tools.linux_11.5.1.202201181444/tools/bin/../lib/gcc/arm-none-eabi/10.3.1/../../../../arm-none-eabi/lib/thumb/v6-m/nofp/libcr_c.a(_fdopen.o)
 .comment       0x0000000000000049       0x4a /usr/local/mcuxpressoide-11.5.1_7266/ide/plugins/com.nxp.mcuxpresso.tools.linux_11.5.1.202201181444/tools/bin/../lib/gcc/arm-none-eabi/10.3.1/../../../../arm-none-eabi/lib/thumb/v6-m/nofp/libcr_c.a(fclose.o)
 .comment       0x0000000000000049       0x4a /usr/local/mcuxpressoide-11.5.1_7266/ide/plugins/com.nxp.mcuxpresso.tools.linux_11.5.1.202201181444/tools/bin/../lib/gcc/arm-none-eabi/10.3.1/../../../../arm-none-eabi/lib/thumb/v6-m/nofp/libcr_c.a(fflush.o)
 .comment       0x0000000000000049       0x4a /usr/local/mcuxpressoide-11.5.1_7266/ide/plugins/com.nxp.mcuxpresso.tools.linux_11.5.1.202201181444/tools/bin/../lib/gcc/arm-none-eabi/10.3.1/../../../../arm-none-eabi/lib/thumb/v6-m/nofp/libcr_c.a(fseek.o)
 .comment       0x0000000000000049       0x4a /usr/local/mcuxpressoide-11.5.1_7266/ide/plugins/com.nxp.mcuxpresso.tools.linux_11.5.1.202201181444/tools/bin/../lib/gcc/arm-none-eabi/10.3.1/../../../../arm-none-eabi/lib/thumb/v6-m/nofp/libcr_c.a(ftell.o)
 .comment       0x0000000000000049       0x4a /usr/local/mcuxpressoide-11.5.1_7266/ide/plugins/com.nxp.mcuxpresso.tools.linux_11.5.1.202201181444/tools/bin/../lib/gcc/arm-none-eabi/10.3.1/../../../../arm-none-eabi/lib/thumb/v6-m/nofp/libcr_c.a(remove.o)
 .comment       0x0000000000000049       0x4a /usr/local/mcuxpressoide-11.5.1_7266/ide/plugins/com.nxp.mcuxpresso.tools.linux_11.5.1.202201181444/tools/bin/../lib/gcc/arm-none-eabi/10.3.1/../../../../arm-none-eabi/lib/thumb/v6-m/nofp/libcr_c.a(_do_fflush.o)
 .comment       0x0000000000000049       0x4a /usr/local/mcuxpressoide-11.5.1_7266/ide/plugins/com.nxp.mcuxpresso.tools.linux_11.5.1.202201181444/tools/bin/../lib/gcc/arm-none-eabi/10.3.1/../../../../arm-none-eabi/lib/thumb/v6-m/nofp/libcr_c.a(_fflush.o)
 .comment       0x0000000000000049       0x4a /usr/local/mcuxpressoide-11.5.1_7266/ide/plugins/com.nxp.mcuxpresso.tools.linux_11.5.1.202201181444/tools/bin/../lib/gcc/arm-none-eabi/10.3.1/../../../../arm-none-eabi/lib/thumb/v6-m/nofp/libcr_c.a(_writebuf.o)
 .comment       0x0000000000000049       0x4a /usr/local/mcuxpressoide-11.5.1_7266/ide/plugins/com.nxp.mcuxpresso.tools.linux_11.5.1.202201181444/tools/bin/../lib/gcc/arm-none-eabi/10.3.1/../../../../arm-none-eabi/lib/thumb/v6-m/nofp/libcr_c.a(alloc.o)
 .comment       0x0000000000000049       0x4a /usr/local/mcuxpressoide-11.5.1_7266/ide/plugins/com.nxp.mcuxpresso.tools.linux_11.5.1.202201181444/tools/bin/../lib/gcc/arm-none-eabi/10.3.1/../../../../arm-none-eabi/lib/thumb/v6-m/nofp/libcr_c.a(errno.o)
 .comment       0x0000000000000049       0x4a /usr/local/mcuxpressoide-11.5.1_7266/ide/plugins/com.nxp.mcuxpresso.tools.linux_11.5.1.202201181444/tools/bin/../lib/gcc/arm-none-eabi/10.3.1/../../../../arm-none-eabi/lib/thumb/v6-m/nofp/libcr_c.a(_deferredlazyseek.o)
 .comment       0x0000000000000049       0x4a /usr/local/mcuxpressoide-11.5.1_7266/ide/plugins/com.nxp.mcuxpresso.tools.linux_11.5.1.202201181444/tools/bin/../lib/gcc/arm-none-eabi/10.3.1/../../../../arm-none-eabi/lib/thumb/v6-m/nofp/libcr_nohost_nf.a(__ciob.o)
 .comment       0x0000000000000049       0x4a /usr/local/mcuxpressoide-11.5.1_7266/ide/plugins/com.nxp.mcuxpresso.tools.linux_11.5.1.202201181444/tools/bin/../lib/gcc/arm-none-eabi/10.3.1/../../../../arm-none-eabi/lib/thumb/v6-m/nofp/libcr_nohost_nf.a(__sys_close.o)
 .comment       0x0000000000000049       0x4a /usr/local/mcuxpressoide-11.5.1_7266/ide/plugins/com.nxp.mcuxpresso.tools.linux_11.5.1.202201181444/tools/bin/../lib/gcc/arm-none-eabi/10.3.1/../../../../arm-none-eabi/lib/thumb/v6-m/nofp/libcr_nohost_nf.a(__sys_flen.o)
 .comment       0x0000000000000049       0x4a /usr/local/mcuxpressoide-11.5.1_7266/ide/plugins/com.nxp.mcuxpresso.tools.linux_11.5.1.202201181444/tools/bin/../lib/gcc/arm-none-eabi/10.3.1/../../../../arm-none-eabi/lib/thumb/v6-m/nofp/libcr_nohost_nf.a(__sys_istty.o)
 .comment       0x0000000000000049       0x4a /usr/local/mcuxpressoide-11.5.1_7266/ide/plugins/com.nxp.mcuxpresso.tools.linux_11.5.1.202201181444/tools/bin/../lib/gcc/arm-none-eabi/10.3.1/../../../../arm-none-eabi/lib/thumb/v6-m/nofp/libcr_nohost_nf.a(__sys_remove.o)
 .comment       0x0000000000000049       0x4a /usr/local/mcuxpressoide-11.5.1_7266/ide/plugins/com.nxp.mcuxpresso.tools.linux_11.5.1.202201181444/tools/bin/../lib/gcc/arm-none-eabi/10.3.1/../../../../arm-none-eabi/lib/thumb/v6-m/nofp/libcr_nohost_nf.a(__sys_seek.o)
 .comment       0x0000000000000049       0x4a /usr/local/mcuxpressoide-11.5.1_7266/ide/plugins/com.nxp.mcuxpresso.tools.linux_11.5.1.202201181444/tools/bin/../lib/gcc/arm-none-eabi/10.3.1/../../../../arm-none-eabi/lib/thumb/v6-m/nofp/libcr_nohost_nf.a(__sys_tmpnam.o)
 .comment       0x0000000000000049       0x4a /usr/local/mcuxpressoide-11.5.1_7266/ide/plugins/com.nxp.mcuxpresso.tools.linux_11.5.1.202201181444/tools/bin/../lib/gcc/arm-none-eabi/10.3.1/../../../../arm-none-eabi/lib/thumb/v6-m/nofp/libcr_nohost_nf.a(__sys_write.o)

.ARM.attributes
                0x0000000000000000       0x2a
 .ARM.attributes
                0x0000000000000000       0x2c ./utilities/fsl_debug_console.o
 .ARM.attributes
                0x000000000000002c       0x2c ./startup/startup_mkl25z4.o
 .ARM.attributes
                0x0000000000000058       0x2c ./source/DUAL_BLINK_2S_8S_SDK.o
 .ARM.attributes
                0x0000000000000084       0x32 ./source/mtb.o
 .ARM.attributes
                0x00000000000000b6       0x2c ./source/semihost_hardfault.o
 .ARM.attributes
                0x00000000000000e2       0x2c ./drivers/fsl_clock.o
 .ARM.attributes
                0x000000000000010e       0x2c ./drivers/fsl_common.o
 .ARM.attributes
                0x000000000000013a       0x2c ./drivers/fsl_gpio.o
 .ARM.attributes
                0x0000000000000166       0x2c ./drivers/fsl_lpsci.o
 .ARM.attributes
                0x0000000000000192       0x2c ./drivers/fsl_tpm.o
 .ARM.attributes
                0x00000000000001be       0x2c ./drivers/fsl_uart.o
 .ARM.attributes
                0x00000000000001ea       0x2c ./CMSIS/system_MKL25Z4.o
 .ARM.attributes
                0x0000000000000216       0x2c /usr/local/mcuxpressoide-11.5.1_7266/ide/plugins/com.nxp.mcuxpresso.tools.linux_11.5.1.202201181444/tools/bin/../lib/gcc/arm-none-eabi/10.3.1/../../../../arm-none-eabi/lib/thumb/v6-m/nofp/libcr_nohost_nf.a(_cr__main.o)
 .ARM.attributes
                0x0000000000000242       0x2c /usr/local/mcuxpressoide-11.5.1_7266/ide/plugins/com.nxp.mcuxpresso.tools.linux_11.5.1.202201181444/tools/bin/../lib/gcc/arm-none-eabi/10.3.1/../../../../arm-none-eabi/lib/thumb/v6-m/nofp/libcr_c.a(memset.o)
 .ARM.attributes
                0x000000000000026e       0x2c /usr/local/mcuxpressoide-11.5.1_7266/ide/plugins/com.nxp.mcuxpresso.tools.linux_11.5.1.202201181444/tools/bin/../lib/gcc/arm-none-eabi/10.3.1/../../../../arm-none-eabi/lib/thumb/v6-m/nofp/libcr_c.a(initio.o)
 .ARM.attributes
                0x000000000000029a       0x2c /usr/local/mcuxpressoide-11.5.1_7266/ide/plugins/com.nxp.mcuxpresso.tools.linux_11.5.1.202201181444/tools/bin/../lib/gcc/arm-none-eabi/10.3.1/../../../../arm-none-eabi/lib/thumb/v6-m/nofp/libcr_c.a(setvbuf.o)
 .ARM.attributes
                0x00000000000002c6       0x2c /usr/local/mcuxpressoide-11.5.1_7266/ide/plugins/com.nxp.mcuxpresso.tools.linux_11.5.1.202201181444/tools/bin/../lib/gcc/arm-none-eabi/10.3.1/../../../../arm-none-eabi/lib/thumb/v6-m/nofp/libcr_c.a(strlen.o)
 .ARM.attributes
                0x00000000000002f2       0x2c /usr/local/mcuxpressoide-11.5.1_7266/ide/plugins/com.nxp.mcuxpresso.tools.linux_11.5.1.202201181444/tools/bin/../lib/gcc/arm-none-eabi/10.3.1/../../../../arm-none-eabi/lib/thumb/v6-m/nofp/libcr_c.a(_fdopen.o)
 .ARM.attributes
                0x000000000000031e       0x2c /usr/local/mcuxpressoide-11.5.1_7266/ide/plugins/com.nxp.mcuxpresso.tools.linux_11.5.1.202201181444/tools/bin/../lib/gcc/arm-none-eabi/10.3.1/../../../../arm-none-eabi/lib/thumb/v6-m/nofp/libcr_c.a(fclose.o)
 .ARM.attributes
                0x000000000000034a       0x2c /usr/local/mcuxpressoide-11.5.1_7266/ide/plugins/com.nxp.mcuxpresso.tools.linux_11.5.1.202201181444/tools/bin/../lib/gcc/arm-none-eabi/10.3.1/../../../../arm-none-eabi/lib/thumb/v6-m/nofp/libcr_c.a(fflush.o)
 .ARM.attributes
                0x0000000000000376       0x2c /usr/local/mcuxpressoide-11.5.1_7266/ide/plugins/com.nxp.mcuxpresso.tools.linux_11.5.1.202201181444/tools/bin/../lib/gcc/arm-none-eabi/10.3.1/../../../../arm-none-eabi/lib/thumb/v6-m/nofp/libcr_c.a(fseek.o)
 .ARM.attributes
                0x00000000000003a2       0x2c /usr/local/mcuxpressoide-11.5.1_7266/ide/plugins/com.nxp.mcuxpresso.tools.linux_11.5.1.202201181444/tools/bin/../lib/gcc/arm-none-eabi/10.3.1/../../../../arm-none-eabi/lib/thumb/v6-m/nofp/libcr_c.a(ftell.o)
 .ARM.attributes
                0x00000000000003ce       0x2c /usr/local/mcuxpressoide-11.5.1_7266/ide/plugins/com.nxp.mcuxpresso.tools.linux_11.5.1.202201181444/tools/bin/../lib/gcc/arm-none-eabi/10.3.1/../../../../arm-none-eabi/lib/thumb/v6-m/nofp/libcr_c.a(remove.o)
 .ARM.attributes
                0x00000000000003fa       0x2c /usr/local/mcuxpressoide-11.5.1_7266/ide/plugins/com.nxp.mcuxpresso.tools.linux_11.5.1.202201181444/tools/bin/../lib/gcc/arm-none-eabi/10.3.1/../../../../arm-none-eabi/lib/thumb/v6-m/nofp/libcr_c.a(_do_fflush.o)
 .ARM.attributes
                0x0000000000000426       0x2c /usr/local/mcuxpressoide-11.5.1_7266/ide/plugins/com.nxp.mcuxpresso.tools.linux_11.5.1.202201181444/tools/bin/../lib/gcc/arm-none-eabi/10.3.1/../../../../arm-none-eabi/lib/thumb/v6-m/nofp/libcr_c.a(_fflush.o)
 .ARM.attributes
                0x0000000000000452       0x2c /usr/local/mcuxpressoide-11.5.1_7266/ide/plugins/com.nxp.mcuxpresso.tools.linux_11.5.1.202201181444/tools/bin/../lib/gcc/arm-none-eabi/10.3.1/../../../../arm-none-eabi/lib/thumb/v6-m/nofp/libcr_c.a(_writebuf.o)
 .ARM.attributes
                0x000000000000047e       0x2c /usr/local/mcuxpressoide-11.5.1_7266/ide/plugins/com.nxp.mcuxpresso.tools.linux_11.5.1.202201181444/tools/bin/../lib/gcc/arm-none-eabi/10.3.1/../../../../arm-none-eabi/lib/thumb/v6-m/nofp/libcr_c.a(alloc.o)
 .ARM.attributes
                0x00000000000004aa       0x31 /usr/local/mcuxpressoide-11.5.1_7266/ide/plugins/com.nxp.mcuxpresso.tools.linux_11.5.1.202201181444/tools/bin/../lib/gcc/arm-none-eabi/10.3.1/../../../../arm-none-eabi/lib/thumb/v6-m/nofp/libcr_c.a(errno.o)
 .ARM.attributes
                0x00000000000004db       0x2c /usr/local/mcuxpressoide-11.5.1_7266/ide/plugins/com.nxp.mcuxpresso.tools.linux_11.5.1.202201181444/tools/bin/../lib/gcc/arm-none-eabi/10.3.1/../../../../arm-none-eabi/lib/thumb/v6-m/nofp/libcr_c.a(_deferredlazyseek.o)
 .ARM.attributes
                0x0000000000000507       0x1c /usr/local/mcuxpressoide-11.5.1_7266/ide/plugins/com.nxp.mcuxpresso.tools.linux_11.5.1.202201181444/tools/bin/../lib/gcc/arm-none-eabi/10.3.1/thumb/v6-m/nofp/libcr_eabihelpers.a(division_32.o)
 .ARM.attributes
                0x0000000000000523       0x1c /usr/local/mcuxpressoide-11.5.1_7266/ide/plugins/com.nxp.mcuxpresso.tools.linux_11.5.1.202201181444/tools/bin/../lib/gcc/arm-none-eabi/10.3.1/thumb/v6-m/nofp/libcr_eabihelpers.a(division_idiv0.o)
 .ARM.attributes
                0x000000000000053f       0x1c /usr/local/mcuxpressoide-11.5.1_7266/ide/plugins/com.nxp.mcuxpresso.tools.linux_11.5.1.202201181444/tools/bin/../lib/gcc/arm-none-eabi/10.3.1/thumb/v6-m/nofp/libcr_eabihelpers.a(memcpy.o)
 .ARM.attributes
                0x000000000000055b       0x31 /usr/local/mcuxpressoide-11.5.1_7266/ide/plugins/com.nxp.mcuxpresso.tools.linux_11.5.1.202201181444/tools/bin/../lib/gcc/arm-none-eabi/10.3.1/../../../../arm-none-eabi/lib/thumb/v6-m/nofp/libcr_nohost_nf.a(__ciob.o)
 .ARM.attributes
                0x000000000000058c       0x2c /usr/local/mcuxpressoide-11.5.1_7266/ide/plugins/com.nxp.mcuxpresso.tools.linux_11.5.1.202201181444/tools/bin/../lib/gcc/arm-none-eabi/10.3.1/../../../../arm-none-eabi/lib/thumb/v6-m/nofp/libcr_nohost_nf.a(__sys_close.o)
 .ARM.attributes
                0x00000000000005b8       0x2c /usr/local/mcuxpressoide-11.5.1_7266/ide/plugins/com.nxp.mcuxpresso.tools.linux_11.5.1.202201181444/tools/bin/../lib/gcc/arm-none-eabi/10.3.1/../../../../arm-none-eabi/lib/thumb/v6-m/nofp/libcr_nohost_nf.a(__sys_flen.o)
 .ARM.attributes
                0x00000000000005e4       0x2c /usr/local/mcuxpressoide-11.5.1_7266/ide/plugins/com.nxp.mcuxpresso.tools.linux_11.5.1.202201181444/tools/bin/../lib/gcc/arm-none-eabi/10.3.1/../../../../arm-none-eabi/lib/thumb/v6-m/nofp/libcr_nohost_nf.a(__sys_istty.o)
 .ARM.attributes
                0x0000000000000610       0x2c /usr/local/mcuxpressoide-11.5.1_7266/ide/plugins/com.nxp.mcuxpresso.tools.linux_11.5.1.202201181444/tools/bin/../lib/gcc/arm-none-eabi/10.3.1/../../../../arm-none-eabi/lib/thumb/v6-m/nofp/libcr_nohost_nf.a(__sys_remove.o)
 .ARM.attributes
                0x000000000000063c       0x2c /usr/local/mcuxpressoide-11.5.1_7266/ide/plugins/com.nxp.mcuxpresso.tools.linux_11.5.1.202201181444/tools/bin/../lib/gcc/arm-none-eabi/10.3.1/../../../../arm-none-eabi/lib/thumb/v6-m/nofp/libcr_nohost_nf.a(__sys_seek.o)
 .ARM.attributes
                0x0000000000000668       0x2c /usr/local/mcuxpressoide-11.5.1_7266/ide/plugins/com.nxp.mcuxpresso.tools.linux_11.5.1.202201181444/tools/bin/../lib/gcc/arm-none-eabi/10.3.1/../../../../arm-none-eabi/lib/thumb/v6-m/nofp/libcr_nohost_nf.a(__sys_tmpnam.o)
 .ARM.attributes
                0x0000000000000694       0x2c /usr/local/mcuxpressoide-11.5.1_7266/ide/plugins/com.nxp.mcuxpresso.tools.linux_11.5.1.202201181444/tools/bin/../lib/gcc/arm-none-eabi/10.3.1/../../../../arm-none-eabi/lib/thumb/v6-m/nofp/libcr_nohost_nf.a(__sys_write.o)

.debug_frame    0x0000000000000000     0x1a2c
 .debug_frame   0x0000000000000000      0x1f0 ./utilities/fsl_debug_console.o
 .debug_frame   0x00000000000001f0      0x3b0 ./startup/startup_mkl25z4.o
 .debug_frame   0x00000000000005a0      0x1b8 ./source/DUAL_BLINK_2S_8S_SDK.o
 .debug_frame   0x0000000000000758       0x20 ./source/semihost_hardfault.o
 .debug_frame   0x0000000000000778      0x6e0 ./drivers/fsl_clock.o
 .debug_frame   0x0000000000000e58       0x90 ./drivers/fsl_common.o
 .debug_frame   0x0000000000000ee8       0xb0 ./drivers/fsl_gpio.o
 .debug_frame   0x0000000000000f98      0x414 ./drivers/fsl_lpsci.o
 .debug_frame   0x00000000000013ac      0x1d0 ./drivers/fsl_tpm.o
 .debug_frame   0x000000000000157c      0x464 ./drivers/fsl_uart.o
 .debug_frame   0x00000000000019e0       0x4c ./CMSIS/system_MKL25Z4.o

Cross Reference Table

Symbol                                            File
ADC0_DriverIRQHandler                             ./startup/startup_mkl25z4.o
ADC0_IRQHandler                                   ./startup/startup_mkl25z4.o
BOARD_BootClockRUN                                ./board/clock_config.o
BOARD_BootClockVLPR                               ./board/clock_config.o
BOARD_InitBootClocks                              ./board/clock_config.o
BOARD_InitBootPeripherals                         ./board/peripherals.o
BOARD_InitBootPins                                ./board/pin_mux.o
BOARD_InitDebugConsole                            ./board/board.o
BOARD_InitPins                                    ./board/pin_mux.o
CLOCK_BootToBlpeMode                              ./drivers/fsl_clock.o
CLOCK_BootToBlpiMode                              ./drivers/fsl_clock.o
                                                  ./board/clock_config.o
CLOCK_BootToFeeMode                               ./drivers/fsl_clock.o
CLOCK_BootToFeiMode                               ./drivers/fsl_clock.o
CLOCK_BootToPeeMode                               ./drivers/fsl_clock.o
                                                  ./board/clock_config.o
CLOCK_CalcPllDiv                                  ./drivers/fsl_clock.o
CLOCK_ClearStatusFlags                            ./drivers/fsl_clock.o
CLOCK_DeinitOsc0                                  ./drivers/fsl_clock.o
CLOCK_EnablePll0                                  ./drivers/fsl_clock.o
CLOCK_EnableUsbfs0Clock                           ./drivers/fsl_clock.o
CLOCK_ExternalModeToFbeModeQuick                  ./drivers/fsl_clock.o
CLOCK_FllStableDelay                              ./drivers/fsl_clock.o
CLOCK_GetBusClkFreq                               ./drivers/fsl_clock.o
CLOCK_GetCoreSysClkFreq                           ./drivers/fsl_clock.o
CLOCK_GetEr32kClkFreq                             ./drivers/fsl_clock.o
CLOCK_GetFixedFreqClkFreq                         ./drivers/fsl_clock.o
CLOCK_GetFlashClkFreq                             ./drivers/fsl_clock.o
CLOCK_GetFllFreq                                  ./drivers/fsl_clock.o
CLOCK_GetFreq                                     ./drivers/fsl_clock.o
CLOCK_GetInternalRefClkFreq                       ./drivers/fsl_clock.o
CLOCK_GetMode                                     ./drivers/fsl_clock.o
CLOCK_GetOsc0ErClkFreq                            ./drivers/fsl_clock.o
CLOCK_GetOutClkFreq                               ./drivers/fsl_clock.o
CLOCK_GetPlatClkFreq                              ./drivers/fsl_clock.o
CLOCK_GetPll0Freq                                 ./drivers/fsl_clock.o
CLOCK_GetPllFllSelClkFreq                         ./drivers/fsl_clock.o
                                                  ./board/board.o
CLOCK_GetStatusFlags                              ./drivers/fsl_clock.o
CLOCK_InitOsc0                                    ./drivers/fsl_clock.o
                                                  ./board/clock_config.o
CLOCK_InternalModeToFbiModeQuick                  ./drivers/fsl_clock.o
CLOCK_SetBlpeMode                                 ./drivers/fsl_clock.o
CLOCK_SetBlpiMode                                 ./drivers/fsl_clock.o
CLOCK_SetExternalRefClkConfig                     ./drivers/fsl_clock.o
CLOCK_SetFbeMode                                  ./drivers/fsl_clock.o
CLOCK_SetFbiMode                                  ./drivers/fsl_clock.o
CLOCK_SetFeeMode                                  ./drivers/fsl_clock.o
CLOCK_SetFeiMode                                  ./drivers/fsl_clock.o
CLOCK_SetInternalRefClkConfig                     ./drivers/fsl_clock.o
                                                  ./board/clock_config.o
                                                  ./source/DUAL_BLINK_2S_8S_SDK.o
CLOCK_SetMcgConfig                                ./drivers/fsl_clock.o
CLOCK_SetOsc0MonitorMode                          ./drivers/fsl_clock.o
CLOCK_SetPbeMode                                  ./drivers/fsl_clock.o
CLOCK_SetPeeMode                                  ./drivers/fsl_clock.o
CLOCK_SetPll0MonitorMode                          ./drivers/fsl_clock.o
CLOCK_SetSimConfig                                ./drivers/fsl_clock.o
                                                  ./board/clock_config.o
CLOCK_TrimInternalRefClk                          ./drivers/fsl_clock.o
CMP0_DriverIRQHandler                             ./startup/startup_mkl25z4.o
CMP0_IRQHandler                                   ./startup/startup_mkl25z4.o
DAC0_DriverIRQHandler                             ./startup/startup_mkl25z4.o
DAC0_IRQHandler                                   ./startup/startup_mkl25z4.o
DMA0_DriverIRQHandler                             ./startup/startup_mkl25z4.o
DMA0_IRQHandler                                   ./startup/startup_mkl25z4.o
DMA1_DriverIRQHandler                             ./startup/startup_mkl25z4.o
DMA1_IRQHandler                                   ./startup/startup_mkl25z4.o
DMA2_DriverIRQHandler                             ./startup/startup_mkl25z4.o
DMA2_IRQHandler                                   ./startup/startup_mkl25z4.o
DMA3_DriverIRQHandler                             ./startup/startup_mkl25z4.o
DMA3_IRQHandler                                   ./startup/startup_mkl25z4.o
DbgConsole_Deinit                                 ./utilities/fsl_debug_console.o
DbgConsole_Getchar                                ./utilities/fsl_debug_console.o
DbgConsole_Init                                   ./utilities/fsl_debug_console.o
                                                  ./board/board.o
DbgConsole_Printf                                 ./utilities/fsl_debug_console.o
                                                  ./drivers/fsl_common.o
DbgConsole_Putchar                                ./utilities/fsl_debug_console.o
DbgConsole_Scanf                                  ./utilities/fsl_debug_console.o
FLASH_Erase                                       ./drivers/fsl_flash.o
FLASH_EraseAll                                    ./drivers/fsl_flash.o
FLASH_EraseAllExecuteOnlySegments                 ./drivers/fsl_flash.o
FLASH_GetProperty                                 ./drivers/fsl_flash.o
FLASH_GetSecurityState                            ./drivers/fsl_flash.o
FLASH_Init                                        ./drivers/fsl_flash.o
FLASH_IsExecuteOnly                               ./drivers/fsl_flash.o
FLASH_IsProtected                                 ./drivers/fsl_flash.o
FLASH_PflashGetPrefetchSpeculation                ./drivers/fsl_flash.o
FLASH_PflashGetProtection                         ./drivers/fsl_flash.o
FLASH_PflashSetPrefetchSpeculation                ./drivers/fsl_flash.o
                                                  ./drivers/fsl_smc.o
FLASH_PflashSetProtection                         ./drivers/fsl_flash.o
FLASH_PrepareExecuteInRamFunctions                ./drivers/fsl_flash.o
FLASH_Program                                     ./drivers/fsl_flash.o
FLASH_ProgramOnce                                 ./drivers/fsl_flash.o
FLASH_ReadOnce                                    ./drivers/fsl_flash.o
FLASH_ReadResource                                ./drivers/fsl_flash.o
FLASH_SecurityBypass                              ./drivers/fsl_flash.o
FLASH_SetCallback                                 ./drivers/fsl_flash.o
FLASH_SetProperty                                 ./drivers/fsl_flash.o
FLASH_VerifyErase                                 ./drivers/fsl_flash.o
FLASH_VerifyEraseAll                              ./drivers/fsl_flash.o
FLASH_VerifyEraseAllExecuteOnlySegments           ./drivers/fsl_flash.o
FLASH_VerifyProgram                               ./drivers/fsl_flash.o
FTFA_DriverIRQHandler                             ./startup/startup_mkl25z4.o
FTFA_IRQHandler                                   ./startup/startup_mkl25z4.o
Flash_Config                                      ./startup/startup_mkl25z4.o
GPIO_ClearPinsInterruptFlags                      ./drivers/fsl_gpio.o
GPIO_GetPinsInterruptFlags                        ./drivers/fsl_gpio.o
GPIO_PinInit                                      ./drivers/fsl_gpio.o
                                                  ./source/DUAL_BLINK_2S_8S_SDK.o
HardFault_Handler                                 ./source/semihost_hardfault.o
                                                  ./startup/startup_mkl25z4.o
I2C0_DriverIRQHandler                             ./startup/startup_mkl25z4.o
I2C0_IRQHandler                                   ./startup/startup_mkl25z4.o
I2C1_DriverIRQHandler                             ./startup/startup_mkl25z4.o
I2C1_IRQHandler                                   ./startup/startup_mkl25z4.o
InstallIRQHandler                                 ./drivers/fsl_common.o
IntDefaultHandler                                 ./startup/startup_mkl25z4.o
LEDS_Init                                         ./source/DUAL_BLINK_2S_8S_SDK.o
LLWU_DriverIRQHandler                             ./startup/startup_mkl25z4.o
LLWU_IRQHandler                                   ./startup/startup_mkl25z4.o
LPSCI_ClearStatusFlags                            ./drivers/fsl_lpsci.o
LPSCI_Deinit                                      ./drivers/fsl_lpsci.o
                                                  ./utilities/fsl_debug_console.o
LPSCI_DisableInterrupts                           ./drivers/fsl_lpsci.o
LPSCI_EnableInterrupts                            ./drivers/fsl_lpsci.o
LPSCI_GetDefaultConfig                            ./drivers/fsl_lpsci.o
                                                  ./utilities/fsl_debug_console.o
LPSCI_GetEnabledInterrupts                        ./drivers/fsl_lpsci.o
LPSCI_GetInstance                                 ./drivers/fsl_lpsci.o
LPSCI_GetStatusFlags                              ./drivers/fsl_lpsci.o
LPSCI_Init                                        ./drivers/fsl_lpsci.o
                                                  ./utilities/fsl_debug_console.o
LPSCI_ReadBlocking                                ./drivers/fsl_lpsci.o
                                                  ./utilities/fsl_debug_console.o
LPSCI_SetBaudRate                                 ./drivers/fsl_lpsci.o
LPSCI_TransferAbortReceive                        ./drivers/fsl_lpsci.o
LPSCI_TransferAbortSend                           ./drivers/fsl_lpsci.o
LPSCI_TransferCreateHandle                        ./drivers/fsl_lpsci.o
LPSCI_TransferGetReceiveCount                     ./drivers/fsl_lpsci.o
LPSCI_TransferGetSendCount                        ./drivers/fsl_lpsci.o
LPSCI_TransferHandleErrorIRQ                      ./drivers/fsl_lpsci.o
LPSCI_TransferHandleIRQ                           ./drivers/fsl_lpsci.o
LPSCI_TransferReceiveNonBlocking                  ./drivers/fsl_lpsci.o
LPSCI_TransferSendNonBlocking                     ./drivers/fsl_lpsci.o
LPSCI_TransferStartRingBuffer                     ./drivers/fsl_lpsci.o
LPSCI_TransferStopRingBuffer                      ./drivers/fsl_lpsci.o
LPSCI_WriteBlocking                               ./drivers/fsl_lpsci.o
                                                  ./utilities/fsl_debug_console.o
LPTMR0_DriverIRQHandler                           ./startup/startup_mkl25z4.o
LPTMR0_IRQHandler                                 ./startup/startup_mkl25z4.o
LPTMR_Deinit                                      ./drivers/fsl_lptmr.o
LPTMR_GetDefaultConfig                            ./drivers/fsl_lptmr.o
LPTMR_Init                                        ./drivers/fsl_lptmr.o
LVD_LVW_DriverIRQHandler                          ./startup/startup_mkl25z4.o
LVD_LVW_IRQHandler                                ./startup/startup_mkl25z4.o
MCG_DriverIRQHandler                              ./startup/startup_mkl25z4.o
MCG_IRQHandler                                    ./startup/startup_mkl25z4.o
NMI_Handler                                       ./startup/startup_mkl25z4.o
PIT_Deinit                                        ./drivers/fsl_pit.o
PIT_DriverIRQHandler                              ./startup/startup_mkl25z4.o
PIT_GetLifetimeTimerCount                         ./drivers/fsl_pit.o
PIT_IRQHandler                                    ./startup/startup_mkl25z4.o
PIT_Init                                          ./drivers/fsl_pit.o
PORTA_DriverIRQHandler                            ./startup/startup_mkl25z4.o
PORTA_IRQHandler                                  ./startup/startup_mkl25z4.o
PORTD_DriverIRQHandler                            ./startup/startup_mkl25z4.o
PORTD_IRQHandler                                  ./startup/startup_mkl25z4.o
PendSV_Handler                                    ./startup/startup_mkl25z4.o
RTC_ClearStatusFlags                              ./drivers/fsl_rtc.o
RTC_DriverIRQHandler                              ./startup/startup_mkl25z4.o
RTC_GetAlarm                                      ./drivers/fsl_rtc.o
RTC_GetDatetime                                   ./drivers/fsl_rtc.o
RTC_GetDefaultConfig                              ./drivers/fsl_rtc.o
RTC_IRQHandler                                    ./startup/startup_mkl25z4.o
RTC_Init                                          ./drivers/fsl_rtc.o
RTC_Seconds_DriverIRQHandler                      ./startup/startup_mkl25z4.o
RTC_Seconds_IRQHandler                            ./startup/startup_mkl25z4.o
RTC_SetAlarm                                      ./drivers/fsl_rtc.o
RTC_SetDatetime                                   ./drivers/fsl_rtc.o
Reserved20_DriverIRQHandler                       ./startup/startup_mkl25z4.o
Reserved20_IRQHandler                             ./startup/startup_mkl25z4.o
Reserved39_DriverIRQHandler                       ./startup/startup_mkl25z4.o
Reserved39_IRQHandler                             ./startup/startup_mkl25z4.o
Reserved45_DriverIRQHandler                       ./startup/startup_mkl25z4.o
Reserved45_IRQHandler                             ./startup/startup_mkl25z4.o
ResetISR                                          ./startup/startup_mkl25z4.o
SIM_GetUniqueId                                   ./drivers/fsl_sim.o
SIM_SetUsbVoltRegulatorEnableMode                 ./drivers/fsl_sim.o
SMC_PostExitStopModes                             ./drivers/fsl_smc.o
SMC_PreEnterStopModes                             ./drivers/fsl_smc.o
SMC_SetPowerModeLls                               ./drivers/fsl_smc.o
SMC_SetPowerModeRun                               ./drivers/fsl_smc.o
SMC_SetPowerModeStop                              ./drivers/fsl_smc.o
SMC_SetPowerModeVlls                              ./drivers/fsl_smc.o
SMC_SetPowerModeVlpr                              ./drivers/fsl_smc.o
                                                  ./board/clock_config.o
SMC_SetPowerModeVlps                              ./drivers/fsl_smc.o
SMC_SetPowerModeVlpw                              ./drivers/fsl_smc.o
SMC_SetPowerModeWait                              ./drivers/fsl_smc.o
SPI0_DriverIRQHandler                             ./startup/startup_mkl25z4.o
SPI0_IRQHandler                                   ./startup/startup_mkl25z4.o
SPI1_DriverIRQHandler                             ./startup/startup_mkl25z4.o
SPI1_IRQHandler                                   ./startup/startup_mkl25z4.o
SVC_Handler                                       ./startup/startup_mkl25z4.o
SysTick_Handler                                   ./startup/startup_mkl25z4.o
SystemCoreClock                                   ./CMSIS/system_MKL25Z4.o
                                                  ./board/clock_config.o
SystemCoreClockUpdate                             ./CMSIS/system_MKL25Z4.o
SystemInit                                        ./CMSIS/system_MKL25Z4.o
                                                  ./startup/startup_mkl25z4.o
TPM0_DriverIRQHandler                             ./startup/startup_mkl25z4.o
TPM0_IRQHandler                                   ./source/DUAL_BLINK_2S_8S_SDK.o
                                                  ./startup/startup_mkl25z4.o
TPM0_Init                                         ./source/DUAL_BLINK_2S_8S_SDK.o
TPM1_DriverIRQHandler                             ./startup/startup_mkl25z4.o
TPM1_IRQHandler                                   ./source/DUAL_BLINK_2S_8S_SDK.o
                                                  ./startup/startup_mkl25z4.o
TPM1_Init                                         ./source/DUAL_BLINK_2S_8S_SDK.o
TPM2_DriverIRQHandler                             ./startup/startup_mkl25z4.o
TPM2_IRQHandler                                   ./startup/startup_mkl25z4.o
TPM_Deinit                                        ./drivers/fsl_tpm.o
TPM_DisableInterrupts                             ./drivers/fsl_tpm.o
TPM_EnableInterrupts                              ./drivers/fsl_tpm.o
                                                  ./source/DUAL_BLINK_2S_8S_SDK.o
TPM_GetDefaultConfig                              ./drivers/fsl_tpm.o
                                                  ./source/DUAL_BLINK_2S_8S_SDK.o
TPM_GetEnabledInterrupts                          ./drivers/fsl_tpm.o
TPM_Init                                          ./drivers/fsl_tpm.o
                                                  ./source/DUAL_BLINK_2S_8S_SDK.o
TPM_SetupInputCapture                             ./drivers/fsl_tpm.o
TPM_SetupOutputCompare                            ./drivers/fsl_tpm.o
TPM_SetupPwm                                      ./drivers/fsl_tpm.o
TPM_UpdateChnlEdgeLevelSelect                     ./drivers/fsl_tpm.o
TPM_UpdatePwmDutycycle                            ./drivers/fsl_tpm.o
TSI0_DriverIRQHandler                             ./startup/startup_mkl25z4.o
TSI0_IRQHandler                                   ./startup/startup_mkl25z4.o
UART0_DriverIRQHandler                            ./drivers/fsl_lpsci.o
                                                  ./startup/startup_mkl25z4.o
UART0_IRQHandler                                  ./startup/startup_mkl25z4.o
UART1_DriverIRQHandler                            ./drivers/fsl_uart.o
                                                  ./startup/startup_mkl25z4.o
UART1_IRQHandler                                  ./startup/startup_mkl25z4.o
UART1_RX_TX_DriverIRQHandler                      ./drivers/fsl_uart.o
UART2_DriverIRQHandler                            ./drivers/fsl_uart.o
                                                  ./startup/startup_mkl25z4.o
UART2_IRQHandler                                  ./startup/startup_mkl25z4.o
UART2_RX_TX_DriverIRQHandler                      ./drivers/fsl_uart.o
UART_ClearStatusFlags                             ./drivers/fsl_uart.o
UART_Deinit                                       ./drivers/fsl_uart.o
                                                  ./utilities/fsl_debug_console.o
UART_DisableInterrupts                            ./drivers/fsl_uart.o
UART_EnableInterrupts                             ./drivers/fsl_uart.o
UART_GetDefaultConfig                             ./drivers/fsl_uart.o
                                                  ./utilities/fsl_debug_console.o
UART_GetEnabledInterrupts                         ./drivers/fsl_uart.o
UART_GetInstance                                  ./drivers/fsl_uart.o
UART_GetStatusFlags                               ./drivers/fsl_uart.o
UART_Init                                         ./drivers/fsl_uart.o
                                                  ./utilities/fsl_debug_console.o
UART_ReadBlocking                                 ./drivers/fsl_uart.o
                                                  ./utilities/fsl_debug_console.o
UART_SetBaudRate                                  ./drivers/fsl_uart.o
UART_TransferAbortReceive                         ./drivers/fsl_uart.o
UART_TransferAbortSend                            ./drivers/fsl_uart.o
UART_TransferCreateHandle                         ./drivers/fsl_uart.o
UART_TransferGetReceiveCount                      ./drivers/fsl_uart.o
UART_TransferGetSendCount                         ./drivers/fsl_uart.o
UART_TransferHandleErrorIRQ                       ./drivers/fsl_uart.o
UART_TransferHandleIRQ                            ./drivers/fsl_uart.o
UART_TransferReceiveNonBlocking                   ./drivers/fsl_uart.o
UART_TransferSendNonBlocking                      ./drivers/fsl_uart.o
UART_TransferStartRingBuffer                      ./drivers/fsl_uart.o
UART_TransferStopRingBuffer                       ./drivers/fsl_uart.o
UART_WriteBlocking                                ./drivers/fsl_uart.o
                                                  ./utilities/fsl_debug_console.o
USB0_DriverIRQHandler                             ./startup/startup_mkl25z4.o
USB0_IRQHandler                                   ./startup/startup_mkl25z4.o
_Csys_alloc                                       /usr/local/mcuxpressoide-11.5.1_7266/ide/plugins/com.nxp.mcuxpresso.tools.linux_11.5.1.202201181444/tools/bin/../lib/gcc/arm-none-eabi/10.3.1/../../../../arm-none-eabi/lib/thumb/v6-m/nofp/libcr_c.a(alloc.o)
                                                  /usr/local/mcuxpressoide-11.5.1_7266/ide/plugins/com.nxp.mcuxpresso.tools.linux_11.5.1.202201181444/tools/bin/../lib/gcc/arm-none-eabi/10.3.1/../../../../arm-none-eabi/lib/thumb/v6-m/nofp/libcr_c.a(_deferredlazyseek.o)
_Cwritebuf                                        /usr/local/mcuxpressoide-11.5.1_7266/ide/plugins/com.nxp.mcuxpresso.tools.linux_11.5.1.202201181444/tools/bin/../lib/gcc/arm-none-eabi/10.3.1/../../../../arm-none-eabi/lib/thumb/v6-m/nofp/libcr_c.a(_writebuf.o)
                                                  /usr/local/mcuxpressoide-11.5.1_7266/ide/plugins/com.nxp.mcuxpresso.tools.linux_11.5.1.202201181444/tools/bin/../lib/gcc/arm-none-eabi/10.3.1/../../../../arm-none-eabi/lib/thumb/v6-m/nofp/libcr_c.a(_deferredlazyseek.o)
                                                  /usr/local/mcuxpressoide-11.5.1_7266/ide/plugins/com.nxp.mcuxpresso.tools.linux_11.5.1.202201181444/tools/bin/../lib/gcc/arm-none-eabi/10.3.1/../../../../arm-none-eabi/lib/thumb/v6-m/nofp/libcr_c.a(_fflush.o)
__Ciob                                            /usr/local/mcuxpressoide-11.5.1_7266/ide/plugins/com.nxp.mcuxpresso.tools.linux_11.5.1.202201181444/tools/bin/../lib/gcc/arm-none-eabi/10.3.1/../../../../arm-none-eabi/lib/thumb/v6-m/nofp/libcr_nohost_nf.a(__ciob.o)
                                                  /usr/local/mcuxpressoide-11.5.1_7266/ide/plugins/com.nxp.mcuxpresso.tools.linux_11.5.1.202201181444/tools/bin/../lib/gcc/arm-none-eabi/10.3.1/../../../../arm-none-eabi/lib/thumb/v6-m/nofp/libcr_c.a(fflush.o)
                                                  /usr/local/mcuxpressoide-11.5.1_7266/ide/plugins/com.nxp.mcuxpresso.tools.linux_11.5.1.202201181444/tools/bin/../lib/gcc/arm-none-eabi/10.3.1/../../../../arm-none-eabi/lib/thumb/v6-m/nofp/libcr_c.a(initio.o)
__RAM_VECTOR_TABLE_SIZE_BYTES                     ./drivers/fsl_common.o
__VECTOR_RAM                                      ./drivers/fsl_common.o
__VECTOR_TABLE                                    ./drivers/fsl_common.o
__Vectors                                         ./startup/startup_mkl25z4.o
__aeabi_idiv                                      /usr/local/mcuxpressoide-11.5.1_7266/ide/plugins/com.nxp.mcuxpresso.tools.linux_11.5.1.202201181444/tools/bin/../lib/gcc/arm-none-eabi/10.3.1/thumb/v6-m/nofp/libcr_eabihelpers.a(division_32.o)
                                                  ./drivers/fsl_tpm.o
                                                  ./utilities/fsl_debug_console.o
__aeabi_idiv0                                     /usr/local/mcuxpressoide-11.5.1_7266/ide/plugins/com.nxp.mcuxpresso.tools.linux_11.5.1.202201181444/tools/bin/../lib/gcc/arm-none-eabi/10.3.1/thumb/v6-m/nofp/libcr_eabihelpers.a(division_idiv0.o)
                                                  /usr/local/mcuxpressoide-11.5.1_7266/ide/plugins/com.nxp.mcuxpresso.tools.linux_11.5.1.202201181444/tools/bin/../lib/gcc/arm-none-eabi/10.3.1/thumb/v6-m/nofp/libcr_eabihelpers.a(division_32.o)
__aeabi_idivmod                                   /usr/local/mcuxpressoide-11.5.1_7266/ide/plugins/com.nxp.mcuxpresso.tools.linux_11.5.1.202201181444/tools/bin/../lib/gcc/arm-none-eabi/10.3.1/thumb/v6-m/nofp/libcr_eabihelpers.a(division_32.o)
__aeabi_lowlevel_memset                           /usr/local/mcuxpressoide-11.5.1_7266/ide/plugins/com.nxp.mcuxpresso.tools.linux_11.5.1.202201181444/tools/bin/../lib/gcc/arm-none-eabi/10.3.1/thumb/v6-m/nofp/libcr_eabihelpers.a(memcpy.o)
                                                  /usr/local/mcuxpressoide-11.5.1_7266/ide/plugins/com.nxp.mcuxpresso.tools.linux_11.5.1.202201181444/tools/bin/../lib/gcc/arm-none-eabi/10.3.1/../../../../arm-none-eabi/lib/thumb/v6-m/nofp/libcr_c.a(memset.o)
__aeabi_memclr                                    /usr/local/mcuxpressoide-11.5.1_7266/ide/plugins/com.nxp.mcuxpresso.tools.linux_11.5.1.202201181444/tools/bin/../lib/gcc/arm-none-eabi/10.3.1/thumb/v6-m/nofp/libcr_eabihelpers.a(memcpy.o)
__aeabi_memclr4                                   /usr/local/mcuxpressoide-11.5.1_7266/ide/plugins/com.nxp.mcuxpresso.tools.linux_11.5.1.202201181444/tools/bin/../lib/gcc/arm-none-eabi/10.3.1/thumb/v6-m/nofp/libcr_eabihelpers.a(memcpy.o)
__aeabi_memclr8                                   /usr/local/mcuxpressoide-11.5.1_7266/ide/plugins/com.nxp.mcuxpresso.tools.linux_11.5.1.202201181444/tools/bin/../lib/gcc/arm-none-eabi/10.3.1/thumb/v6-m/nofp/libcr_eabihelpers.a(memcpy.o)
__aeabi_memcpy                                    /usr/local/mcuxpressoide-11.5.1_7266/ide/plugins/com.nxp.mcuxpresso.tools.linux_11.5.1.202201181444/tools/bin/../lib/gcc/arm-none-eabi/10.3.1/thumb/v6-m/nofp/libcr_eabihelpers.a(memcpy.o)
                                                  /usr/local/mcuxpressoide-11.5.1_7266/ide/plugins/com.nxp.mcuxpresso.tools.linux_11.5.1.202201181444/tools/bin/../lib/gcc/arm-none-eabi/10.3.1/../../../../arm-none-eabi/lib/thumb/v6-m/nofp/libcr_c.a(memcpy.o)
__aeabi_memcpy4                                   /usr/local/mcuxpressoide-11.5.1_7266/ide/plugins/com.nxp.mcuxpresso.tools.linux_11.5.1.202201181444/tools/bin/../lib/gcc/arm-none-eabi/10.3.1/thumb/v6-m/nofp/libcr_eabihelpers.a(memcpy.o)
__aeabi_memcpy8                                   /usr/local/mcuxpressoide-11.5.1_7266/ide/plugins/com.nxp.mcuxpresso.tools.linux_11.5.1.202201181444/tools/bin/../lib/gcc/arm-none-eabi/10.3.1/thumb/v6-m/nofp/libcr_eabihelpers.a(memcpy.o)
__aeabi_memmove                                   /usr/local/mcuxpressoide-11.5.1_7266/ide/plugins/com.nxp.mcuxpresso.tools.linux_11.5.1.202201181444/tools/bin/../lib/gcc/arm-none-eabi/10.3.1/thumb/v6-m/nofp/libcr_eabihelpers.a(memcpy.o)
__aeabi_memmove4                                  /usr/local/mcuxpressoide-11.5.1_7266/ide/plugins/com.nxp.mcuxpresso.tools.linux_11.5.1.202201181444/tools/bin/../lib/gcc/arm-none-eabi/10.3.1/thumb/v6-m/nofp/libcr_eabihelpers.a(memcpy.o)
__aeabi_memmove8                                  /usr/local/mcuxpressoide-11.5.1_7266/ide/plugins/com.nxp.mcuxpresso.tools.linux_11.5.1.202201181444/tools/bin/../lib/gcc/arm-none-eabi/10.3.1/thumb/v6-m/nofp/libcr_eabihelpers.a(memcpy.o)
__aeabi_memset                                    /usr/local/mcuxpressoide-11.5.1_7266/ide/plugins/com.nxp.mcuxpresso.tools.linux_11.5.1.202201181444/tools/bin/../lib/gcc/arm-none-eabi/10.3.1/thumb/v6-m/nofp/libcr_eabihelpers.a(memcpy.o)
__aeabi_memset4                                   /usr/local/mcuxpressoide-11.5.1_7266/ide/plugins/com.nxp.mcuxpresso.tools.linux_11.5.1.202201181444/tools/bin/../lib/gcc/arm-none-eabi/10.3.1/thumb/v6-m/nofp/libcr_eabihelpers.a(memcpy.o)
__aeabi_memset8                                   /usr/local/mcuxpressoide-11.5.1_7266/ide/plugins/com.nxp.mcuxpresso.tools.linux_11.5.1.202201181444/tools/bin/../lib/gcc/arm-none-eabi/10.3.1/thumb/v6-m/nofp/libcr_eabihelpers.a(memcpy.o)
__aeabi_uidiv                                     /usr/local/mcuxpressoide-11.5.1_7266/ide/plugins/com.nxp.mcuxpresso.tools.linux_11.5.1.202201181444/tools/bin/../lib/gcc/arm-none-eabi/10.3.1/thumb/v6-m/nofp/libcr_eabihelpers.a(division_32.o)
                                                  ./CMSIS/system_MKL25Z4.o
                                                  ./drivers/fsl_uart.o
                                                  ./drivers/fsl_tpm.o
                                                  ./drivers/fsl_rtc.o
                                                  ./drivers/fsl_lpsci.o
                                                  ./drivers/fsl_flash.o
                                                  ./drivers/fsl_clock.o
                                                  ./utilities/fsl_debug_console.o
__aeabi_uidivmod                                  /usr/local/mcuxpressoide-11.5.1_7266/ide/plugins/com.nxp.mcuxpresso.tools.linux_11.5.1.202201181444/tools/bin/../lib/gcc/arm-none-eabi/10.3.1/thumb/v6-m/nofp/libcr_eabihelpers.a(division_32.o)
                                                  ./drivers/fsl_rtc.o
                                                  ./drivers/fsl_flash.o
__assertion_failed                                ./drivers/fsl_common.o
                                                  ./drivers/fsl_uart.o
                                                  ./drivers/fsl_tpm.o
                                                  ./drivers/fsl_rtc.o
                                                  ./drivers/fsl_pit.o
                                                  ./drivers/fsl_lptmr.o
                                                  ./drivers/fsl_lpsci.o
                                                  ./drivers/fsl_gpio.o
                                                  ./drivers/fsl_clock.o
__bss_section_table_end                           ./startup/startup_mkl25z4.o
__check_heap_overflow                             /usr/local/mcuxpressoide-11.5.1_7266/ide/plugins/com.nxp.mcuxpresso.tools.linux_11.5.1.202201181444/tools/bin/../lib/gcc/arm-none-eabi/10.3.1/../../../../arm-none-eabi/lib/thumb/v6-m/nofp/libcr_c.a(_cr_check_heap.o)
                                                  /usr/local/mcuxpressoide-11.5.1_7266/ide/plugins/com.nxp.mcuxpresso.tools.linux_11.5.1.202201181444/tools/bin/../lib/gcc/arm-none-eabi/10.3.1/../../../../arm-none-eabi/lib/thumb/v6-m/nofp/libcr_c.a(_cr_sbrk.o)
__data_section_table                              ./startup/startup_mkl25z4.o
__data_section_table_end                          ./startup/startup_mkl25z4.o
__end_of_heap                                     /usr/local/mcuxpressoide-11.5.1_7266/ide/plugins/com.nxp.mcuxpresso.tools.linux_11.5.1.202201181444/tools/bin/../lib/gcc/arm-none-eabi/10.3.1/../../../../arm-none-eabi/lib/thumb/v6-m/nofp/libcr_c.a(__init_alloc.o)
                                                  /usr/local/mcuxpressoide-11.5.1_7266/ide/plugins/com.nxp.mcuxpresso.tools.linux_11.5.1.202201181444/tools/bin/../lib/gcc/arm-none-eabi/10.3.1/../../../../arm-none-eabi/lib/thumb/v6-m/nofp/libcr_c.a(_cr_sbrk.o)
__exit                                            /usr/local/mcuxpressoide-11.5.1_7266/ide/plugins/com.nxp.mcuxpresso.tools.linux_11.5.1.202201181444/tools/bin/../lib/gcc/arm-none-eabi/10.3.1/../../../../arm-none-eabi/lib/thumb/v6-m/nofp/libcr_nohost_nf.a(__sys_appexit.o)
__flsbuf                                          /usr/local/mcuxpressoide-11.5.1_7266/ide/plugins/com.nxp.mcuxpresso.tools.linux_11.5.1.202201181444/tools/bin/../lib/gcc/arm-none-eabi/10.3.1/../../../../arm-none-eabi/lib/thumb/v6-m/nofp/libcr_c.a(_deferredlazyseek.o)
__heaps                                           /usr/local/mcuxpressoide-11.5.1_7266/ide/plugins/com.nxp.mcuxpresso.tools.linux_11.5.1.202201181444/tools/bin/../lib/gcc/arm-none-eabi/10.3.1/../../../../arm-none-eabi/lib/thumb/v6-m/nofp/libcr_c.a(__init_alloc.o)
                                                  /usr/local/mcuxpressoide-11.5.1_7266/ide/plugins/com.nxp.mcuxpresso.tools.linux_11.5.1.202201181444/tools/bin/../lib/gcc/arm-none-eabi/10.3.1/../../../../arm-none-eabi/lib/thumb/v6-m/nofp/libcr_c.a(alloc.o)
__main                                            /usr/local/mcuxpressoide-11.5.1_7266/ide/plugins/com.nxp.mcuxpresso.tools.linux_11.5.1.202201181444/tools/bin/../lib/gcc/arm-none-eabi/10.3.1/../../../../arm-none-eabi/lib/thumb/v6-m/nofp/libcr_nohost_nf.a(_cr__main.o)
                                                  ./startup/startup_mkl25z4.o
__mtb_buffer__                                    ./source/mtb.o
__num_Ciob_streams                                /usr/local/mcuxpressoide-11.5.1_7266/ide/plugins/com.nxp.mcuxpresso.tools.linux_11.5.1.202201181444/tools/bin/../lib/gcc/arm-none-eabi/10.3.1/../../../../arm-none-eabi/lib/thumb/v6-m/nofp/libcr_nohost_nf.a(__ciob.o)
                                                  /usr/local/mcuxpressoide-11.5.1_7266/ide/plugins/com.nxp.mcuxpresso.tools.linux_11.5.1.202201181444/tools/bin/../lib/gcc/arm-none-eabi/10.3.1/../../../../arm-none-eabi/lib/thumb/v6-m/nofp/libcr_c.a(fflush.o)
                                                  /usr/local/mcuxpressoide-11.5.1_7266/ide/plugins/com.nxp.mcuxpresso.tools.linux_11.5.1.202201181444/tools/bin/../lib/gcc/arm-none-eabi/10.3.1/../../../../arm-none-eabi/lib/thumb/v6-m/nofp/libcr_c.a(initio.o)
__sys_appexit                                     /usr/local/mcuxpressoide-11.5.1_7266/ide/plugins/com.nxp.mcuxpresso.tools.linux_11.5.1.202201181444/tools/bin/../lib/gcc/arm-none-eabi/10.3.1/../../../../arm-none-eabi/lib/thumb/v6-m/nofp/libcr_nohost_nf.a(__sys_appexit.o)
                                                  /usr/local/mcuxpressoide-11.5.1_7266/ide/plugins/com.nxp.mcuxpresso.tools.linux_11.5.1.202201181444/tools/bin/../lib/gcc/arm-none-eabi/10.3.1/../../../../arm-none-eabi/lib/thumb/v6-m/nofp/libcr_c.a(alloc.o)
__sys_close                                       /usr/local/mcuxpressoide-11.5.1_7266/ide/plugins/com.nxp.mcuxpresso.tools.linux_11.5.1.202201181444/tools/bin/../lib/gcc/arm-none-eabi/10.3.1/../../../../arm-none-eabi/lib/thumb/v6-m/nofp/libcr_nohost_nf.a(__sys_close.o)
                                                  /usr/local/mcuxpressoide-11.5.1_7266/ide/plugins/com.nxp.mcuxpresso.tools.linux_11.5.1.202201181444/tools/bin/../lib/gcc/arm-none-eabi/10.3.1/../../../../arm-none-eabi/lib/thumb/v6-m/nofp/libcr_c.a(fclose.o)
__sys_flen                                        /usr/local/mcuxpressoide-11.5.1_7266/ide/plugins/com.nxp.mcuxpresso.tools.linux_11.5.1.202201181444/tools/bin/../lib/gcc/arm-none-eabi/10.3.1/../../../../arm-none-eabi/lib/thumb/v6-m/nofp/libcr_nohost_nf.a(__sys_flen.o)
                                                  /usr/local/mcuxpressoide-11.5.1_7266/ide/plugins/com.nxp.mcuxpresso.tools.linux_11.5.1.202201181444/tools/bin/../lib/gcc/arm-none-eabi/10.3.1/../../../../arm-none-eabi/lib/thumb/v6-m/nofp/libcr_c.a(_writebuf.o)
                                                  /usr/local/mcuxpressoide-11.5.1_7266/ide/plugins/com.nxp.mcuxpresso.tools.linux_11.5.1.202201181444/tools/bin/../lib/gcc/arm-none-eabi/10.3.1/../../../../arm-none-eabi/lib/thumb/v6-m/nofp/libcr_c.a(fseek.o)
__sys_istty                                       /usr/local/mcuxpressoide-11.5.1_7266/ide/plugins/com.nxp.mcuxpresso.tools.linux_11.5.1.202201181444/tools/bin/../lib/gcc/arm-none-eabi/10.3.1/../../../../arm-none-eabi/lib/thumb/v6-m/nofp/libcr_nohost_nf.a(__sys_istty.o)
                                                  /usr/local/mcuxpressoide-11.5.1_7266/ide/plugins/com.nxp.mcuxpresso.tools.linux_11.5.1.202201181444/tools/bin/../lib/gcc/arm-none-eabi/10.3.1/../../../../arm-none-eabi/lib/thumb/v6-m/nofp/libcr_c.a(_deferredlazyseek.o)
                                                  /usr/local/mcuxpressoide-11.5.1_7266/ide/plugins/com.nxp.mcuxpresso.tools.linux_11.5.1.202201181444/tools/bin/../lib/gcc/arm-none-eabi/10.3.1/../../../../arm-none-eabi/lib/thumb/v6-m/nofp/libcr_c.a(fseek.o)
__sys_remove                                      /usr/local/mcuxpressoide-11.5.1_7266/ide/plugins/com.nxp.mcuxpresso.tools.linux_11.5.1.202201181444/tools/bin/../lib/gcc/arm-none-eabi/10.3.1/../../../../arm-none-eabi/lib/thumb/v6-m/nofp/libcr_nohost_nf.a(__sys_remove.o)
                                                  /usr/local/mcuxpressoide-11.5.1_7266/ide/plugins/com.nxp.mcuxpresso.tools.linux_11.5.1.202201181444/tools/bin/../lib/gcc/arm-none-eabi/10.3.1/../../../../arm-none-eabi/lib/thumb/v6-m/nofp/libcr_c.a(remove.o)
__sys_rename                                      /usr/local/mcuxpressoide-11.5.1_7266/ide/plugins/com.nxp.mcuxpresso.tools.linux_11.5.1.202201181444/tools/bin/../lib/gcc/arm-none-eabi/10.3.1/../../../../arm-none-eabi/lib/thumb/v6-m/nofp/libcr_nohost_nf.a(__sys_rename.o)
                                                  /usr/local/mcuxpressoide-11.5.1_7266/ide/plugins/com.nxp.mcuxpresso.tools.linux_11.5.1.202201181444/tools/bin/../lib/gcc/arm-none-eabi/10.3.1/../../../../arm-none-eabi/lib/thumb/v6-m/nofp/libcr_c.a(remove.o)